Archive member included to satisfy reference by file (symbol)

d:/gcc-arm-none-eabi/bin/../lib/gcc/arm-none-eabi/10.3.1/thumb/v7-m/nofp\libgcc.a(_arm_mulsf3.o)
                              CMakeFiles/debugger-code.elf.dir/Core/Src/main.c.obj (__aeabi_fmul)
d:/gcc-arm-none-eabi/bin/../lib/gcc/arm-none-eabi/10.3.1/thumb/v7-m/nofp\libgcc.a(_arm_addsubsf3.o)
                              CMakeFiles/debugger-code.elf.dir/Core/Src/main.c.obj (__aeabi_fsub)
d:/gcc-arm-none-eabi/bin/../lib/gcc/arm-none-eabi/10.3.1/thumb/v7-m/nofp\libgcc.a(_arm_muldivsf3.o)
                              CMakeFiles/debugger-code.elf.dir/devices/xpt2046.c.obj (__aeabi_fdiv)
d:/gcc-arm-none-eabi/bin/../lib/gcc/arm-none-eabi/10.3.1/thumb/v7-m/nofp\libgcc.a(_arm_cmpsf2.o)
                              CMakeFiles/debugger-code.elf.dir/Core/Src/pid.c.obj (__aeabi_fcmpeq)
d:/gcc-arm-none-eabi/bin/../lib/gcc/arm-none-eabi/10.3.1/thumb/v7-m/nofp\libgcc.a(_arm_fixsfsi.o)
                              CMakeFiles/debugger-code.elf.dir/Core/Src/motor.c.obj (__aeabi_f2iz)
d:/gcc-arm-none-eabi/bin/../lib/gcc/arm-none-eabi/10.3.1/thumb/v7-m/nofp\libgcc.a(_arm_fixunssfsi.o)
                              CMakeFiles/debugger-code.elf.dir/Core/Src/main.c.obj (__aeabi_f2uiz)
d:/gcc-arm-none-eabi/bin/../lib/gcc/arm-none-eabi/10.3.1/../../../../arm-none-eabi/lib/thumb/v7-m/nofp\libg.a(lib_a-errno.o)
                              CMakeFiles/debugger-code.elf.dir/Core/Src/retarget.c.obj (__errno)
d:/gcc-arm-none-eabi/bin/../lib/gcc/arm-none-eabi/10.3.1/../../../../arm-none-eabi/lib/thumb/v7-m/nofp\libg.a(lib_a-exit.o)
                              d:/gcc-arm-none-eabi/bin/../lib/gcc/arm-none-eabi/10.3.1/../../../../arm-none-eabi/lib/thumb/v7-m/nofp/crt0.o (exit)
d:/gcc-arm-none-eabi/bin/../lib/gcc/arm-none-eabi/10.3.1/../../../../arm-none-eabi/lib/thumb/v7-m/nofp\libg.a(lib_a-impure.o)
                              d:/gcc-arm-none-eabi/bin/../lib/gcc/arm-none-eabi/10.3.1/../../../../arm-none-eabi/lib/thumb/v7-m/nofp\libg.a(lib_a-exit.o) (_global_impure_ptr)
d:/gcc-arm-none-eabi/bin/../lib/gcc/arm-none-eabi/10.3.1/../../../../arm-none-eabi/lib/thumb/v7-m/nofp\libg.a(lib_a-init.o)
                              d:/gcc-arm-none-eabi/bin/../lib/gcc/arm-none-eabi/10.3.1/../../../../arm-none-eabi/lib/thumb/v7-m/nofp/crt0.o (__libc_init_array)
d:/gcc-arm-none-eabi/bin/../lib/gcc/arm-none-eabi/10.3.1/../../../../arm-none-eabi/lib/thumb/v7-m/nofp\libg.a(lib_a-memset.o)
                              d:/gcc-arm-none-eabi/bin/../lib/gcc/arm-none-eabi/10.3.1/../../../../arm-none-eabi/lib/thumb/v7-m/nofp/crt0.o (memset)
d:/gcc-arm-none-eabi/bin/../lib/gcc/arm-none-eabi/10.3.1/../../../../arm-none-eabi/lib/thumb/v7-m/nofp\libg.a(lib_a-printf.o)
                              CMakeFiles/debugger-code.elf.dir/Core/Src/main.c.obj (printf)
d:/gcc-arm-none-eabi/bin/../lib/gcc/arm-none-eabi/10.3.1/../../../../arm-none-eabi/lib/thumb/v7-m/nofp\libg.a(lib_a-setvbuf.o)
                              CMakeFiles/debugger-code.elf.dir/Core/Src/retarget.c.obj (setvbuf)
d:/gcc-arm-none-eabi/bin/../lib/gcc/arm-none-eabi/10.3.1/../../../../arm-none-eabi/lib/thumb/v7-m/nofp\libg.a(lib_a-strcpy.o)
                              CMakeFiles/debugger-code.elf.dir/GUI/gui_label.c.obj (strcpy)
d:/gcc-arm-none-eabi/bin/../lib/gcc/arm-none-eabi/10.3.1/../../../../arm-none-eabi/lib/thumb/v7-m/nofp\libg.a(lib_a-strlen-stub.o)
                              CMakeFiles/debugger-code.elf.dir/GUI/gui_button.c.obj (strlen)
d:/gcc-arm-none-eabi/bin/../lib/gcc/arm-none-eabi/10.3.1/../../../../arm-none-eabi/lib/thumb/v7-m/nofp\libg.a(lib_a-vfprintf.o)
                              d:/gcc-arm-none-eabi/bin/../lib/gcc/arm-none-eabi/10.3.1/../../../../arm-none-eabi/lib/thumb/v7-m/nofp\libg.a(lib_a-printf.o) (_vfprintf_r)
d:/gcc-arm-none-eabi/bin/../lib/gcc/arm-none-eabi/10.3.1/../../../../arm-none-eabi/lib/thumb/v7-m/nofp\libg.a(lib_a-vsnprintf.o)
                              CMakeFiles/debugger-code.elf.dir/GUI/gui_base.c.obj (vsnprintf)
d:/gcc-arm-none-eabi/bin/../lib/gcc/arm-none-eabi/10.3.1/../../../../arm-none-eabi/lib/thumb/v7-m/nofp\libg.a(lib_a-wsetup.o)
                              d:/gcc-arm-none-eabi/bin/../lib/gcc/arm-none-eabi/10.3.1/../../../../arm-none-eabi/lib/thumb/v7-m/nofp\libg.a(lib_a-vfprintf.o) (__swsetup_r)
d:/gcc-arm-none-eabi/bin/../lib/gcc/arm-none-eabi/10.3.1/../../../../arm-none-eabi/lib/thumb/v7-m/nofp\libg.a(lib_a-__call_atexit.o)
                              d:/gcc-arm-none-eabi/bin/../lib/gcc/arm-none-eabi/10.3.1/../../../../arm-none-eabi/lib/thumb/v7-m/nofp\libg.a(lib_a-exit.o) (__call_exitprocs)
d:/gcc-arm-none-eabi/bin/../lib/gcc/arm-none-eabi/10.3.1/../../../../arm-none-eabi/lib/thumb/v7-m/nofp\libg.a(lib_a-atexit.o)
                              d:/gcc-arm-none-eabi/bin/../lib/gcc/arm-none-eabi/10.3.1/../../../../arm-none-eabi/lib/thumb/v7-m/nofp\libg.a(lib_a-__call_atexit.o) (atexit)
[...]
Memory Configuration

Name             Origin             Length             Attributes
RAM              0x20000000         0x0000c000         xrw
FLASH            0x08000000         0x00040000         xr
*default*        0x00000000         0xffffffff

Linker script and memory map

LOAD d:/gcc-arm-none-eabi/bin/../lib/gcc/arm-none-eabi/10.3.1/thumb/v7-m/nofp/crti.o
LOAD d:/gcc-arm-none-eabi/bin/../lib/gcc/arm-none-eabi/10.3.1/thumb/v7-m/nofp/crtbegin.o
LOAD d:/gcc-arm-none-eabi/bin/../lib/gcc/arm-none-eabi/10.3.1/../../../../arm-none-eabi/lib/thumb/v7-m/nofp/crt0.o
LOAD CMakeFiles/debugger-code.elf.dir/Core/Src/can.c.obj
LOAD CMakeFiles/debugger-code.elf.dir/Core/Src/delay.c.obj
LOAD CMakeFiles/debugger-code.elf.dir/Core/Src/dma.c.obj
LOAD CMakeFiles/debugger-code.elf.dir/Core/Src/gpio.c.obj
LOAD CMakeFiles/debugger-code.elf.dir/Core/Src/image.c.obj
LOAD CMakeFiles/debugger-code.elf.dir/Core/Src/key.c.obj
LOAD CMakeFiles/debugger-code.elf.dir/Core/Src/main.c.obj
LOAD CMakeFiles/debugger-code.elf.dir/Core/Src/motor.c.obj
LOAD CMakeFiles/debugger-code.elf.dir/Core/Src/pid.c.obj
LOAD CMakeFiles/debugger-code.elf.dir/Core/Src/retarget.c.obj
LOAD CMakeFiles/debugger-code.elf.dir/Core/Src/spi.c.obj
LOAD CMakeFiles/debugger-code.elf.dir/Core/Src/stm32f1xx_hal_msp.c.obj
LOAD CMakeFiles/debugger-code.elf.dir/Core/Src/stm32f1xx_it.c.obj
LOAD CMakeFiles/debugger-code.elf.dir/Core/Src/syscalls.c.obj
LOAD CMakeFiles/debugger-code.elf.dir/Core/Src/sysmem.c.obj
LOAD CMakeFiles/debugger-code.elf.dir/Core/Src/system_stm32f1xx.c.obj
LOAD CMakeFiles/debugger-code.elf.dir/Core/Src/tim.c.obj
LOAD CMakeFiles/debugger-code.elf.dir/Core/Src/ui.c.obj
LOAD CMakeFiles/debugger-code.elf.dir/Core/Src/usart.c.obj
LOAD CMakeFiles/debugger-code.elf.dir/Core/Startup/startup_stm32f103rctx.s.obj
LOAD CMakeFiles/debugger-code.elf.dir/Drivers/STM32F1xx_HAL_Driver/Src/stm32f1xx_hal.c.obj
LOAD CMakeFiles/debugger-code.elf.dir/Drivers/STM32F1xx_HAL_Driver/Src/stm32f1xx_hal_can.c.obj
LOAD CMakeFiles/debugger-code.elf.dir/Drivers/STM32F1xx_HAL_Driver/Src/stm32f1xx_hal_cortex.c.obj
LOAD CMakeFiles/debugger-code.elf.dir/Drivers/STM32F1xx_HAL_Driver/Src/stm32f1xx_hal_dma.c.obj
LOAD CMakeFiles/debugger-code.elf.dir/Drivers/STM32F1xx_HAL_Driver/Src/stm32f1xx_hal_exti.c.obj
LOAD CMakeFiles/debugger-code.elf.dir/Drivers/STM32F1xx_HAL_Driver/Src/stm32f1xx_hal_flash.c.obj
LOAD CMakeFiles/debugger-code.elf.dir/Drivers/STM32F1xx_HAL_Driver/Src/stm32f1xx_hal_flash_ex.c.obj
LOAD CMakeFiles/debugger-code.elf.dir/Drivers/STM32F1xx_HAL_Driver/Src/stm32f1xx_hal_gpio.c.obj
LOAD CMakeFiles/debugger-code.elf.dir/Drivers/STM32F1xx_HAL_Driver/Src/stm32f1xx_hal_gpio_ex.c.obj
LOAD CMakeFiles/debugger-code.elf.dir/Drivers/STM32F1xx_HAL_Driver/Src/stm32f1xx_hal_pwr.c.obj
LOAD CMakeFiles/debugger-code.elf.dir/Drivers/STM32F1xx_HAL_Driver/Src/stm32f1xx_hal_rcc.c.obj
LOAD CMakeFiles/debugger-code.elf.dir/Drivers/STM32F1xx_HAL_Driver/Src/stm32f1xx_hal_rcc_ex.c.obj
LOAD CMakeFiles/debugger-code.elf.dir/Drivers/STM32F1xx_HAL_Driver/Src/stm32f1xx_hal_spi.c.obj
LOAD CMakeFiles/debugger-code.elf.dir/Drivers/STM32F1xx_HAL_Driver/Src/stm32f1xx_hal_tim.c.obj
LOAD CMakeFiles/debugger-code.elf.dir/Drivers/STM32F1xx_HAL_Driver/Src/stm32f1xx_hal_tim_ex.c.obj
LOAD CMakeFiles/debugger-code.elf.dir/Drivers/STM32F1xx_HAL_Driver/Src/stm32f1xx_hal_uart.c.obj
LOAD CMakeFiles/debugger-code.elf.dir/GUI/gui_base.c.obj
LOAD CMakeFiles/debugger-code.elf.dir/GUI/gui_button.c.obj
LOAD CMakeFiles/debugger-code.elf.dir/GUI/gui_label.c.obj
LOAD CMakeFiles/debugger-code.elf.dir/devices/lcd_init.c.obj
LOAD CMakeFiles/debugger-code.elf.dir/devices/xpt2046.c.obj
LOAD CMakeFiles/debugger-code.elf.dir/forms/main_forms.c.obj
LOAD CMakeFiles/debugger-code.elf.dir/forms/suscap_debuger_forms.c.obj
START GROUP
LOAD d:/gcc-arm-none-eabi/bin/../lib/gcc/arm-none-eabi/10.3.1/thumb/v7-m/nofp\libgcc.a
LOAD d:/gcc-arm-none-eabi/bin/../lib/gcc/arm-none-eabi/10.3.1/../../../../arm-none-eabi/lib/thumb/v7-m/nofp\libg.a
LOAD d:/gcc-arm-none-eabi/bin/../lib/gcc/arm-none-eabi/10.3.1/../../../../arm-none-eabi/lib/thumb/v7-m/nofp\libc.a
END GROUP
LOAD d:/gcc-arm-none-eabi/bin/../lib/gcc/arm-none-eabi/10.3.1/thumb/v7-m/nofp/crtend.o
LOAD d:/gcc-arm-none-eabi/bin/../lib/gcc/arm-none-eabi/10.3.1/thumb/v7-m/nofp/crtn.o
                0x2000c000                _estack = (ORIGIN (RAM) + LENGTH (RAM))
                0x00000200                _Min_Heap_Size = 0x200
                0x00000400                _Min_Stack_Size = 0x400

.isr_vector     0x08000000      0x1e4
                0x08000000                . = ALIGN (0x4)
 *(.isr_vector)
 .isr_vector    0x08000000      0x1e4 CMakeFiles/debugger-code.elf.dir/Core/Startup/startup_stm32f103rctx.s.obj
                0x08000000                g_pfnVectors
                0x080001e4                . = ALIGN (0x4)

.text           0x080001e8     0xd770
                0x080001e8                . = ALIGN (0x4)
 *(.text)
 .text          0x080001e8       0x40 d:/gcc-arm-none-eabi/bin/../lib/gcc/arm-none-eabi/10.3.1/thumb/v7-m/nofp/crtbegin.o
 .text          0x08000228      0x21c d:/gcc-arm-none-eabi/bin/../lib/gcc/arm-none-eabi/10.3.1/thumb/v7-m/nofp\libgcc.a(_arm_addsubsf3.o)
                0x08000228                __aeabi_frsub
                0x08000230                __subsf3
                0x08000230                __aeabi_fsub
                0x08000234                __aeabi_fadd
                0x08000234                __addsf3
                0x08000394                __aeabi_ui2f
                0x08000394                __floatunsisf
                0x0800039c                __aeabi_i2f
                0x0800039c                __floatsisf
                0x080003b8                __aeabi_ul2f
                0x080003b8                __floatundisf
                0x080003c8                __aeabi_l2f
                0x080003c8                __floatdisf
 .text          0x08000444      0x2a0 d:/gcc-arm-none-eabi/bin/../lib/gcc/arm-none-eabi/10.3.1/thumb/v7-m/nofp\libgcc.a(_arm_muldivsf3.o)
                0x08000444                __mulsf3
                0x08000444                __aeabi_fmul
                0x080005ac                __aeabi_fdiv
                0x080005ac                __divsf3
 .text          0x080006e4       0x40 d:/gcc-arm-none-eabi/bin/../lib/gcc/arm-none-eabi/10.3.1/thumb/v7-m/nofp\libgcc.a(_arm_fixunssfsi.o)
                0x080006e4                __fixunssfsi
                0x080006e4                __aeabi_f2uiz
 .text          0x08000724       0xec d:/gcc-arm-none-eabi/bin/../lib/gcc/arm-none-eabi/10.3.1/../../../../arm-none-eabi/lib/thumb/v7-m/nofp\libg.a(lib_a-memcpy.o)
                0x08000724                memcpy
 .text          0x08000810      0x378 d:/gcc-arm-none-eabi/bin/../lib/gcc/arm-none-eabi/10.3.1/thumb/v7-m/nofp\libgcc.a(_arm_addsubdf3.o)
                0x08000810                __aeabi_drsub
                0x08000818                __aeabi_dsub
                0x08000818                __subdf3
                0x0800081c                __aeabi_dadd
                0x0800081c                __adddf3
                0x08000a94                __floatunsidf
                0x08000a94                __aeabi_ui2d
                0x08000ab4                __floatsidf
                0x08000ab4                __aeabi_i2d
                0x08000ad8                __aeabi_f2d
                0x08000ad8                __extendsfdf2
                0x08000b1c                __floatundidf
                0x08000b1c                __aeabi_ul2d
                0x08000b2c                __floatdidf
                0x08000b2c                __aeabi_l2d
 .text          0x08000b88      0x424 d:/gcc-arm-none-eabi/bin/../lib/gcc/arm-none-eabi/10.3.1/thumb/v7-m/nofp\libgcc.a(_arm_muldivdf3.o)
                0x08000b88                __aeabi_dmul
                0x08000b88                __muldf3
                0x08000ddc                __divdf3
                0x08000ddc                __aeabi_ddiv
 .text          0x08000fac      0x110 d:/gcc-arm-none-eabi/bin/../lib/gcc/arm-none-eabi/10.3.1/thumb/v7-m/nofp\libgcc.a(_arm_cmpdf2.o)
                0x08000fac                __gtdf2
                0x08000fac                __gedf2
                0x08000fb4                __ltdf2
                0x08000fb4                __ledf2
                0x08000fbc                __nedf2
                0x08000fbc                __eqdf2
                0x08000fbc                __cmpdf2
                0x08001038                __aeabi_cdrcmple
                0x08001048                __aeabi_cdcmpeq
                0x08001048                __aeabi_cdcmple
                0x08001058                __aeabi_dcmpeq
                0x0800106c                __aeabi_dcmplt
                0x08001080                __aeabi_dcmple
                0x08001094                __aeabi_dcmpge
                0x080010a8                __aeabi_dcmpgt
 .text          0x080010bc       0x2c d:/gcc-arm-none-eabi/bin/../lib/gcc/arm-none-eabi/10.3.1/thumb/v7-m/nofp\libgcc.a(_arm_unorddf2.o)
                0x080010bc                __unorddf2
                0x080010bc                __aeabi_dcmpun
 .text          0x080010e8       0x50 d:/gcc-arm-none-eabi/bin/../lib/gcc/arm-none-eabi/10.3.1/thumb/v7-m/nofp\libgcc.a(_arm_fixdfsi.o)
                0x080010e8                __aeabi_d2iz
                0x080010e8                __fixdfsi
 .text          0x08001138       0x30 d:/gcc-arm-none-eabi/bin/../lib/gcc/arm-none-eabi/10.3.1/thumb/v7-m/nofp\libgcc.a(_aeabi_uldivmod.o)
                0x08001138                __aeabi_uldivmod
 .text          0x08001168      0x2d4 d:/gcc-arm-none-eabi/bin/../lib/gcc/arm-none-eabi/10.3.1/thumb/v7-m/nofp\libgcc.a(_udivmoddi4.o)
                0x08001168                __udivmoddi4
 .text          0x0800143c        0x4 d:/gcc-arm-none-eabi/bin/../lib/gcc/arm-none-eabi/10.3.1/thumb/v7-m/nofp\libgcc.a(_dvmd_tls.o)
                0x0800143c                __aeabi_idiv0
                0x0800143c                __aeabi_ldiv0
 *(.text*)
 .text.MX_CAN_Init
                0x08001440       0x3c CMakeFiles/debugger-code.elf.dir/Core/Src/can.c.obj
                0x08001440                MX_CAN_Init
 .text.HAL_CAN_MspInit
                0x0800147c       0x98 CMakeFiles/debugger-code.elf.dir/Core/Src/can.c.obj
                0x0800147c                HAL_CAN_MspInit
 .text.delayus  0x08001514       0x50 CMakeFiles/debugger-code.elf.dir/Core/Src/delay.c.obj
                0x08001514                delayus
 .text.MX_DMA_Init
                0x08001564       0x34 CMakeFiles/debugger-code.elf.dir/Core/Src/dma.c.obj
                0x08001564                MX_DMA_Init
 .text.MX_GPIO_Init
                0x08001598       0xec CMakeFiles/debugger-code.elf.dir/Core/Src/gpio.c.obj
                0x08001598                MX_GPIO_Init
 .text.Enter_Key
                0x08001684       0x58 CMakeFiles/debugger-code.elf.dir/Core/Src/key.c.obj
                0x08001684                Enter_Key
 .text.HAL_TIM_PeriodElapsedCallback
                0x080016dc       0x30 CMakeFiles/debugger-code.elf.dir/Core/Src/main.c.obj
                0x080016dc                HAL_TIM_PeriodElapsedCallback
 .text.Error_Handler
                0x0800170c        0x4 CMakeFiles/debugger-code.elf.dir/Core/Src/main.c.obj
                0x0800170c                Error_Handler
 .text.SystemClock_Config
                0x08001710       0x64 CMakeFiles/debugger-code.elf.dir/Core/Src/main.c.obj
                0x08001710                SystemClock_Config
 .text.main     0x08001774      0x178 CMakeFiles/debugger-code.elf.dir/Core/Src/main.c.obj
                0x08001774                main
 .text.can_init
                0x080018ec       0x3c CMakeFiles/debugger-code.elf.dir/Core/Src/motor.c.obj
                0x080018ec                can_init
 .text.CAN_Id_Sort
                0x08001928       0x3c CMakeFiles/debugger-code.elf.dir/Core/Src/motor.c.obj
                0x08001928                CAN_Id_Sort
 .text.HAL_CAN_RxFifo0MsgPendingCallback
                0x08001964       0x90 CMakeFiles/debugger-code.elf.dir/Core/Src/motor.c.obj
                0x08001964                HAL_CAN_RxFifo0MsgPendingCallback
 .text.RetargetInit
                0x080019f4       0x20 CMakeFiles/debugger-code.elf.dir/Core/Src/retarget.c.obj
                0x080019f4                RetargetInit
 .text._close   0x08001a14       0x18 CMakeFiles/debugger-code.elf.dir/Core/Src/retarget.c.obj
                0x08001a14                _close
 .text._isatty  0x08001a2c       0x16 CMakeFiles/debugger-code.elf.dir/Core/Src/retarget.c.obj
                0x08001a2c                _isatty
 *fill*         0x08001a42        0x2 
 .text._write   0x08001a44       0x34 CMakeFiles/debugger-code.elf.dir/Core/Src/retarget.c.obj
                0x08001a44                _write
 .text._lseek   0x08001a78       0x10 CMakeFiles/debugger-code.elf.dir/Core/Src/retarget.c.obj
                0x08001a78                _lseek
 .text._read    0x08001a88       0x30 CMakeFiles/debugger-code.elf.dir/Core/Src/retarget.c.obj
                0x08001a88                _read
 .text._fstat   0x08001ab8       0x1a CMakeFiles/debugger-code.elf.dir/Core/Src/retarget.c.obj
                0x08001ab8                _fstat
 *fill*         0x08001ad2        0x2 
 .text.MX_SPI1_Init
                0x08001ad4       0x44 CMakeFiles/debugger-code.elf.dir/Core/Src/spi.c.obj
                0x08001ad4                MX_SPI1_Init
 .text.MX_SPI2_Init
                0x08001b18       0x40 CMakeFiles/debugger-code.elf.dir/Core/Src/spi.c.obj
                0x08001b18                MX_SPI2_Init
 .text.MX_SPI3_Init
                0x08001b58       0x40 CMakeFiles/debugger-code.elf.dir/Core/Src/spi.c.obj
                0x08001b58                MX_SPI3_Init
 .text.HAL_SPI_MspInit
                0x08001b98      0x178 CMakeFiles/debugger-code.elf.dir/Core/Src/spi.c.obj
                0x08001b98                HAL_SPI_MspInit
 .text.HAL_MspInit
                0x08001d10       0x44 CMakeFiles/debugger-code.elf.dir/Core/Src/stm32f1xx_hal_msp.c.obj
                0x08001d10                HAL_MspInit
 .text.NMI_Handler
                0x08001d54        0x2 CMakeFiles/debugger-code.elf.dir/Core/Src/stm32f1xx_it.c.obj
                0x08001d54                NMI_Handler
 .text.HardFault_Handler
                0x08001d56        0x2 CMakeFiles/debugger-code.elf.dir/Core/Src/stm32f1xx_it.c.obj
                0x08001d56                HardFault_Handler
 .text.MemManage_Handler
                0x08001d58        0x2 CMakeFiles/debugger-code.elf.dir/Core/Src/stm32f1xx_it.c.obj
                0x08001d58                MemManage_Handler
 .text.BusFault_Handler
                0x08001d5a        0x2 CMakeFiles/debugger-code.elf.dir/Core/Src/stm32f1xx_it.c.obj
                0x08001d5a                BusFault_Handler
 .text.UsageFault_Handler
                0x08001d5c        0x2 CMakeFiles/debugger-code.elf.dir/Core/Src/stm32f1xx_it.c.obj
                0x08001d5c                UsageFault_Handler
 .text.SVC_Handler
                0x08001d5e        0x2 CMakeFiles/debugger-code.elf.dir/Core/Src/stm32f1xx_it.c.obj
                0x08001d5e                SVC_Handler
 .text.DebugMon_Handler
                0x08001d60        0x2 CMakeFiles/debugger-code.elf.dir/Core/Src/stm32f1xx_it.c.obj
                0x08001d60                DebugMon_Handler
 .text.PendSV_Handler
                0x08001d62        0x2 CMakeFiles/debugger-code.elf.dir/Core/Src/stm32f1xx_it.c.obj
                0x08001d62                PendSV_Handler
 .text.SysTick_Handler
                0x08001d64        0x8 CMakeFiles/debugger-code.elf.dir/Core/Src/stm32f1xx_it.c.obj
                0x08001d64                SysTick_Handler
 .text.USB_LP_CAN1_RX0_IRQHandler
                0x08001d6c       0x10 CMakeFiles/debugger-code.elf.dir/Core/Src/stm32f1xx_it.c.obj
                0x08001d6c                USB_LP_CAN1_RX0_IRQHandler
 .text.TIM1_UP_IRQHandler
                0x08001d7c       0x10 CMakeFiles/debugger-code.elf.dir/Core/Src/stm32f1xx_it.c.obj
                0x08001d7c                TIM1_UP_IRQHandler
 .text.TIM6_IRQHandler
                0x08001d8c       0x10 CMakeFiles/debugger-code.elf.dir/Core/Src/stm32f1xx_it.c.obj
                0x08001d8c                TIM6_IRQHandler
 .text.DMA2_Channel2_IRQHandler
                0x08001d9c       0x10 CMakeFiles/debugger-code.elf.dir/Core/Src/stm32f1xx_it.c.obj
                0x08001d9c                DMA2_Channel2_IRQHandler
 .text._getpid  0x08001dac        0x4 CMakeFiles/debugger-code.elf.dir/Core/Src/syscalls.c.obj
                0x08001dac                _getpid
 .text._kill    0x08001db0       0x10 CMakeFiles/debugger-code.elf.dir/Core/Src/syscalls.c.obj
                0x08001db0                _kill
 .text._exit    0x08001dc0        0xc CMakeFiles/debugger-code.elf.dir/Core/Src/syscalls.c.obj
                0x08001dc0                _exit
 .text._sbrk    0x08001dcc       0x48 CMakeFiles/debugger-code.elf.dir/Core/Src/sysmem.c.obj
                0x08001dcc                _sbrk
 .text.SystemInit
                0x08001e14        0x2 CMakeFiles/debugger-code.elf.dir/Core/Src/system_stm32f1xx.c.obj
                0x08001e14                SystemInit
 *fill*         0x08001e16        0x2 
 .text.MX_TIM1_Init
                0x08001e18       0x70 CMakeFiles/debugger-code.elf.dir/Core/Src/tim.c.obj
                0x08001e18                MX_TIM1_Init
 .text.MX_TIM6_Init
                0x08001e88       0x50 CMakeFiles/debugger-code.elf.dir/Core/Src/tim.c.obj
                0x08001e88                MX_TIM6_Init
 .text.HAL_TIM_Base_MspInit
                0x08001ed8       0x70 CMakeFiles/debugger-code.elf.dir/Core/Src/tim.c.obj
                0x08001ed8                HAL_TIM_Base_MspInit
 .text.HAL_TIM_PWM_MspInit
                0x08001f48       0x2c CMakeFiles/debugger-code.elf.dir/Core/Src/tim.c.obj
                0x08001f48                HAL_TIM_PWM_MspInit
 .text.HAL_TIM_MspPostInit
                0x08001f74       0x50 CMakeFiles/debugger-code.elf.dir/Core/Src/tim.c.obj
                0x08001f74                HAL_TIM_MspPostInit
 .text.MX_TIM4_Init
                0x08001fc4       0x88 CMakeFiles/debugger-code.elf.dir/Core/Src/tim.c.obj
                0x08001fc4                MX_TIM4_Init
 .text.MX_UART4_Init
                0x0800204c       0x34 CMakeFiles/debugger-code.elf.dir/Core/Src/usart.c.obj
                0x0800204c                MX_UART4_Init
 .text.MX_USART1_UART_Init
                0x08002080       0x34 CMakeFiles/debugger-code.elf.dir/Core/Src/usart.c.obj
                0x08002080                MX_USART1_UART_Init
 .text.HAL_UART_MspInit
                0x080020b4       0xdc CMakeFiles/debugger-code.elf.dir/Core/Src/usart.c.obj
                0x080020b4                HAL_UART_MspInit
 .text.Reset_Handler
                0x08002190       0x48 CMakeFiles/debugger-code.elf.dir/Core/Startup/startup_stm32f103rctx.s.obj
                0x08002190                Reset_Handler
 .text.Default_Handler
                0x080021d8        0x2 CMakeFiles/debugger-code.elf.dir/Core/Startup/startup_stm32f103rctx.s.obj
                0x080021d8                RTC_Alarm_IRQHandler
                0x080021d8                EXTI2_IRQHandler
                0x080021d8                TIM8_TRG_COM_IRQHandler
                0x080021d8                TIM8_CC_IRQHandler
                0x080021d8                TIM1_CC_IRQHandler
                0x080021d8                PVD_IRQHandler
                0x080021d8                SDIO_IRQHandler
                0x080021d8                EXTI3_IRQHandler
                0x080021d8                EXTI0_IRQHandler
                0x080021d8                I2C2_EV_IRQHandler
                0x080021d8                ADC1_2_IRQHandler
                0x080021d8                SPI1_IRQHandler
                0x080021d8                TAMPER_IRQHandler
                0x080021d8                TIM8_UP_IRQHandler
                0x080021d8                DMA1_Channel4_IRQHandler
                0x080021d8                USART3_IRQHandler
                0x080021d8                RTC_IRQHandler
                0x080021d8                DMA1_Channel7_IRQHandler
                0x080021d8                CAN1_RX1_IRQHandler
                0x080021d8                UART5_IRQHandler
                0x080021d8                ADC3_IRQHandler
                0x080021d8                TIM4_IRQHandler
                0x080021d8                DMA2_Channel1_IRQHandler
                0x080021d8                I2C1_EV_IRQHandler
                0x080021d8                DMA1_Channel6_IRQHandler
                0x080021d8                UART4_IRQHandler
                0x080021d8                TIM3_IRQHandler
                0x080021d8                RCC_IRQHandler
                0x080021d8                TIM1_TRG_COM_IRQHandler
                0x080021d8                DMA1_Channel1_IRQHandler
                0x080021d8                Default_Handler
                0x080021d8                EXTI15_10_IRQHandler
                0x080021d8                TIM7_IRQHandler
                0x080021d8                TIM5_IRQHandler
                0x080021d8                EXTI9_5_IRQHandler
                0x080021d8                SPI2_IRQHandler
                0x080021d8                DMA1_Channel5_IRQHandler
                0x080021d8                EXTI4_IRQHandler
                0x080021d8                USB_HP_CAN1_TX_IRQHandler
                0x080021d8                DMA1_Channel3_IRQHandler
                0x080021d8                FSMC_IRQHandler
                0x080021d8                WWDG_IRQHandler
                0x080021d8                TIM2_IRQHandler
                0x080021d8                TIM1_BRK_IRQHandler
                0x080021d8                EXTI1_IRQHandler
                0x080021d8                DMA2_Channel4_5_IRQHandler
                0x080021d8                USART2_IRQHandler
                0x080021d8                I2C2_ER_IRQHandler
                0x080021d8                DMA1_Channel2_IRQHandler
                0x080021d8                TIM8_BRK_IRQHandler
                0x080021d8                CAN1_SCE_IRQHandler
                0x080021d8                FLASH_IRQHandler
                0x080021d8                USART1_IRQHandler
                0x080021d8                SPI3_IRQHandler
                0x080021d8                I2C1_ER_IRQHandler
                0x080021d8                USBWakeUp_IRQHandler
                0x080021d8                DMA2_Channel3_IRQHandler
 *fill*         0x080021da        0x2 
 .text.HAL_InitTick
                0x080021dc       0x4c CMakeFiles/debugger-code.elf.dir/Drivers/STM32F1xx_HAL_Driver/Src/stm32f1xx_hal.c.obj
                0x080021dc                HAL_InitTick
 .text.HAL_Init
                0x08002228       0x24 CMakeFiles/debugger-code.elf.dir/Drivers/STM32F1xx_HAL_Driver/Src/stm32f1xx_hal.c.obj
                0x08002228                HAL_Init
 .text.HAL_IncTick
                0x0800224c       0x18 CMakeFiles/debugger-code.elf.dir/Drivers/STM32F1xx_HAL_Driver/Src/stm32f1xx_hal.c.obj
                0x0800224c                HAL_IncTick
 .text.HAL_GetTick
                0x08002264        0xc CMakeFiles/debugger-code.elf.dir/Drivers/STM32F1xx_HAL_Driver/Src/stm32f1xx_hal.c.obj
                0x08002264                HAL_GetTick
 .text.HAL_Delay
                0x08002270       0x28 CMakeFiles/debugger-code.elf.dir/Drivers/STM32F1xx_HAL_Driver/Src/stm32f1xx_hal.c.obj
                0x08002270                HAL_Delay
 .text.HAL_CAN_Init
                0x08002298      0x14c CMakeFiles/debugger-code.elf.dir/Drivers/STM32F1xx_HAL_Driver/Src/stm32f1xx_hal_can.c.obj
                0x08002298                HAL_CAN_Init
 .text.HAL_CAN_ConfigFilter
                0x080023e4      0x10c CMakeFiles/debugger-code.elf.dir/Drivers/STM32F1xx_HAL_Driver/Src/stm32f1xx_hal_can.c.obj
                0x080023e4                HAL_CAN_ConfigFilter
 .text.HAL_CAN_Start
                0x080024f0       0x5c CMakeFiles/debugger-code.elf.dir/Drivers/STM32F1xx_HAL_Driver/Src/stm32f1xx_hal_can.c.obj
                0x080024f0                HAL_CAN_Start
 .text.HAL_CAN_GetRxMessage
                0x0800254c      0x156 CMakeFiles/debugger-code.elf.dir/Drivers/STM32F1xx_HAL_Driver/Src/stm32f1xx_hal_can.c.obj
                0x0800254c                HAL_CAN_GetRxMessage
 .text.HAL_CAN_ActivateNotification
                0x080026a2       0x24 CMakeFiles/debugger-code.elf.dir/Drivers/STM32F1xx_HAL_Driver/Src/stm32f1xx_hal_can.c.obj
                0x080026a2                HAL_CAN_ActivateNotification
 .text.HAL_CAN_TxMailbox0CompleteCallback
                0x080026c6        0x2 CMakeFiles/debugger-code.elf.dir/Drivers/STM32F1xx_HAL_Driver/Src/stm32f1xx_hal_can.c.obj
                0x080026c6                HAL_CAN_TxMailbox0CompleteCallback
 .text.HAL_CAN_TxMailbox1CompleteCallback
                0x080026c8        0x2 CMakeFiles/debugger-code.elf.dir/Drivers/STM32F1xx_HAL_Driver/Src/stm32f1xx_hal_can.c.obj
                0x080026c8                HAL_CAN_TxMailbox1CompleteCallback
 .text.HAL_CAN_TxMailbox2CompleteCallback
                0x080026ca        0x2 CMakeFiles/debugger-code.elf.dir/Drivers/STM32F1xx_HAL_Driver/Src/stm32f1xx_hal_can.c.obj
                0x080026ca                HAL_CAN_TxMailbox2CompleteCallback
 .text.HAL_CAN_TxMailbox0AbortCallback
                0x080026cc        0x2 CMakeFiles/debugger-code.elf.dir/Drivers/STM32F1xx_HAL_Driver/Src/stm32f1xx_hal_can.c.obj
                0x080026cc                HAL_CAN_TxMailbox0AbortCallback
 .text.HAL_CAN_TxMailbox1AbortCallback
                0x080026ce        0x2 CMakeFiles/debugger-code.elf.dir/Drivers/STM32F1xx_HAL_Driver/Src/stm32f1xx_hal_can.c.obj
                0x080026ce                HAL_CAN_TxMailbox1AbortCallback
 .text.HAL_CAN_TxMailbox2AbortCallback
                0x080026d0        0x2 CMakeFiles/debugger-code.elf.dir/Drivers/STM32F1xx_HAL_Driver/Src/stm32f1xx_hal_can.c.obj
                0x080026d0                HAL_CAN_TxMailbox2AbortCallback
 .text.HAL_CAN_RxFifo0FullCallback
                0x080026d2        0x2 CMakeFiles/debugger-code.elf.dir/Drivers/STM32F1xx_HAL_Driver/Src/stm32f1xx_hal_can.c.obj
                0x080026d2                HAL_CAN_RxFifo0FullCallback
 .text.HAL_CAN_RxFifo1MsgPendingCallback
                0x080026d4        0x2 CMakeFiles/debugger-code.elf.dir/Drivers/STM32F1xx_HAL_Driver/Src/stm32f1xx_hal_can.c.obj
                0x080026d4                HAL_CAN_RxFifo1MsgPendingCallback
 .text.HAL_CAN_RxFifo1FullCallback
                0x080026d6        0x2 CMakeFiles/debugger-code.elf.dir/Drivers/STM32F1xx_HAL_Driver/Src/stm32f1xx_hal_can.c.obj
                0x080026d6                HAL_CAN_RxFifo1FullCallback
 .text.HAL_CAN_SleepCallback
                0x080026d8        0x2 CMakeFiles/debugger-code.elf.dir/Drivers/STM32F1xx_HAL_Driver/Src/stm32f1xx_hal_can.c.obj
                0x080026d8                HAL_CAN_SleepCallback
 .text.HAL_CAN_WakeUpFromRxMsgCallback
                0x080026da        0x2 CMakeFiles/debugger-code.elf.dir/Drivers/STM32F1xx_HAL_Driver/Src/stm32f1xx_hal_can.c.obj
                0x080026da                HAL_CAN_WakeUpFromRxMsgCallback
 .text.HAL_CAN_ErrorCallback
                0x080026dc        0x2 CMakeFiles/debugger-code.elf.dir/Drivers/STM32F1xx_HAL_Driver/Src/stm32f1xx_hal_can.c.obj
                0x080026dc                HAL_CAN_ErrorCallback
 .text.HAL_CAN_IRQHandler
                0x080026de      0x24a CMakeFiles/debugger-code.elf.dir/Drivers/STM32F1xx_HAL_Driver/Src/stm32f1xx_hal_can.c.obj
                0x080026de                HAL_CAN_IRQHandler
 .text.HAL_NVIC_SetPriorityGrouping
                0x08002928       0x24 CMakeFiles/debugger-code.elf.dir/Drivers/STM32F1xx_HAL_Driver/Src/stm32f1xx_hal_cortex.c.obj
                0x08002928                HAL_NVIC_SetPriorityGrouping
 .text.HAL_NVIC_SetPriority
                0x0800294c       0x70 CMakeFiles/debugger-code.elf.dir/Drivers/STM32F1xx_HAL_Driver/Src/stm32f1xx_hal_cortex.c.obj
                0x0800294c                HAL_NVIC_SetPriority
 .text.HAL_NVIC_EnableIRQ
                0x080029bc       0x1c CMakeFiles/debugger-code.elf.dir/Drivers/STM32F1xx_HAL_Driver/Src/stm32f1xx_hal_cortex.c.obj
                0x080029bc                HAL_NVIC_EnableIRQ
 .text.HAL_SYSTICK_Config
                0x080029d8       0x28 CMakeFiles/debugger-code.elf.dir/Drivers/STM32F1xx_HAL_Driver/Src/stm32f1xx_hal_cortex.c.obj
                0x080029d8                HAL_SYSTICK_Config
 .text.DMA_SetConfig
                0x08002a00       0x2c CMakeFiles/debugger-code.elf.dir/Drivers/STM32F1xx_HAL_Driver/Src/stm32f1xx_hal_dma.c.obj
 .text.HAL_DMA_Init
                0x08002a2c       0x98 CMakeFiles/debugger-code.elf.dir/Drivers/STM32F1xx_HAL_Driver/Src/stm32f1xx_hal_dma.c.obj
                0x08002a2c                HAL_DMA_Init
 .text.HAL_DMA_Start_IT
                0x08002ac4       0x74 CMakeFiles/debugger-code.elf.dir/Drivers/STM32F1xx_HAL_Driver/Src/stm32f1xx_hal_dma.c.obj
                0x08002ac4                HAL_DMA_Start_IT
 .text.HAL_DMA_IRQHandler
                0x08002b38      0x2ec CMakeFiles/debugger-code.elf.dir/Drivers/STM32F1xx_HAL_Driver/Src/stm32f1xx_hal_dma.c.obj
                0x08002b38                HAL_DMA_IRQHandler
 .text.HAL_GPIO_Init
                0x08002e24      0x240 CMakeFiles/debugger-code.elf.dir/Drivers/STM32F1xx_HAL_Driver/Src/stm32f1xx_hal_gpio.c.obj
                0x08002e24                HAL_GPIO_Init
 .text.HAL_GPIO_ReadPin
                0x08003064        0xe CMakeFiles/debugger-code.elf.dir/Drivers/STM32F1xx_HAL_Driver/Src/stm32f1xx_hal_gpio.c.obj
                0x08003064                HAL_GPIO_ReadPin
 .text.HAL_GPIO_WritePin
                0x08003072        0xc CMakeFiles/debugger-code.elf.dir/Drivers/STM32F1xx_HAL_Driver/Src/stm32f1xx_hal_gpio.c.obj
                0x08003072                HAL_GPIO_WritePin
 .text.HAL_GPIO_TogglePin
                0x0800307e       0x12 CMakeFiles/debugger-code.elf.dir/Drivers/STM32F1xx_HAL_Driver/Src/stm32f1xx_hal_gpio.c.obj
                0x0800307e                HAL_GPIO_TogglePin
 .text.RCC_Delay
                0x08003090       0x2c CMakeFiles/debugger-code.elf.dir/Drivers/STM32F1xx_HAL_Driver/Src/stm32f1xx_hal_rcc.c.obj
 .text.HAL_RCC_OscConfig
                0x080030bc      0x410 CMakeFiles/debugger-code.elf.dir/Drivers/STM32F1xx_HAL_Driver/Src/stm32f1xx_hal_rcc.c.obj
                0x080030bc                HAL_RCC_OscConfig
 .text.HAL_RCC_GetSysClockFreq
                0x080034cc       0x7c CMakeFiles/debugger-code.elf.dir/Drivers/STM32F1xx_HAL_Driver/Src/stm32f1xx_hal_rcc.c.obj
                0x080034cc                HAL_RCC_GetSysClockFreq
 .text.HAL_RCC_ClockConfig
                0x08003548      0x16c CMakeFiles/debugger-code.elf.dir/Drivers/STM32F1xx_HAL_Driver/Src/stm32f1xx_hal_rcc.c.obj
                0x08003548                HAL_RCC_ClockConfig
 .text.HAL_RCC_GetHCLKFreq
                0x080036b4        0xc CMakeFiles/debugger-code.elf.dir/Drivers/STM32F1xx_HAL_Driver/Src/stm32f1xx_hal_rcc.c.obj
                0x080036b4                HAL_RCC_GetHCLKFreq
 .text.HAL_RCC_GetPCLK1Freq
                0x080036c0       0x20 CMakeFiles/debugger-code.elf.dir/Drivers/STM32F1xx_HAL_Driver/Src/stm32f1xx_hal_rcc.c.obj
                0x080036c0                HAL_RCC_GetPCLK1Freq
 .text.HAL_RCC_GetPCLK2Freq
                0x080036e0       0x20 CMakeFiles/debugger-code.elf.dir/Drivers/STM32F1xx_HAL_Driver/Src/stm32f1xx_hal_rcc.c.obj
                0x080036e0                HAL_RCC_GetPCLK2Freq
 .text.SPI_WaitFlagStateUntilTimeout
                0x08003700       0xd4 CMakeFiles/debugger-code.elf.dir/Drivers/STM32F1xx_HAL_Driver/Src/stm32f1xx_hal_spi.c.obj
 .text.SPI_EndRxTxTransaction
                0x080037d4       0x24 CMakeFiles/debugger-code.elf.dir/Drivers/STM32F1xx_HAL_Driver/Src/stm32f1xx_hal_spi.c.obj
 .text.SPI_EndRxTransaction
                0x080037f8       0x74 CMakeFiles/debugger-code.elf.dir/Drivers/STM32F1xx_HAL_Driver/Src/stm32f1xx_hal_spi.c.obj
 .text.HAL_SPI_Init
                0x0800386c       0xb6 CMakeFiles/debugger-code.elf.dir/Drivers/STM32F1xx_HAL_Driver/Src/stm32f1xx_hal_spi.c.obj
                0x0800386c                HAL_SPI_Init
 .text.HAL_SPI_Transmit
                0x08003922      0x1b8 CMakeFiles/debugger-code.elf.dir/Drivers/STM32F1xx_HAL_Driver/Src/stm32f1xx_hal_spi.c.obj
                0x08003922                HAL_SPI_Transmit
 .text.HAL_SPI_TransmitReceive
                0x08003ada      0x238 CMakeFiles/debugger-code.elf.dir/Drivers/STM32F1xx_HAL_Driver/Src/stm32f1xx_hal_spi.c.obj
                0x08003ada                HAL_SPI_TransmitReceive
 .text.HAL_SPI_Receive
                0x08003d12      0x180 CMakeFiles/debugger-code.elf.dir/Drivers/STM32F1xx_HAL_Driver/Src/stm32f1xx_hal_spi.c.obj
                0x08003d12                HAL_SPI_Receive
 *fill*         0x08003e92        0x2 
 .text.HAL_SPI_Transmit_DMA
                0x08003e94       0xe0 CMakeFiles/debugger-code.elf.dir/Drivers/STM32F1xx_HAL_Driver/Src/stm32f1xx_hal_spi.c.obj
                0x08003e94                HAL_SPI_Transmit_DMA
 .text.HAL_SPI_TxCpltCallback
                0x08003f74        0x2 CMakeFiles/debugger-code.elf.dir/Drivers/STM32F1xx_HAL_Driver/Src/stm32f1xx_hal_spi.c.obj
                0x08003f74                HAL_SPI_TxCpltCallback
 .text.HAL_SPI_TxHalfCpltCallback
                0x08003f76        0x2 CMakeFiles/debugger-code.elf.dir/Drivers/STM32F1xx_HAL_Driver/Src/stm32f1xx_hal_spi.c.obj
                0x08003f76                HAL_SPI_TxHalfCpltCallback
 .text.SPI_DMAHalfTransmitCplt
                0x08003f78        0xa CMakeFiles/debugger-code.elf.dir/Drivers/STM32F1xx_HAL_Driver/Src/stm32f1xx_hal_spi.c.obj
 .text.HAL_SPI_ErrorCallback
                0x08003f82        0x2 CMakeFiles/debugger-code.elf.dir/Drivers/STM32F1xx_HAL_Driver/Src/stm32f1xx_hal_spi.c.obj
                0x08003f82                HAL_SPI_ErrorCallback
 .text.SPI_DMAError
                0x08003f84       0x22 CMakeFiles/debugger-code.elf.dir/Drivers/STM32F1xx_HAL_Driver/Src/stm32f1xx_hal_spi.c.obj
 .text.SPI_DMATransmitCplt
                0x08003fa6       0x70 CMakeFiles/debugger-code.elf.dir/Drivers/STM32F1xx_HAL_Driver/Src/stm32f1xx_hal_spi.c.obj
 *fill*         0x08004016        0x2 
 .text.TIM_OC1_SetConfig
                0x08004018       0x68 CMakeFiles/debugger-code.elf.dir/Drivers/STM32F1xx_HAL_Driver/Src/stm32f1xx_hal_tim.c.obj
 .text.TIM_OC3_SetConfig
                0x08004080       0x70 CMakeFiles/debugger-code.elf.dir/Drivers/STM32F1xx_HAL_Driver/Src/stm32f1xx_hal_tim.c.obj
 .text.TIM_OC4_SetConfig
                0x080040f0       0x50 CMakeFiles/debugger-code.elf.dir/Drivers/STM32F1xx_HAL_Driver/Src/stm32f1xx_hal_tim.c.obj
 .text.TIM_TI1_ConfigInputStage
                0x08004140       0x24 CMakeFiles/debugger-code.elf.dir/Drivers/STM32F1xx_HAL_Driver/Src/stm32f1xx_hal_tim.c.obj
 .text.TIM_TI2_ConfigInputStage
                0x08004164       0x26 CMakeFiles/debugger-code.elf.dir/Drivers/STM32F1xx_HAL_Driver/Src/stm32f1xx_hal_tim.c.obj
 .text.TIM_ITRx_SetConfig
                0x0800418a       0x10 CMakeFiles/debugger-code.elf.dir/Drivers/STM32F1xx_HAL_Driver/Src/stm32f1xx_hal_tim.c.obj
 *fill*         0x0800419a        0x2 
 .text.HAL_TIM_Base_Start_IT
                0x0800419c       0x78 CMakeFiles/debugger-code.elf.dir/Drivers/STM32F1xx_HAL_Driver/Src/stm32f1xx_hal_tim.c.obj
                0x0800419c                HAL_TIM_Base_Start_IT
 .text.HAL_TIM_OC_DelayElapsedCallback
                0x08004214        0x2 CMakeFiles/debugger-code.elf.dir/Drivers/STM32F1xx_HAL_Driver/Src/stm32f1xx_hal_tim.c.obj
                0x08004214                HAL_TIM_OC_DelayElapsedCallback
 .text.HAL_TIM_IC_CaptureCallback
                0x08004216        0x2 CMakeFiles/debugger-code.elf.dir/Drivers/STM32F1xx_HAL_Driver/Src/stm32f1xx_hal_tim.c.obj
                0x08004216                HAL_TIM_IC_CaptureCallback
 .text.HAL_TIM_PWM_PulseFinishedCallback
                0x08004218        0x2 CMakeFiles/debugger-code.elf.dir/Drivers/STM32F1xx_HAL_Driver/Src/stm32f1xx_hal_tim.c.obj
                0x08004218                HAL_TIM_PWM_PulseFinishedCallback
 .text.HAL_TIM_TriggerCallback
                0x0800421a        0x2 CMakeFiles/debugger-code.elf.dir/Drivers/STM32F1xx_HAL_Driver/Src/stm32f1xx_hal_tim.c.obj
                0x0800421a                HAL_TIM_TriggerCallback
 .text.HAL_TIM_IRQHandler
                0x0800421c      0x17a CMakeFiles/debugger-code.elf.dir/Drivers/STM32F1xx_HAL_Driver/Src/stm32f1xx_hal_tim.c.obj
                0x0800421c                HAL_TIM_IRQHandler
 *fill*         0x08004396        0x2 
 .text.TIM_Base_SetConfig
                0x08004398       0x98 CMakeFiles/debugger-code.elf.dir/Drivers/STM32F1xx_HAL_Driver/Src/stm32f1xx_hal_tim.c.obj
                0x08004398                TIM_Base_SetConfig
 .text.HAL_TIM_Base_Init
                0x08004430       0x58 CMakeFiles/debugger-code.elf.dir/Drivers/STM32F1xx_HAL_Driver/Src/stm32f1xx_hal_tim.c.obj
                0x08004430                HAL_TIM_Base_Init
 .text.HAL_TIM_PWM_Init
                0x08004488       0x58 CMakeFiles/debugger-code.elf.dir/Drivers/STM32F1xx_HAL_Driver/Src/stm32f1xx_hal_tim.c.obj
                0x08004488                HAL_TIM_PWM_Init
 .text.TIM_OC2_SetConfig
                0x080044e0       0x70 CMakeFiles/debugger-code.elf.dir/Drivers/STM32F1xx_HAL_Driver/Src/stm32f1xx_hal_tim.c.obj
                0x080044e0                TIM_OC2_SetConfig
 .text.HAL_TIM_PWM_ConfigChannel
                0x08004550       0xd0 CMakeFiles/debugger-code.elf.dir/Drivers/STM32F1xx_HAL_Driver/Src/stm32f1xx_hal_tim.c.obj
                0x08004550                HAL_TIM_PWM_ConfigChannel
 .text.TIM_ETR_SetConfig
                0x08004620       0x18 CMakeFiles/debugger-code.elf.dir/Drivers/STM32F1xx_HAL_Driver/Src/stm32f1xx_hal_tim.c.obj
                0x08004620                TIM_ETR_SetConfig
 .text.HAL_TIM_ConfigClockSource
                0x08004638       0xda CMakeFiles/debugger-code.elf.dir/Drivers/STM32F1xx_HAL_Driver/Src/stm32f1xx_hal_tim.c.obj
                0x08004638                HAL_TIM_ConfigClockSource
 .text.TIM_CCxChannelCmd
                0x08004712       0x1e CMakeFiles/debugger-code.elf.dir/Drivers/STM32F1xx_HAL_Driver/Src/stm32f1xx_hal_tim.c.obj
                0x08004712                TIM_CCxChannelCmd
 .text.HAL_TIM_PWM_Start
                0x08004730       0xf4 CMakeFiles/debugger-code.elf.dir/Drivers/STM32F1xx_HAL_Driver/Src/stm32f1xx_hal_tim.c.obj
                0x08004730                HAL_TIM_PWM_Start
 .text.HAL_TIMEx_MasterConfigSynchronization
                0x08004824       0x7c CMakeFiles/debugger-code.elf.dir/Drivers/STM32F1xx_HAL_Driver/Src/stm32f1xx_hal_tim_ex.c.obj
                0x08004824                HAL_TIMEx_MasterConfigSynchronization
 .text.HAL_TIMEx_CommutCallback
                0x080048a0        0x2 CMakeFiles/debugger-code.elf.dir/Drivers/STM32F1xx_HAL_Driver/Src/stm32f1xx_hal_tim_ex.c.obj
                0x080048a0                HAL_TIMEx_CommutCallback
 .text.HAL_TIMEx_BreakCallback
                0x080048a2        0x2 CMakeFiles/debugger-code.elf.dir/Drivers/STM32F1xx_HAL_Driver/Src/stm32f1xx_hal_tim_ex.c.obj
                0x080048a2                HAL_TIMEx_BreakCallback
 .text.UART_SetConfig
                0x080048a4       0x94 CMakeFiles/debugger-code.elf.dir/Drivers/STM32F1xx_HAL_Driver/Src/stm32f1xx_hal_uart.c.obj
 .text.UART_WaitOnFlagUntilTimeout
                0x08004938       0x6c CMakeFiles/debugger-code.elf.dir/Drivers/STM32F1xx_HAL_Driver/Src/stm32f1xx_hal_uart.c.obj
 .text.HAL_UART_Init
                0x080049a4       0x5e CMakeFiles/debugger-code.elf.dir/Drivers/STM32F1xx_HAL_Driver/Src/stm32f1xx_hal_uart.c.obj
                0x080049a4                HAL_UART_Init
 .text.HAL_UART_Transmit
                0x08004a02       0xd8 CMakeFiles/debugger-code.elf.dir/Drivers/STM32F1xx_HAL_Driver/Src/stm32f1xx_hal_uart.c.obj
                0x08004a02                HAL_UART_Transmit
 .text.HAL_UART_Receive
                0x08004ada       0xe4 CMakeFiles/debugger-code.elf.dir/Drivers/STM32F1xx_HAL_Driver/Src/stm32f1xx_hal_uart.c.obj
                0x08004ada                HAL_UART_Receive
 *fill*         0x08004bbe        0x2 
 .text.gui_config
                0x08004bc0       0x48 CMakeFiles/debugger-code.elf.dir/GUI/gui_base.c.obj
                0x08004bc0                gui_config
 .text.test     0x08004c08       0x2a CMakeFiles/debugger-code.elf.dir/GUI/gui_base.c.obj
                0x08004c08                test
 *fill*         0x08004c32        0x2 
 .text.gui_image
                0x08004c34       0x60 CMakeFiles/debugger-code.elf.dir/GUI/gui_base.c.obj
                0x08004c34                gui_image
 .text.gui_putchar
                0x08004c94       0x9c CMakeFiles/debugger-code.elf.dir/GUI/gui_base.c.obj
                0x08004c94                gui_putchar
 .text.gui_printf
                0x08004d30       0x5a CMakeFiles/debugger-code.elf.dir/GUI/gui_base.c.obj
                0x08004d30                gui_printf
 *fill*         0x08004d8a        0x2 
 .text.gui_clear_screan
                0x08004d8c       0x2c CMakeFiles/debugger-code.elf.dir/GUI/gui_base.c.obj
                0x08004d8c                gui_clear_screan
 .text.gui_draw_hline
                0x08004db8       0x3c CMakeFiles/debugger-code.elf.dir/GUI/gui_base.c.obj
                0x08004db8                gui_draw_hline
 .text.gui_draw_vline
                0x08004df4       0x3c CMakeFiles/debugger-code.elf.dir/GUI/gui_base.c.obj
                0x08004df4                gui_draw_vline
 .text.gui_draw_rectangle
                0x08004e30       0x94 CMakeFiles/debugger-code.elf.dir/GUI/gui_base.c.obj
                0x08004e30                gui_draw_rectangle
 .text.gui_button_init
                0x08004ec4       0x1e CMakeFiles/debugger-code.elf.dir/GUI/gui_button.c.obj
                0x08004ec4                gui_button_init
 *fill*         0x08004ee2        0x2 
 .text.gui_button_update
                0x08004ee4       0xcc CMakeFiles/debugger-code.elf.dir/GUI/gui_button.c.obj
                0x08004ee4                gui_button_update
 .text.gui_label_init
                0x08004fb0       0x2a CMakeFiles/debugger-code.elf.dir/GUI/gui_label.c.obj
                0x08004fb0                gui_label_init
 *fill*         0x08004fda        0x2 
 .text.gui_label_update
                0x08004fdc      0x130 CMakeFiles/debugger-code.elf.dir/GUI/gui_label.c.obj
                0x08004fdc                gui_label_update
 .text.lcd_write_command
                0x0800510c       0x28 CMakeFiles/debugger-code.elf.dir/devices/lcd_init.c.obj
                0x0800510c                lcd_write_command
 .text.lcd_write_data
                0x08005134       0x28 CMakeFiles/debugger-code.elf.dir/devices/lcd_init.c.obj
                0x08005134                lcd_write_data
 .text.lcd_set_address
                0x0800515c       0x5c CMakeFiles/debugger-code.elf.dir/devices/lcd_init.c.obj
                0x0800515c                lcd_set_address
 .text.lcd_set_direction
                0x080051b8       0xb4 CMakeFiles/debugger-code.elf.dir/devices/lcd_init.c.obj
                0x080051b8                lcd_set_direction
 .text.lcd_config
                0x0800526c      0x208 CMakeFiles/debugger-code.elf.dir/devices/lcd_init.c.obj
                0x0800526c                lcd_config
 .text.xpt2046_read
                0x08005474       0xf4 CMakeFiles/debugger-code.elf.dir/devices/xpt2046.c.obj
                0x08005474                xpt2046_read
 .text.xpt2046_readxy
                0x08005568       0x96 CMakeFiles/debugger-code.elf.dir/devices/xpt2046.c.obj
                0x08005568                xpt2046_readxy
 *fill*         0x080055fe        0x2 
 .text.ButtonSusCapCallBack
                0x08005600       0x1c CMakeFiles/debugger-code.elf.dir/forms/main_forms.c.obj
                0x08005600                ButtonSusCapCallBack
 .text.main_Form_Init
                0x0800561c       0xb4 CMakeFiles/debugger-code.elf.dir/forms/main_forms.c.obj
                0x0800561c                main_Form_Init
 .text.main_Form_Load
                0x080056d0       0xcc CMakeFiles/debugger-code.elf.dir/forms/main_forms.c.obj
                0x080056d0                main_Form_Load
 .text.ButtonTurnBuckCallBack
                0x0800579c       0x1c CMakeFiles/debugger-code.elf.dir/forms/suscap_debuger_forms.c.obj
                0x0800579c                ButtonTurnBuckCallBack
 .text.Suscap_Debuger_Show_Init
                0x080057b8      0x108 CMakeFiles/debugger-code.elf.dir/forms/suscap_debuger_forms.c.obj
                0x080057b8                Suscap_Debuger_Show_Init
 .text.Suscap_Debuger_Show_Load
                0x080058c0      0x14c CMakeFiles/debugger-code.elf.dir/forms/suscap_debuger_forms.c.obj
                0x080058c0                Suscap_Debuger_Show_Load
 .text.__errno  0x08005a0c        0xc d:/gcc-arm-none-eabi/bin/../lib/gcc/arm-none-eabi/10.3.1/../../../../arm-none-eabi/lib/thumb/v7-m/nofp\libg.a(lib_a-errno.o)
                0x08005a0c                __errno
 .text.__libc_init_array
                0x08005a18       0x48 d:/gcc-arm-none-eabi/bin/../lib/gcc/arm-none-eabi/10.3.1/../../../../arm-none-eabi/lib/thumb/v7-m/nofp\libg.a(lib_a-init.o)
                0x08005a18                __libc_init_array
 .text.memset   0x08005a60       0xa4 d:/gcc-arm-none-eabi/bin/../lib/gcc/arm-none-eabi/10.3.1/../../../../arm-none-eabi/lib/thumb/v7-m/nofp\libg.a(lib_a-memset.o)
                0x08005a60                memset
 .text.printf   0x08005b04       0x28 d:/gcc-arm-none-eabi/bin/../lib/gcc/arm-none-eabi/10.3.1/../../../../arm-none-eabi/lib/thumb/v7-m/nofp\libg.a(lib_a-printf.o)
                0x08005b04                printf
 .text.setvbuf  0x08005b2c      0x1b0 d:/gcc-arm-none-eabi/bin/../lib/gcc/arm-none-eabi/10.3.1/../../../../arm-none-eabi/lib/thumb/v7-m/nofp\libg.a(lib_a-setvbuf.o)
                0x08005b2c                setvbuf
 .text.strcpy   0x08005cdc       0xbc d:/gcc-arm-none-eabi/bin/../lib/gcc/arm-none-eabi/10.3.1/../../../../arm-none-eabi/lib/thumb/v7-m/nofp\libg.a(lib_a-strcpy.o)
                0x08005cdc                strcpy
 .text.strlen   0x08005d98       0x5c d:/gcc-arm-none-eabi/bin/../lib/gcc/arm-none-eabi/10.3.1/../../../../arm-none-eabi/lib/thumb/v7-m/nofp\libg.a(lib_a-strlen-stub.o)
                0x08005d98                strlen
 .text._vfprintf_r
                0x08005df4     0x1b58 d:/gcc-arm-none-eabi/bin/../lib/gcc/arm-none-eabi/10.3.1/../../../../arm-none-eabi/lib/thumb/v7-m/nofp\libg.a(lib_a-vfprintf.o)
                0x08005df4                _vfprintf_r
 .text.__sbprintf
                0x0800794c       0x84 d:/gcc-arm-none-eabi/bin/../lib/gcc/arm-none-eabi/10.3.1/../../../../arm-none-eabi/lib/thumb/v7-m/nofp\libg.a(lib_a-vfprintf.o)
 .text.vsnprintf
                0x080079d0       0x6c d:/gcc-arm-none-eabi/bin/../lib/gcc/arm-none-eabi/10.3.1/../../../../arm-none-eabi/lib/thumb/v7-m/nofp\libg.a(lib_a-vsnprintf.o)
                0x080079d0                vsnprintf
 .text.__swsetup_r
                0x08007a3c       0xd4 d:/gcc-arm-none-eabi/bin/../lib/gcc/arm-none-eabi/10.3.1/../../../../arm-none-eabi/lib/thumb/v7-m/nofp\libg.a(lib_a-wsetup.o)
                0x08007a3c                __swsetup_r
 .text.startup.register_fini
                0x08007b10       0x14 d:/gcc-arm-none-eabi/bin/../lib/gcc/arm-none-eabi/10.3.1/../../../../arm-none-eabi/lib/thumb/v7-m/nofp\libg.a(lib_a-__call_atexit.o)
 .text.atexit   0x08007b24        0xc d:/gcc-arm-none-eabi/bin/../lib/gcc/arm-none-eabi/10.3.1/../../../../arm-none-eabi/lib/thumb/v7-m/nofp\libg.a(lib_a-atexit.o)
                0x08007b24                atexit
 .text.quorem   0x08007b30      0x12c d:/gcc-arm-none-eabi/bin/../lib/gcc/arm-none-eabi/10.3.1/../../../../arm-none-eabi/lib/thumb/v7-m/nofp\libg.a(lib_a-dtoa.o)
 *fill*         0x08007c5c        0x4 
 .text._dtoa_r  0x08007c60      0xecc d:/gcc-arm-none-eabi/bin/../lib/gcc/arm-none-eabi/10.3.1/../../../../arm-none-eabi/lib/thumb/v7-m/nofp\libg.a(lib_a-dtoa.o)
                0x08007c60                _dtoa_r
 .text.__sflush_r
                0x08008b2c      0x124 d:/gcc-arm-none-eabi/bin/../lib/gcc/arm-none-eabi/10.3.1/../../../../arm-none-eabi/lib/thumb/v7-m/nofp\libg.a(lib_a-fflush.o)
                0x08008b2c                __sflush_r
 .text._fflush_r
                0x08008c50       0x5c d:/gcc-arm-none-eabi/bin/../lib/gcc/arm-none-eabi/10.3.1/../../../../arm-none-eabi/lib/thumb/v7-m/nofp\libg.a(lib_a-fflush.o)
                0x08008c50                _fflush_r
 .text._cleanup_r
                0x08008cac        0xc d:/gcc-arm-none-eabi/bin/../lib/gcc/arm-none-eabi/10.3.1/../../../../arm-none-eabi/lib/thumb/v7-m/nofp\libg.a(lib_a-findfp.o)
                0x08008cac                _cleanup_r
 .text.__sinit  0x08008cb8      0x10c d:/gcc-arm-none-eabi/bin/../lib/gcc/arm-none-eabi/10.3.1/../../../../arm-none-eabi/lib/thumb/v7-m/nofp\libg.a(lib_a-findfp.o)
                0x08008cb8                __sinit
 .text.__sfp_lock_acquire
                0x08008dc4        0xc d:/gcc-arm-none-eabi/bin/../lib/gcc/arm-none-eabi/10.3.1/../../../../arm-none-eabi/lib/thumb/v7-m/nofp\libg.a(lib_a-findfp.o)
                0x08008dc4                __sfp_lock_acquire
 .text.__sfp_lock_release
                0x08008dd0        0xc d:/gcc-arm-none-eabi/bin/../lib/gcc/arm-none-eabi/10.3.1/../../../../arm-none-eabi/lib/thumb/v7-m/nofp\libg.a(lib_a-findfp.o)
                0x08008dd0                __sfp_lock_release
 .text.__libc_fini_array
                0x08008ddc       0x2c d:/gcc-arm-none-eabi/bin/../lib/gcc/arm-none-eabi/10.3.1/../../../../arm-none-eabi/lib/thumb/v7-m/nofp\libg.a(lib_a-fini.o)
                0x08008ddc                __libc_fini_array
 .text._malloc_trim_r
                0x08008e08       0xa0 d:/gcc-arm-none-eabi/bin/../lib/gcc/arm-none-eabi/10.3.1/../../../../arm-none-eabi/lib/thumb/v7-m/nofp\libg.a(lib_a-freer.o)
                0x08008e08                _malloc_trim_r
 .text._free_r  0x08008ea8      0x200 d:/gcc-arm-none-eabi/bin/../lib/gcc/arm-none-eabi/10.3.1/../../../../arm-none-eabi/lib/thumb/v7-m/nofp\libg.a(lib_a-freer.o)
                0x08008ea8                _free_r
 .text._fwalk_reent
                0x080090a8       0x48 d:/gcc-arm-none-eabi/bin/../lib/gcc/arm-none-eabi/10.3.1/../../../../arm-none-eabi/lib/thumb/v7-m/nofp\libg.a(lib_a-fwalk.o)
                0x080090a8                _fwalk_reent
 .text._localeconv_r
                0x080090f0        0x8 d:/gcc-arm-none-eabi/bin/../lib/gcc/arm-none-eabi/10.3.1/../../../../arm-none-eabi/lib/thumb/v7-m/nofp\libg.a(lib_a-localeconv.o)
                0x080090f0                _localeconv_r
 .text.__retarget_lock_init_recursive
                0x080090f8        0x4 d:/gcc-arm-none-eabi/bin/../lib/gcc/arm-none-eabi/10.3.1/../../../../arm-none-eabi/lib/thumb/v7-m/nofp\libg.a(lib_a-lock.o)
                0x080090f8                __retarget_lock_init_recursive
 .text.__retarget_lock_close_recursive
                0x080090fc        0x4 d:/gcc-arm-none-eabi/bin/../lib/gcc/arm-none-eabi/10.3.1/../../../../arm-none-eabi/lib/thumb/v7-m/nofp\libg.a(lib_a-lock.o)
                0x080090fc                __retarget_lock_close_recursive
 .text.__retarget_lock_acquire_recursive
                0x08009100        0x4 d:/gcc-arm-none-eabi/bin/../lib/gcc/arm-none-eabi/10.3.1/../../../../arm-none-eabi/lib/thumb/v7-m/nofp\libg.a(lib_a-lock.o)
                0x08009100                __retarget_lock_acquire_recursive
 .text.__retarget_lock_release_recursive
                0x08009104        0x4 d:/gcc-arm-none-eabi/bin/../lib/gcc/arm-none-eabi/10.3.1/../../../../arm-none-eabi/lib/thumb/v7-m/nofp\libg.a(lib_a-lock.o)
                0x08009104                __retarget_lock_release_recursive
 .text.__smakebuf_r
                0x08009108       0xe0 d:/gcc-arm-none-eabi/bin/../lib/gcc/arm-none-eabi/10.3.1/../../../../arm-none-eabi/lib/thumb/v7-m/nofp\libg.a(lib_a-makebuf.o)
                0x08009108                __smakebuf_r
 .text.__swhatbuf_r
                0x080091e8       0x60 d:/gcc-arm-none-eabi/bin/../lib/gcc/arm-none-eabi/10.3.1/../../../../arm-none-eabi/lib/thumb/v7-m/nofp\libg.a(lib_a-makebuf.o)
                0x080091e8                __swhatbuf_r
 .text.malloc   0x08009248       0x10 d:/gcc-arm-none-eabi/bin/../lib/gcc/arm-none-eabi/10.3.1/../../../../arm-none-eabi/lib/thumb/v7-m/nofp\libg.a(lib_a-malloc.o)
                0x08009248                malloc
 .text._malloc_r
                0x08009258      0x558 d:/gcc-arm-none-eabi/bin/../lib/gcc/arm-none-eabi/10.3.1/../../../../arm-none-eabi/lib/thumb/v7-m/nofp\libg.a(lib_a-mallocr.o)
                0x08009258                _malloc_r
 .text.memchr   0x080097b0       0x90 d:/gcc-arm-none-eabi/bin/../lib/gcc/arm-none-eabi/10.3.1/../../../../arm-none-eabi/lib/thumb/v7-m/nofp\libg.a(lib_a-memchr-stub.o)
                0x080097b0                memchr
 .text.__malloc_lock
                0x08009840        0xc d:/gcc-arm-none-eabi/bin/../lib/gcc/arm-none-eabi/10.3.1/../../../../arm-none-eabi/lib/thumb/v7-m/nofp\libg.a(lib_a-mlock.o)
                0x08009840                __malloc_lock
 .text.__malloc_unlock
                0x0800984c        0xc d:/gcc-arm-none-eabi/bin/../lib/gcc/arm-none-eabi/10.3.1/../../../../arm-none-eabi/lib/thumb/v7-m/nofp\libg.a(lib_a-mlock.o)
                0x0800984c                __malloc_unlock
 .text._Balloc  0x08009858       0x4c d:/gcc-arm-none-eabi/bin/../lib/gcc/arm-none-eabi/10.3.1/../../../../arm-none-eabi/lib/thumb/v7-m/nofp\libg.a(lib_a-mprec.o)
                0x08009858                _Balloc
 .text._Bfree   0x080098a4       0x14 d:/gcc-arm-none-eabi/bin/../lib/gcc/arm-none-eabi/10.3.1/../../../../arm-none-eabi/lib/thumb/v7-m/nofp\libg.a(lib_a-mprec.o)
                0x080098a4                _Bfree
 .text.__multadd
                0x080098b8       0xa4 d:/gcc-arm-none-eabi/bin/../lib/gcc/arm-none-eabi/10.3.1/../../../../arm-none-eabi/lib/thumb/v7-m/nofp\libg.a(lib_a-mprec.o)
                0x080098b8                __multadd
 .text.__hi0bits
                0x0800995c       0x40 d:/gcc-arm-none-eabi/bin/../lib/gcc/arm-none-eabi/10.3.1/../../../../arm-none-eabi/lib/thumb/v7-m/nofp\libg.a(lib_a-mprec.o)
                0x0800995c                __hi0bits
 .text.__lo0bits
                0x0800999c       0x58 d:/gcc-arm-none-eabi/bin/../lib/gcc/arm-none-eabi/10.3.1/../../../../arm-none-eabi/lib/thumb/v7-m/nofp\libg.a(lib_a-mprec.o)
                0x0800999c                __lo0bits
 .text.__i2b    0x080099f4       0x5c d:/gcc-arm-none-eabi/bin/../lib/gcc/arm-none-eabi/10.3.1/../../../../arm-none-eabi/lib/thumb/v7-m/nofp\libg.a(lib_a-mprec.o)
                0x080099f4                __i2b
 .text.__multiply
                0x08009a50      0x15c d:/gcc-arm-none-eabi/bin/../lib/gcc/arm-none-eabi/10.3.1/../../../../arm-none-eabi/lib/thumb/v7-m/nofp\libg.a(lib_a-mprec.o)
                0x08009a50                __multiply
 .text.__pow5mult
                0x08009bac       0xb8 d:/gcc-arm-none-eabi/bin/../lib/gcc/arm-none-eabi/10.3.1/../../../../arm-none-eabi/lib/thumb/v7-m/nofp\libg.a(lib_a-mprec.o)
                0x08009bac                __pow5mult
 .text.__lshift
                0x08009c64       0xec d:/gcc-arm-none-eabi/bin/../lib/gcc/arm-none-eabi/10.3.1/../../../../arm-none-eabi/lib/thumb/v7-m/nofp\libg.a(lib_a-mprec.o)
                0x08009c64                __lshift
 .text.__mcmp   0x08009d50       0x40 d:/gcc-arm-none-eabi/bin/../lib/gcc/arm-none-eabi/10.3.1/../../../../arm-none-eabi/lib/thumb/v7-m/nofp\libg.a(lib_a-mprec.o)
                0x08009d50                __mcmp
 .text.__mdiff  0x08009d90      0x14c d:/gcc-arm-none-eabi/bin/../lib/gcc/arm-none-eabi/10.3.1/../../../../arm-none-eabi/lib/thumb/v7-m/nofp\libg.a(lib_a-mprec.o)
                0x08009d90                __mdiff
 .text.__d2b    0x08009edc       0xc4 d:/gcc-arm-none-eabi/bin/../lib/gcc/arm-none-eabi/10.3.1/../../../../arm-none-eabi/lib/thumb/v7-m/nofp\libg.a(lib_a-mprec.o)
                0x08009edc                __d2b
 .text.frexp    0x08009fa0       0x70 d:/gcc-arm-none-eabi/bin/../lib/gcc/arm-none-eabi/10.3.1/../../../../arm-none-eabi/lib/thumb/v7-m/nofp\libg.a(lib_a-s_frexp.o)
                0x08009fa0                frexp
 .text._sbrk_r  0x0800a010       0x24 d:/gcc-arm-none-eabi/bin/../lib/gcc/arm-none-eabi/10.3.1/../../../../arm-none-eabi/lib/thumb/v7-m/nofp\libg.a(lib_a-sbrkr.o)
                0x0800a010                _sbrk_r
 .text.__sread  0x0800a034       0x24 d:/gcc-arm-none-eabi/bin/../lib/gcc/arm-none-eabi/10.3.1/../../../../arm-none-eabi/lib/thumb/v7-m/nofp\libg.a(lib_a-stdio.o)
                0x0800a034                __sread
 .text.__swrite
                0x0800a058       0x40 d:/gcc-arm-none-eabi/bin/../lib/gcc/arm-none-eabi/10.3.1/../../../../arm-none-eabi/lib/thumb/v7-m/nofp\libg.a(lib_a-stdio.o)
                0x0800a058                __swrite
 .text.__sseek  0x0800a098       0x20 d:/gcc-arm-none-eabi/bin/../lib/gcc/arm-none-eabi/10.3.1/../../../../arm-none-eabi/lib/thumb/v7-m/nofp\libg.a(lib_a-stdio.o)
                0x0800a098                __sseek
 .text.__sclose
                0x0800a0b8        0x8 d:/gcc-arm-none-eabi/bin/../lib/gcc/arm-none-eabi/10.3.1/../../../../arm-none-eabi/lib/thumb/v7-m/nofp\libg.a(lib_a-stdio.o)
                0x0800a0b8                __sclose
 .text.strncpy  0x0800a0c0       0x68 d:/gcc-arm-none-eabi/bin/../lib/gcc/arm-none-eabi/10.3.1/../../../../arm-none-eabi/lib/thumb/v7-m/nofp\libg.a(lib_a-strncpy.o)
                0x0800a0c0                strncpy
 .text._svfprintf_r
                0x0800a128     0x1aa4 d:/gcc-arm-none-eabi/bin/../lib/gcc/arm-none-eabi/10.3.1/../../../../arm-none-eabi/lib/thumb/v7-m/nofp\libg.a(lib_a-svfprintf.o)
                0x0800a128                _svfprintf_r
 .text.__sprint_r.part.0
                0x0800bbcc       0x78 d:/gcc-arm-none-eabi/bin/../lib/gcc/arm-none-eabi/10.3.1/../../../../arm-none-eabi/lib/thumb/v7-m/nofp\libg.a(lib_a-vfiprintf.o)
 .text.__sprint_r
                0x0800bc44       0x14 d:/gcc-arm-none-eabi/bin/../lib/gcc/arm-none-eabi/10.3.1/../../../../arm-none-eabi/lib/thumb/v7-m/nofp\libg.a(lib_a-vfiprintf.o)
                0x0800bc44                __sprint_r
 .text._vfiprintf_r
                0x0800bc58      0xd98 d:/gcc-arm-none-eabi/bin/../lib/gcc/arm-none-eabi/10.3.1/../../../../arm-none-eabi/lib/thumb/v7-m/nofp\libg.a(lib_a-vfiprintf.o)
                0x0800bc58                _vfiprintf_r
 .text.__sbprintf
                0x0800c9f0       0x84 d:/gcc-arm-none-eabi/bin/../lib/gcc/arm-none-eabi/10.3.1/../../../../arm-none-eabi/lib/thumb/v7-m/nofp\libg.a(lib_a-vfiprintf.o)
 .text._write_r
                0x0800ca74       0x2c d:/gcc-arm-none-eabi/bin/../lib/gcc/arm-none-eabi/10.3.1/../../../../arm-none-eabi/lib/thumb/v7-m/nofp\libg.a(lib_a-writer.o)
                0x0800ca74                _write_r
 .text.__register_exitproc
                0x0800caa0       0x8c d:/gcc-arm-none-eabi/bin/../lib/gcc/arm-none-eabi/10.3.1/../../../../arm-none-eabi/lib/thumb/v7-m/nofp\libg.a(lib_a-__atexit.o)
                0x0800caa0                __register_exitproc
 .text.__assert_func
                0x0800cb2c       0x40 d:/gcc-arm-none-eabi/bin/../lib/gcc/arm-none-eabi/10.3.1/../../../../arm-none-eabi/lib/thumb/v7-m/nofp\libg.a(lib_a-assert.o)
                0x0800cb2c                __assert_func
 .text._calloc_r
                0x0800cb6c       0x78 d:/gcc-arm-none-eabi/bin/../lib/gcc/arm-none-eabi/10.3.1/../../../../arm-none-eabi/lib/thumb/v7-m/nofp\libg.a(lib_a-callocr.o)
                0x0800cb6c                _calloc_r
 .text._close_r
                0x0800cbe4       0x24 d:/gcc-arm-none-eabi/bin/../lib/gcc/arm-none-eabi/10.3.1/../../../../arm-none-eabi/lib/thumb/v7-m/nofp\libg.a(lib_a-closer.o)
                0x0800cbe4                _close_r
 .text._fclose_r
                0x0800cc08       0xcc d:/gcc-arm-none-eabi/bin/../lib/gcc/arm-none-eabi/10.3.1/../../../../arm-none-eabi/lib/thumb/v7-m/nofp\libg.a(lib_a-fclose.o)
                0x0800cc08                _fclose_r
 .text.fiprintf
                0x0800ccd4       0x28 d:/gcc-arm-none-eabi/bin/../lib/gcc/arm-none-eabi/10.3.1/../../../../arm-none-eabi/lib/thumb/v7-m/nofp\libg.a(lib_a-fiprintf.o)
                0x0800ccd4                fiprintf
 .text.__fputwc
                0x0800ccfc       0xa0 d:/gcc-arm-none-eabi/bin/../lib/gcc/arm-none-eabi/10.3.1/../../../../arm-none-eabi/lib/thumb/v7-m/nofp\libg.a(lib_a-fputwc.o)
                0x0800ccfc                __fputwc
 .text._fputwc_r
                0x0800cd9c       0x68 d:/gcc-arm-none-eabi/bin/../lib/gcc/arm-none-eabi/10.3.1/../../../../arm-none-eabi/lib/thumb/v7-m/nofp\libg.a(lib_a-fputwc.o)
                0x0800cd9c                _fputwc_r
 .text._fstat_r
                0x0800ce04       0x28 d:/gcc-arm-none-eabi/bin/../lib/gcc/arm-none-eabi/10.3.1/../../../../arm-none-eabi/lib/thumb/v7-m/nofp\libg.a(lib_a-fstatr.o)
                0x0800ce04                _fstat_r
 .text.__sfvwrite_r
                0x0800ce2c      0x2f0 d:/gcc-arm-none-eabi/bin/../lib/gcc/arm-none-eabi/10.3.1/../../../../arm-none-eabi/lib/thumb/v7-m/nofp\libg.a(lib_a-fvwrite.o)
                0x0800ce2c                __sfvwrite_r
 .text._isatty_r
                0x0800d11c       0x24 d:/gcc-arm-none-eabi/bin/../lib/gcc/arm-none-eabi/10.3.1/../../../../arm-none-eabi/lib/thumb/v7-m/nofp\libg.a(lib_a-isattyr.o)
                0x0800d11c                _isatty_r
 .text.__locale_mb_cur_max
                0x0800d140        0xc d:/gcc-arm-none-eabi/bin/../lib/gcc/arm-none-eabi/10.3.1/../../../../arm-none-eabi/lib/thumb/v7-m/nofp\libg.a(lib_a-locale.o)
                0x0800d140                __locale_mb_cur_max
 .text._lseek_r
                0x0800d14c       0x2c d:/gcc-arm-none-eabi/bin/../lib/gcc/arm-none-eabi/10.3.1/../../../../arm-none-eabi/lib/thumb/v7-m/nofp\libg.a(lib_a-lseekr.o)
                0x0800d14c                _lseek_r
 .text.__ascii_mbtowc
                0x0800d178       0x2c d:/gcc-arm-none-eabi/bin/../lib/gcc/arm-none-eabi/10.3.1/../../../../arm-none-eabi/lib/thumb/v7-m/nofp\libg.a(lib_a-mbtowc_r.o)
                0x0800d178                __ascii_mbtowc
 .text.memmove  0x0800d1a4       0xf8 d:/gcc-arm-none-eabi/bin/../lib/gcc/arm-none-eabi/10.3.1/../../../../arm-none-eabi/lib/thumb/v7-m/nofp\libg.a(lib_a-memmove.o)
                0x0800d1a4                memmove
 .text._read_r  0x0800d29c       0x2c d:/gcc-arm-none-eabi/bin/../lib/gcc/arm-none-eabi/10.3.1/../../../../arm-none-eabi/lib/thumb/v7-m/nofp\libg.a(lib_a-readr.o)
                0x0800d29c                _read_r
 .text._realloc_r
                0x0800d2c8      0x3dc d:/gcc-arm-none-eabi/bin/../lib/gcc/arm-none-eabi/10.3.1/../../../../arm-none-eabi/lib/thumb/v7-m/nofp\libg.a(lib_a-reallocr.o)
                0x0800d2c8                _realloc_r
 .text.__ssprint_r
                0x0800d6a4       0xfc d:/gcc-arm-none-eabi/bin/../lib/gcc/arm-none-eabi/10.3.1/../../../../arm-none-eabi/lib/thumb/v7-m/nofp\libg.a(lib_a-svfiprintf.o)
                0x0800d6a4                __ssprint_r
 .text.__swbuf_r
                0x0800d7a0       0xb0 d:/gcc-arm-none-eabi/bin/../lib/gcc/arm-none-eabi/10.3.1/../../../../arm-none-eabi/lib/thumb/v7-m/nofp\libg.a(lib_a-wbuf.o)
                0x0800d7a0                __swbuf_r
 .text._wcrtomb_r
                0x0800d850       0x3c d:/gcc-arm-none-eabi/bin/../lib/gcc/arm-none-eabi/10.3.1/../../../../arm-none-eabi/lib/thumb/v7-m/nofp\libg.a(lib_a-wcrtomb.o)
                0x0800d850                _wcrtomb_r
 .text.__ascii_wctomb
                0x0800d88c       0x1c d:/gcc-arm-none-eabi/bin/../lib/gcc/arm-none-eabi/10.3.1/../../../../arm-none-eabi/lib/thumb/v7-m/nofp\libg.a(lib_a-wctomb_r.o)
                0x0800d88c                __ascii_wctomb
 .text.abort    0x0800d8a8       0x10 d:/gcc-arm-none-eabi/bin/../lib/gcc/arm-none-eabi/10.3.1/../../../../arm-none-eabi/lib/thumb/v7-m/nofp\libg.a(lib_a-abort.o)
                0x0800d8a8                abort
 .text.raise    0x0800d8b8       0x5c d:/gcc-arm-none-eabi/bin/../lib/gcc/arm-none-eabi/10.3.1/../../../../arm-none-eabi/lib/thumb/v7-m/nofp\libg.a(lib_a-signal.o)
                0x0800d8b8                raise
 .text._kill_r  0x0800d914       0x28 d:/gcc-arm-none-eabi/bin/../lib/gcc/arm-none-eabi/10.3.1/../../../../arm-none-eabi/lib/thumb/v7-m/nofp\libg.a(lib_a-signalr.o)
                0x0800d914                _kill_r
 .text._getpid_r
                0x0800d93c        0x4 d:/gcc-arm-none-eabi/bin/../lib/gcc/arm-none-eabi/10.3.1/../../../../arm-none-eabi/lib/thumb/v7-m/nofp\libg.a(lib_a-signalr.o)
                0x0800d93c                _getpid_r
 *(.glue_7)
 .glue_7        0x0800d940        0x0 linker stubs
 *(.glue_7t)
 .glue_7t       0x0800d940        0x0 linker stubs
 *(.eh_frame)
 .eh_frame      0x0800d940        0x0 d:/gcc-arm-none-eabi/bin/../lib/gcc/arm-none-eabi/10.3.1/thumb/v7-m/nofp/crtbegin.o
 *(.init)
 .init          0x0800d940        0x4 d:/gcc-arm-none-eabi/bin/../lib/gcc/arm-none-eabi/10.3.1/thumb/v7-m/nofp/crti.o
                0x0800d940                _init
 .init          0x0800d944        0x8 d:/gcc-arm-none-eabi/bin/../lib/gcc/arm-none-eabi/10.3.1/thumb/v7-m/nofp/crtn.o
 *(.fini)
 .fini          0x0800d94c        0x4 d:/gcc-arm-none-eabi/bin/../lib/gcc/arm-none-eabi/10.3.1/thumb/v7-m/nofp/crti.o
                0x0800d94c                _fini
 .fini          0x0800d950        0x8 d:/gcc-arm-none-eabi/bin/../lib/gcc/arm-none-eabi/10.3.1/thumb/v7-m/nofp/crtn.o
                0x0800d958                . = ALIGN (0x4)
                0x0800d958                _etext = .

.vfp11_veneer   0x0800d958        0x0
 .vfp11_veneer  0x0800d958        0x0 linker stubs

.v4_bx          0x0800d958        0x0
 .v4_bx         0x0800d958        0x0 linker stubs

.iplt           0x0800d958        0x0
 .iplt          0x0800d958        0x0 d:/gcc-arm-none-eabi/bin/../lib/gcc/arm-none-eabi/10.3.1/thumb/v7-m/nofp/crtbegin.o

.rodata         0x0800d958     0x8930
                0x0800d958                . = ALIGN (0x4)
 *(.rodata)
 *(.rodata*)
 .rodata.main.str1.4
                0x0800d958       0x10 CMakeFiles/debugger-code.elf.dir/Core/Src/main.c.obj
 .rodata.AHBPrescTable
                0x0800d968       0x10 CMakeFiles/debugger-code.elf.dir/Core/Src/system_stm32f1xx.c.obj
                0x0800d968                AHBPrescTable
 .rodata.APBPrescTable
                0x0800d978        0x8 CMakeFiles/debugger-code.elf.dir/Core/Src/system_stm32f1xx.c.obj
                0x0800d978                APBPrescTable
 .rodata.HAL_RCC_GetSysClockFreq.str1.4
                0x0800d980       0x11 CMakeFiles/debugger-code.elf.dir/Drivers/STM32F1xx_HAL_Driver/Src/stm32f1xx_hal_rcc.c.obj
 *fill*         0x0800d991        0x3 
 .rodata.Font_6_12
                0x0800d994      0x474 CMakeFiles/debugger-code.elf.dir/GUI/gui_base.c.obj
                0x0800d994                Font_6_12
 .rodata.gImage_DynamicX
                0x0800de08     0x8000 CMakeFiles/debugger-code.elf.dir/GUI/gui_base.c.obj
                0x0800de08                gImage_DynamicX
 .rodata.gui_button_update.str1.4
                0x08015e08        0x3 CMakeFiles/debugger-code.elf.dir/GUI/gui_button.c.obj
 .rodata.gui_label_update.str1.4
                0x08015e0b        0x3 CMakeFiles/debugger-code.elf.dir/GUI/gui_label.c.obj
 *fill*         0x08015e0b        0x1 
 .rodata.main_Form_Init.str1.4
                0x08015e0c       0x22 CMakeFiles/debugger-code.elf.dir/forms/main_forms.c.obj
 *fill*         0x08015e2e        0x2 
 .rodata.main_Form_Load.str1.4
                0x08015e30        0x3 CMakeFiles/debugger-code.elf.dir/forms/main_forms.c.obj
 *fill*         0x08015e33        0x1 
 .rodata.Suscap_Debuger_Show_Init.str1.4
                0x08015e34       0x3a CMakeFiles/debugger-code.elf.dir/forms/suscap_debuger_forms.c.obj
 *fill*         0x08015e6e        0x2 
 .rodata._global_impure_ptr
                0x08015e70        0x4 d:/gcc-arm-none-eabi/bin/../lib/gcc/arm-none-eabi/10.3.1/../../../../arm-none-eabi/lib/thumb/v7-m/nofp\libg.a(lib_a-impure.o)
                0x08015e70                _global_impure_ptr
 .rodata._vfprintf_r.str1.4
                0x08015e74       0x3f d:/gcc-arm-none-eabi/bin/../lib/gcc/arm-none-eabi/10.3.1/../../../../arm-none-eabi/lib/thumb/v7-m/nofp\libg.a(lib_a-vfprintf.o)
                                 0x42 (size before relaxing)
 *fill*         0x08015eb3        0x1 
 .rodata.blanks.1
                0x08015eb4       0x10 d:/gcc-arm-none-eabi/bin/../lib/gcc/arm-none-eabi/10.3.1/../../../../arm-none-eabi/lib/thumb/v7-m/nofp\libg.a(lib_a-vfprintf.o)
 .rodata.zeroes.0
                0x08015ec4       0x10 d:/gcc-arm-none-eabi/bin/../lib/gcc/arm-none-eabi/10.3.1/../../../../arm-none-eabi/lib/thumb/v7-m/nofp\libg.a(lib_a-vfprintf.o)
 .rodata._dtoa_r.str1.4
                0x08015ed4       0xa2 d:/gcc-arm-none-eabi/bin/../lib/gcc/arm-none-eabi/10.3.1/../../../../arm-none-eabi/lib/thumb/v7-m/nofp\libg.a(lib_a-dtoa.o)
                                 0xa6 (size before relaxing)
 *fill*         0x08015f76        0x2 
 .rodata.__multadd.str1.4
                0x08015f78       0x7f d:/gcc-arm-none-eabi/bin/../lib/gcc/arm-none-eabi/10.3.1/../../../../arm-none-eabi/lib/thumb/v7-m/nofp\libg.a(lib_a-mprec.o)
                                 0x93 (size before relaxing)
 *fill*         0x08015ff7        0x1 
 .rodata.__mprec_bigtens
                0x08015ff8       0x28 d:/gcc-arm-none-eabi/bin/../lib/gcc/arm-none-eabi/10.3.1/../../../../arm-none-eabi/lib/thumb/v7-m/nofp\libg.a(lib_a-mprec.o)
                0x08015ff8                __mprec_bigtens
 .rodata.__mprec_tens
                0x08016020       0xc8 d:/gcc-arm-none-eabi/bin/../lib/gcc/arm-none-eabi/10.3.1/../../../../arm-none-eabi/lib/thumb/v7-m/nofp\libg.a(lib_a-mprec.o)
                0x08016020                __mprec_tens
 .rodata.p05.0  0x080160e8        0xc d:/gcc-arm-none-eabi/bin/../lib/gcc/arm-none-eabi/10.3.1/../../../../arm-none-eabi/lib/thumb/v7-m/nofp\libg.a(lib_a-mprec.o)
 .rodata._svfprintf_r.str1.4
                0x080160f4       0x42 d:/gcc-arm-none-eabi/bin/../lib/gcc/arm-none-eabi/10.3.1/../../../../arm-none-eabi/lib/thumb/v7-m/nofp\libg.a(lib_a-svfprintf.o)
 .rodata.blanks.1
                0x080160f4       0x10 d:/gcc-arm-none-eabi/bin/../lib/gcc/arm-none-eabi/10.3.1/../../../../arm-none-eabi/lib/thumb/v7-m/nofp\libg.a(lib_a-svfprintf.o)
 .rodata.zeroes.0
                0x08016104       0x10 d:/gcc-arm-none-eabi/bin/../lib/gcc/arm-none-eabi/10.3.1/../../../../arm-none-eabi/lib/thumb/v7-m/nofp\libg.a(lib_a-svfprintf.o)
 .rodata._vfiprintf_r.str1.4
                0x08016114       0x2f d:/gcc-arm-none-eabi/bin/../lib/gcc/arm-none-eabi/10.3.1/../../../../arm-none-eabi/lib/thumb/v7-m/nofp\libg.a(lib_a-vfiprintf.o)
 .rodata.blanks.1
                0x08016114       0x10 d:/gcc-arm-none-eabi/bin/../lib/gcc/arm-none-eabi/10.3.1/../../../../arm-none-eabi/lib/thumb/v7-m/nofp\libg.a(lib_a-vfiprintf.o)
 .rodata.zeroes.0
                0x08016124       0x10 d:/gcc-arm-none-eabi/bin/../lib/gcc/arm-none-eabi/10.3.1/../../../../arm-none-eabi/lib/thumb/v7-m/nofp\libg.a(lib_a-vfiprintf.o)
 .rodata.__assert_func.str1.4
                0x08016134       0x3f d:/gcc-arm-none-eabi/bin/../lib/gcc/arm-none-eabi/10.3.1/../../../../arm-none-eabi/lib/thumb/v7-m/nofp\libg.a(lib_a-assert.o)
                                 0x43 (size before relaxing)
 *fill*         0x08016173        0x1 
 .rodata._setlocale_r.str1.4
                0x08016174        0xa d:/gcc-arm-none-eabi/bin/../lib/gcc/arm-none-eabi/10.3.1/../../../../arm-none-eabi/lib/thumb/v7-m/nofp\libg.a(lib_a-locale.o)
                                  0xd (size before relaxing)
 *fill*         0x0801617e        0x2 
 .rodata.str1.4
                0x08016180        0x2 d:/gcc-arm-none-eabi/bin/../lib/gcc/arm-none-eabi/10.3.1/../../../../arm-none-eabi/lib/thumb/v7-m/nofp\libg.a(lib_a-locale.o)
 *fill*         0x08016182        0x2 
 .rodata._ctype_
                0x08016184      0x101 d:/gcc-arm-none-eabi/bin/../lib/gcc/arm-none-eabi/10.3.1/../../../../arm-none-eabi/lib/thumb/v7-m/nofp\libg.a(lib_a-ctype_.o)
                0x08016184                _ctype_
                0x08016288                . = ALIGN (0x4)
 *fill*         0x08016285        0x3 

.ARM.extab      0x08016288        0x0
                0x08016288                . = ALIGN (0x4)
 *(.ARM.extab* .gnu.linkonce.armextab.*)
                0x08016288                . = ALIGN (0x4)

.ARM            0x08016288        0x8
                0x08016288                . = ALIGN (0x4)
                0x08016288                __exidx_start = .
 *(.ARM.exidx*)
 .ARM.exidx     0x08016288        0x8 d:/gcc-arm-none-eabi/bin/../lib/gcc/arm-none-eabi/10.3.1/thumb/v7-m/nofp\libgcc.a(_udivmoddi4.o)
                0x08016290                __exidx_end = .
                0x08016290                . = ALIGN (0x4)

.rel.dyn        0x08016290        0x0
 .rel.iplt      0x08016290        0x0 d:/gcc-arm-none-eabi/bin/../lib/gcc/arm-none-eabi/10.3.1/thumb/v7-m/nofp/crtbegin.o

.preinit_array  0x08016290        0x0
                0x08016290                . = ALIGN (0x4)
                0x08016290                PROVIDE (__preinit_array_start = .)
 *(.preinit_array*)
                0x08016290                PROVIDE (__preinit_array_end = .)
                0x08016290                . = ALIGN (0x4)

.init_array     0x08016290        0x8
                0x08016290                . = ALIGN (0x4)
                0x08016290                PROVIDE (__init_array_start = .)
 *(SORT_BY_NAME(.init_array.*))
 .init_array.00000
                0x08016290        0x4 d:/gcc-arm-none-eabi/bin/../lib/gcc/arm-none-eabi/10.3.1/../../../../arm-none-eabi/lib/thumb/v7-m/nofp\libg.a(lib_a-__call_atexit.o)
 *(.init_array*)
 .init_array    0x08016294        0x4 d:/gcc-arm-none-eabi/bin/../lib/gcc/arm-none-eabi/10.3.1/thumb/v7-m/nofp/crtbegin.o
                0x08016298                PROVIDE (__init_array_end = .)
                0x08016298                . = ALIGN (0x4)

.fini_array     0x08016298        0x4
                0x08016298                . = ALIGN (0x4)
                0x08016298                PROVIDE (__fini_array_start = .)
 *(SORT_BY_NAME(.fini_array.*))
 *(.fini_array*)
 .fini_array    0x08016298        0x4 d:/gcc-arm-none-eabi/bin/../lib/gcc/arm-none-eabi/10.3.1/thumb/v7-m/nofp/crtbegin.o
                0x0801629c                PROVIDE (__fini_array_end = .)
                0x0801629c                . = ALIGN (0x4)
                0x0801629c                _sidata = LOADADDR (.data)

.data           0x20000000      0x9b8 load address 0x0801629c
                0x20000000                . = ALIGN (0x4)
                0x20000000                _sdata = .
 *(.data)
 *(.data*)
 .data.SystemCoreClock
                0x20000000        0x4 CMakeFiles/debugger-code.elf.dir/Core/Src/system_stm32f1xx.c.obj
                0x20000000                SystemCoreClock
 .data.uwTickFreq
                0x20000004        0x1 CMakeFiles/debugger-code.elf.dir/Drivers/STM32F1xx_HAL_Driver/Src/stm32f1xx_hal.c.obj
                0x20000004                uwTickFreq
 *fill*         0x20000005        0x3 
 .data.uwTickPrio
                0x20000008        0x4 CMakeFiles/debugger-code.elf.dir/Drivers/STM32F1xx_HAL_Driver/Src/stm32f1xx_hal.c.obj
                0x20000008                uwTickPrio
 .data._impure_ptr
                0x2000000c        0x4 d:/gcc-arm-none-eabi/bin/../lib/gcc/arm-none-eabi/10.3.1/../../../../arm-none-eabi/lib/thumb/v7-m/nofp\libg.a(lib_a-impure.o)
                0x2000000c                _impure_ptr
 .data.impure_data
                0x20000010      0x428 d:/gcc-arm-none-eabi/bin/../lib/gcc/arm-none-eabi/10.3.1/../../../../arm-none-eabi/lib/thumb/v7-m/nofp\libg.a(lib_a-impure.o)
 .data.__atexit_recursive_mutex
                0x20000438        0x4 d:/gcc-arm-none-eabi/bin/../lib/gcc/arm-none-eabi/10.3.1/../../../../arm-none-eabi/lib/thumb/v7-m/nofp\libg.a(lib_a-__call_atexit.o)
                0x20000438                __atexit_recursive_mutex
 .data.__malloc_av_
                0x2000043c      0x408 d:/gcc-arm-none-eabi/bin/../lib/gcc/arm-none-eabi/10.3.1/../../../../arm-none-eabi/lib/thumb/v7-m/nofp\libg.a(lib_a-mallocr.o)
                0x2000043c                __malloc_av_
 .data.__malloc_sbrk_base
                0x20000844        0x4 d:/gcc-arm-none-eabi/bin/../lib/gcc/arm-none-eabi/10.3.1/../../../../arm-none-eabi/lib/thumb/v7-m/nofp\libg.a(lib_a-mallocr.o)
                0x20000844                __malloc_sbrk_base
 .data.__malloc_trim_threshold
                0x20000848        0x4 d:/gcc-arm-none-eabi/bin/../lib/gcc/arm-none-eabi/10.3.1/../../../../arm-none-eabi/lib/thumb/v7-m/nofp\libg.a(lib_a-mallocr.o)
                0x20000848                __malloc_trim_threshold
 .data.__global_locale
                0x2000084c      0x16c d:/gcc-arm-none-eabi/bin/../lib/gcc/arm-none-eabi/10.3.1/../../../../arm-none-eabi/lib/thumb/v7-m/nofp\libg.a(lib_a-locale.o)
                0x2000084c                __global_locale
 *(.RamFunc)
 *(.RamFunc*)
                0x200009b8                . = ALIGN (0x4)
                0x200009b8                _edata = .

.igot.plt       0x200009b8        0x0 load address 0x08016c54
 .igot.plt      0x200009b8        0x0 d:/gcc-arm-none-eabi/bin/../lib/gcc/arm-none-eabi/10.3.1/thumb/v7-m/nofp/crtbegin.o
                0x200009b8                . = ALIGN (0x4)

.bss            0x200009b8     0xa444 load address 0x08016c54
                0x200009b8                _sbss = .
                0x200009b8                __bss_start__ = _sbss
 *(.bss)
 .bss           0x200009b8       0x1c d:/gcc-arm-none-eabi/bin/../lib/gcc/arm-none-eabi/10.3.1/thumb/v7-m/nofp/crtbegin.o
 *(.bss*)
 .bss.hcan      0x200009d4       0x28 CMakeFiles/debugger-code.elf.dir/Core/Src/can.c.obj
                0x200009d4                hcan
 .bss.delay_us_factor
                0x200009fc        0x4 CMakeFiles/debugger-code.elf.dir/Core/Src/delay.c.obj
 .bss.forms     0x20000a00        0x1 CMakeFiles/debugger-code.elf.dir/Core/Src/main.c.obj
                0x20000a00                forms
 .bss.key_Enter_flag
                0x20000a01        0x1 CMakeFiles/debugger-code.elf.dir/Core/Src/main.c.obj
                0x20000a01                key_Enter_flag
 .bss.key_Select_flag
                0x20000a02        0x1 CMakeFiles/debugger-code.elf.dir/Core/Src/main.c.obj
                0x20000a02                key_Select_flag
 .bss.key_Verify_flag
                0x20000a03        0x1 CMakeFiles/debugger-code.elf.dir/Core/Src/main.c.obj
                0x20000a03                key_Verify_flag
 .bss.twinkles  0x20000a04        0x2 CMakeFiles/debugger-code.elf.dir/Core/Src/main.c.obj
                0x20000a04                twinkles
 .bss.x         0x20000a06        0x2 CMakeFiles/debugger-code.elf.dir/Core/Src/main.c.obj
                0x20000a06                x
 .bss.y         0x20000a08        0x2 CMakeFiles/debugger-code.elf.dir/Core/Src/main.c.obj
                0x20000a08                y
 *fill*         0x20000a0a        0x2 
 .bss.can_id    0x20000a0c        0xc CMakeFiles/debugger-code.elf.dir/Core/Src/motor.c.obj
                0x20000a0c                can_id
 .bss.can_rx_data
                0x20000a18        0x8 CMakeFiles/debugger-code.elf.dir/Core/Src/motor.c.obj
                0x20000a18                can_rx_data
 .bss.twinkles_time
                0x20000a20        0x2 CMakeFiles/debugger-code.elf.dir/Core/Src/motor.c.obj
                0x20000a20                twinkles_time
 *fill*         0x20000a22        0x2 
 .bss.gHuart    0x20000a24        0x4 CMakeFiles/debugger-code.elf.dir/Core/Src/retarget.c.obj
                0x20000a24                gHuart
 .bss.hdma_spi3_tx
                0x20000a28       0x44 CMakeFiles/debugger-code.elf.dir/Core/Src/spi.c.obj
                0x20000a28                hdma_spi3_tx
 .bss.hspi1     0x20000a6c       0x58 CMakeFiles/debugger-code.elf.dir/Core/Src/spi.c.obj
                0x20000a6c                hspi1
 .bss.hspi2     0x20000ac4       0x58 CMakeFiles/debugger-code.elf.dir/Core/Src/spi.c.obj
                0x20000ac4                hspi2
 .bss.hspi3     0x20000b1c       0x58 CMakeFiles/debugger-code.elf.dir/Core/Src/spi.c.obj
                0x20000b1c                hspi3
 .bss.__sbrk_heap_end
                0x20000b74        0x4 CMakeFiles/debugger-code.elf.dir/Core/Src/sysmem.c.obj
 .bss.htim1     0x20000b78       0x48 CMakeFiles/debugger-code.elf.dir/Core/Src/tim.c.obj
                0x20000b78                htim1
 .bss.htim4     0x20000bc0       0x48 CMakeFiles/debugger-code.elf.dir/Core/Src/tim.c.obj
                0x20000bc0                htim4
 .bss.htim6     0x20000c08       0x48 CMakeFiles/debugger-code.elf.dir/Core/Src/tim.c.obj
                0x20000c08                htim6
 .bss.huart1    0x20000c50       0x44 CMakeFiles/debugger-code.elf.dir/Core/Src/usart.c.obj
                0x20000c50                huart1
 .bss.huart4    0x20000c94       0x44 CMakeFiles/debugger-code.elf.dir/Core/Src/usart.c.obj
                0x20000c94                huart4
 .bss.uwTick    0x20000cd8        0x4 CMakeFiles/debugger-code.elf.dir/Drivers/STM32F1xx_HAL_Driver/Src/stm32f1xx_hal.c.obj
                0x20000cd8                uwTick
 .bss.lcd_buffer
                0x20000cdc     0xa000 CMakeFiles/debugger-code.elf.dir/GUI/gui_base.c.obj
                0x20000cdc                lcd_buffer
 .bss.button_CanId
                0x2000acdc       0x14 CMakeFiles/debugger-code.elf.dir/forms/main_forms.c.obj
                0x2000acdc                button_CanId
 .bss.button_Dail
                0x2000acf0       0x14 CMakeFiles/debugger-code.elf.dir/forms/main_forms.c.obj
                0x2000acf0                button_Dail
 .bss.button_SuscapDebuger
                0x2000ad04       0x14 CMakeFiles/debugger-code.elf.dir/forms/main_forms.c.obj
                0x2000ad04                button_SuscapDebuger
 .bss.label_mainForms
                0x2000ad18       0x24 CMakeFiles/debugger-code.elf.dir/forms/main_forms.c.obj
                0x2000ad18                label_mainForms
 .bss.button_ChargeFirst
                0x2000ad3c       0x14 CMakeFiles/debugger-code.elf.dir/forms/suscap_debuger_forms.c.obj
                0x2000ad3c                button_ChargeFirst
 .bss.button_Normal
                0x2000ad50       0x14 CMakeFiles/debugger-code.elf.dir/forms/suscap_debuger_forms.c.obj
                0x2000ad50                button_Normal
 .bss.button_Show
                0x2000ad64       0x14 CMakeFiles/debugger-code.elf.dir/forms/suscap_debuger_forms.c.obj
                0x2000ad64                button_Show
 .bss.button_SuscapTest
                0x2000ad78       0x14 CMakeFiles/debugger-code.elf.dir/forms/suscap_debuger_forms.c.obj
                0x2000ad78                button_SuscapTest
 .bss.button_Turnbuck
                0x2000ad8c       0x14 CMakeFiles/debugger-code.elf.dir/forms/suscap_debuger_forms.c.obj
                0x2000ad8c                button_Turnbuck
 .bss.button_UseFirst
                0x2000ada0       0x14 CMakeFiles/debugger-code.elf.dir/forms/suscap_debuger_forms.c.obj
                0x2000ada0                button_UseFirst
 .bss.__lock___atexit_recursive_mutex
                0x2000adb4        0x1 d:/gcc-arm-none-eabi/bin/../lib/gcc/arm-none-eabi/10.3.1/../../../../arm-none-eabi/lib/thumb/v7-m/nofp\libg.a(lib_a-lock.o)
                0x2000adb4                __lock___atexit_recursive_mutex
 *fill*         0x2000adb5        0x3 
 .bss.__lock___malloc_recursive_mutex
                0x2000adb8        0x1 d:/gcc-arm-none-eabi/bin/../lib/gcc/arm-none-eabi/10.3.1/../../../../arm-none-eabi/lib/thumb/v7-m/nofp\libg.a(lib_a-lock.o)
                0x2000adb8                __lock___malloc_recursive_mutex
 *fill*         0x2000adb9        0x3 
 .bss.__lock___sfp_recursive_mutex
                0x2000adbc        0x1 d:/gcc-arm-none-eabi/bin/../lib/gcc/arm-none-eabi/10.3.1/../../../../arm-none-eabi/lib/thumb/v7-m/nofp\libg.a(lib_a-lock.o)
                0x2000adbc                __lock___sfp_recursive_mutex
 *fill*         0x2000adbd        0x3 
 .bss.__lock___sinit_recursive_mutex
                0x2000adc0        0x1 d:/gcc-arm-none-eabi/bin/../lib/gcc/arm-none-eabi/10.3.1/../../../../arm-none-eabi/lib/thumb/v7-m/nofp\libg.a(lib_a-lock.o)
                0x2000adc0                __lock___sinit_recursive_mutex
 *fill*         0x2000adc1        0x3 
 .bss.__malloc_current_mallinfo
                0x2000adc4       0x28 d:/gcc-arm-none-eabi/bin/../lib/gcc/arm-none-eabi/10.3.1/../../../../arm-none-eabi/lib/thumb/v7-m/nofp\libg.a(lib_a-mallocr.o)
                0x2000adc4                __malloc_current_mallinfo
 .bss.__malloc_max_sbrked_mem
                0x2000adec        0x4 d:/gcc-arm-none-eabi/bin/../lib/gcc/arm-none-eabi/10.3.1/../../../../arm-none-eabi/lib/thumb/v7-m/nofp\libg.a(lib_a-mallocr.o)
                0x2000adec                __malloc_max_sbrked_mem
 .bss.__malloc_max_total_mem
                0x2000adf0        0x4 d:/gcc-arm-none-eabi/bin/../lib/gcc/arm-none-eabi/10.3.1/../../../../arm-none-eabi/lib/thumb/v7-m/nofp\libg.a(lib_a-mallocr.o)
                0x2000adf0                __malloc_max_total_mem
 .bss.__malloc_top_pad
                0x2000adf4        0x4 d:/gcc-arm-none-eabi/bin/../lib/gcc/arm-none-eabi/10.3.1/../../../../arm-none-eabi/lib/thumb/v7-m/nofp\libg.a(lib_a-mallocr.o)
                0x2000adf4                __malloc_top_pad
 .bss.errno     0x2000adf8        0x4 d:/gcc-arm-none-eabi/bin/../lib/gcc/arm-none-eabi/10.3.1/../../../../arm-none-eabi/lib/thumb/v7-m/nofp\libg.a(lib_a-reent.o)
                0x2000adf8                errno
 *(COMMON)
                0x2000adfc                . = ALIGN (0x4)
                0x2000adfc                _ebss = .
                0x2000adfc                __bss_end__ = _ebss

._user_heap_stack
                0x2000adfc      0x604 load address 0x08016c54
                0x2000ae00                . = ALIGN (0x8)
 *fill*         0x2000adfc        0x4 
                [!provide]                PROVIDE (end = .)
                0x2000ae00                PROVIDE (_end = .)
                0x2000b000                . = (. + _Min_Heap_Size)
 *fill*         0x2000ae00      0x200 
                0x2000b400                . = (. + _Min_Stack_Size)
 *fill*         0x2000b000      0x400 
                0x2000b400                . = ALIGN (0x8)

/DISCARD/
 libc.a(*)
 libm.a(*)
 libgcc.a(*)

.ARM.attributes
                0x00000000       0x29
 *(.ARM.attributes)
 .ARM.attributes
                0x00000000       0x1d d:/gcc-arm-none-eabi/bin/../lib/gcc/arm-none-eabi/10.3.1/thumb/v7-m/nofp/crti.o
 .ARM.attributes
                0x0000001d       0x2d d:/gcc-arm-none-eabi/bin/../lib/gcc/arm-none-eabi/10.3.1/thumb/v7-m/nofp/crtbegin.o
 .ARM.attributes
                0x0000004a       0x2d CMakeFiles/debugger-code.elf.dir/Core/Src/can.c.obj
 .ARM.attributes
                0x00000077       0x2d CMakeFiles/debugger-code.elf.dir/Core/Src/delay.c.obj
 .ARM.attributes
                0x000000a4       0x2d CMakeFiles/debugger-code.elf.dir/Core/Src/dma.c.obj
 .ARM.attributes
                0x000000d1       0x2d CMakeFiles/debugger-code.elf.dir/Core/Src/gpio.c.obj
 .ARM.attributes
                0x000000fe       0x2d CMakeFiles/debugger-code.elf.dir/Core/Src/key.c.obj
 .ARM.attributes
                0x0000012b       0x2d CMakeFiles/debugger-code.elf.dir/Core/Src/main.c.obj
 .ARM.attributes
                0x00000158       0x2d CMakeFiles/debugger-code.elf.dir/Core/Src/motor.c.obj
 .ARM.attributes
                0x00000185       0x2d CMakeFiles/debugger-code.elf.dir/Core/Src/retarget.c.obj
 .ARM.attributes
                0x000001b2       0x2d CMakeFiles/debugger-code.elf.dir/Core/Src/spi.c.obj
 .ARM.attributes
                0x000001df       0x2d CMakeFiles/debugger-code.elf.dir/Core/Src/stm32f1xx_hal_msp.c.obj
 .ARM.attributes
                0x0000020c       0x2d CMakeFiles/debugger-code.elf.dir/Core/Src/stm32f1xx_it.c.obj
 .ARM.attributes
                0x00000239       0x2d CMakeFiles/debugger-code.elf.dir/Core/Src/syscalls.c.obj
 .ARM.attributes
                0x00000266       0x2d CMakeFiles/debugger-code.elf.dir/Core/Src/sysmem.c.obj
 .ARM.attributes
                0x00000293       0x2d CMakeFiles/debugger-code.elf.dir/Core/Src/system_stm32f1xx.c.obj
 .ARM.attributes
                0x000002c0       0x2d CMakeFiles/debugger-code.elf.dir/Core/Src/tim.c.obj
 .ARM.attributes
                0x000002ed       0x2d CMakeFiles/debugger-code.elf.dir/Core/Src/usart.c.obj
 .ARM.attributes
                0x0000031a       0x21 CMakeFiles/debugger-code.elf.dir/Core/Startup/startup_stm32f103rctx.s.obj
 .ARM.attributes
                0x0000033b       0x2d CMakeFiles/debugger-code.elf.dir/Drivers/STM32F1xx_HAL_Driver/Src/stm32f1xx_hal.c.obj
 .ARM.attributes
                0x00000368       0x2d CMakeFiles/debugger-code.elf.dir/Drivers/STM32F1xx_HAL_Driver/Src/stm32f1xx_hal_can.c.obj
 .ARM.attributes
                0x00000395       0x2d CMakeFiles/debugger-code.elf.dir/Drivers/STM32F1xx_HAL_Driver/Src/stm32f1xx_hal_cortex.c.obj
 .ARM.attributes
                0x000003c2       0x2d CMakeFiles/debugger-code.elf.dir/Drivers/STM32F1xx_HAL_Driver/Src/stm32f1xx_hal_dma.c.obj
 .ARM.attributes
                0x000003ef       0x2d CMakeFiles/debugger-code.elf.dir/Drivers/STM32F1xx_HAL_Driver/Src/stm32f1xx_hal_gpio.c.obj
 .ARM.attributes
                0x0000041c       0x2d CMakeFiles/debugger-code.elf.dir/Drivers/STM32F1xx_HAL_Driver/Src/stm32f1xx_hal_rcc.c.obj
 .ARM.attributes
                0x00000449       0x2d CMakeFiles/debugger-code.elf.dir/Drivers/STM32F1xx_HAL_Driver/Src/stm32f1xx_hal_spi.c.obj
 .ARM.attributes
                0x00000476       0x2d CMakeFiles/debugger-code.elf.dir/Drivers/STM32F1xx_HAL_Driver/Src/stm32f1xx_hal_tim.c.obj
 .ARM.attributes
                0x000004a3       0x2d CMakeFiles/debugger-code.elf.dir/Drivers/STM32F1xx_HAL_Driver/Src/stm32f1xx_hal_tim_ex.c.obj
 .ARM.attributes
                0x000004d0       0x2d CMakeFiles/debugger-code.elf.dir/Drivers/STM32F1xx_HAL_Driver/Src/stm32f1xx_hal_uart.c.obj
 .ARM.attributes
                0x000004fd       0x2d CMakeFiles/debugger-code.elf.dir/GUI/gui_base.c.obj
 .ARM.attributes
                0x0000052a       0x2d CMakeFiles/debugger-code.elf.dir/GUI/gui_button.c.obj
 .ARM.attributes
                0x00000557       0x2d CMakeFiles/debugger-code.elf.dir/GUI/gui_label.c.obj
 .ARM.attributes
                0x00000584       0x2d CMakeFiles/debugger-code.elf.dir/devices/lcd_init.c.obj
 .ARM.attributes
                0x000005b1       0x2d CMakeFiles/debugger-code.elf.dir/devices/xpt2046.c.obj
 .ARM.attributes
                0x000005de       0x2d CMakeFiles/debugger-code.elf.dir/forms/main_forms.c.obj
 .ARM.attributes
                0x0000060b       0x2d CMakeFiles/debugger-code.elf.dir/forms/suscap_debuger_forms.c.obj
 .ARM.attributes
                0x00000638       0x1d d:/gcc-arm-none-eabi/bin/../lib/gcc/arm-none-eabi/10.3.1/thumb/v7-m/nofp\libgcc.a(_arm_addsubsf3.o)
 .ARM.attributes
                0x00000655       0x1d d:/gcc-arm-none-eabi/bin/../lib/gcc/arm-none-eabi/10.3.1/thumb/v7-m/nofp\libgcc.a(_arm_muldivsf3.o)
 .ARM.attributes
                0x00000672       0x1d d:/gcc-arm-none-eabi/bin/../lib/gcc/arm-none-eabi/10.3.1/thumb/v7-m/nofp\libgcc.a(_arm_fixunssfsi.o)
 .ARM.attributes
                0x0000068f       0x2d d:/gcc-arm-none-eabi/bin/../lib/gcc/arm-none-eabi/10.3.1/../../../../arm-none-eabi/lib/thumb/v7-m/nofp\libg.a(lib_a-errno.o)
 .ARM.attributes
                0x000006bc       0x2d d:/gcc-arm-none-eabi/bin/../lib/gcc/arm-none-eabi/10.3.1/../../../../arm-none-eabi/lib/thumb/v7-m/nofp\libg.a(lib_a-impure.o)
 .ARM.attributes
                0x000006e9       0x2d d:/gcc-arm-none-eabi/bin/../lib/gcc/arm-none-eabi/10.3.1/../../../../arm-none-eabi/lib/thumb/v7-m/nofp\libg.a(lib_a-init.o)
 .ARM.attributes
                0x00000716       0x2d d:/gcc-arm-none-eabi/bin/../lib/gcc/arm-none-eabi/10.3.1/../../../../arm-none-eabi/lib/thumb/v7-m/nofp\libg.a(lib_a-memset.o)
 .ARM.attributes
                0x00000743       0x2d d:/gcc-arm-none-eabi/bin/../lib/gcc/arm-none-eabi/10.3.1/../../../../arm-none-eabi/lib/thumb/v7-m/nofp\libg.a(lib_a-printf.o)
 .ARM.attributes
                0x00000770       0x2d d:/gcc-arm-none-eabi/bin/../lib/gcc/arm-none-eabi/10.3.1/../../../../arm-none-eabi/lib/thumb/v7-m/nofp\libg.a(lib_a-setvbuf.o)
 .ARM.attributes
                0x0000079d       0x2d d:/gcc-arm-none-eabi/bin/../lib/gcc/arm-none-eabi/10.3.1/../../../../arm-none-eabi/lib/thumb/v7-m/nofp\libg.a(lib_a-strcpy.o)
 .ARM.attributes
                0x000007ca       0x2d d:/gcc-arm-none-eabi/bin/../lib/gcc/arm-none-eabi/10.3.1/../../../../arm-none-eabi/lib/thumb/v7-m/nofp\libg.a(lib_a-strlen-stub.o)
 .ARM.attributes
                0x000007f7       0x2d d:/gcc-arm-none-eabi/bin/../lib/gcc/arm-none-eabi/10.3.1/../../../../arm-none-eabi/lib/thumb/v7-m/nofp\libg.a(lib_a-vfprintf.o)
 .ARM.attributes
                0x00000824       0x2d d:/gcc-arm-none-eabi/bin/../lib/gcc/arm-none-eabi/10.3.1/../../../../arm-none-eabi/lib/thumb/v7-m/nofp\libg.a(lib_a-vsnprintf.o)
 .ARM.attributes
                0x00000851       0x2d d:/gcc-arm-none-eabi/bin/../lib/gcc/arm-none-eabi/10.3.1/../../../../arm-none-eabi/lib/thumb/v7-m/nofp\libg.a(lib_a-wsetup.o)
 .ARM.attributes
                0x0000087e       0x2d d:/gcc-arm-none-eabi/bin/../lib/gcc/arm-none-eabi/10.3.1/../../../../arm-none-eabi/lib/thumb/v7-m/nofp\libg.a(lib_a-__call_atexit.o)
 .ARM.attributes
                0x000008ab       0x2d d:/gcc-arm-none-eabi/bin/../lib/gcc/arm-none-eabi/10.3.1/../../../../arm-none-eabi/lib/thumb/v7-m/nofp\libg.a(lib_a-atexit.o)
 .ARM.attributes
                0x000008d8       0x2d d:/gcc-arm-none-eabi/bin/../lib/gcc/arm-none-eabi/10.3.1/../../../../arm-none-eabi/lib/thumb/v7-m/nofp\libg.a(lib_a-dtoa.o)
 .ARM.attributes