Archive member included to satisfy reference by file (symbol)

d:/gcc-arm-none-eabi/bin/../lib/gcc/arm-none-eabi/10.3.1/thumb/v7e-m+fp/hard\libgcc.a(_arm_muldf3.o)
                              CMakeFiles/debugger_code_f407.elf.dir/forms/imu_forms.c.obj (__aeabi_dmul)
d:/gcc-arm-none-eabi/bin/../lib/gcc/arm-none-eabi/10.3.1/thumb/v7e-m+fp/hard\libgcc.a(_arm_addsubdf3.o)
                              CMakeFiles/debugger_code_f407.elf.dir/forms/imu_forms.c.obj (__aeabi_dsub)
d:/gcc-arm-none-eabi/bin/../lib/gcc/arm-none-eabi/10.3.1/thumb/v7e-m+fp/hard\libgcc.a(_arm_cmpdf2.o)
                              CMakeFiles/debugger_code_f407.elf.dir/forms/imu_forms.c.obj (__aeabi_dcmplt)
d:/gcc-arm-none-eabi/bin/../lib/gcc/arm-none-eabi/10.3.1/thumb/v7e-m+fp/hard\libgcc.a(_arm_fixdfsi.o)
                              CMakeFiles/debugger_code_f407.elf.dir/forms/imu_forms.c.obj (__aeabi_d2iz)
d:/gcc-arm-none-eabi/bin/../lib/gcc/arm-none-eabi/10.3.1/thumb/v7e-m+fp/hard\libgcc.a(_arm_truncdfsf2.o)
                              CMakeFiles/debugger_code_f407.elf.dir/BMI088/MahonyAHRS.c.obj (__aeabi_d2f)
d:/gcc-arm-none-eabi/bin/../lib/gcc/arm-none-eabi/10.3.1/thumb/v7e-m+fp/hard\libgcc.a(_aeabi_uldivmod.o)
                              CMakeFiles/debugger_code_f407.elf.dir/Drivers/STM32F4xx_HAL_Driver/Src/stm32f4xx_hal_rcc.c.obj (__aeabi_uldivmod)
d:/gcc-arm-none-eabi/bin/../lib/gcc/arm-none-eabi/10.3.1/thumb/v7e-m+fp/hard\libgcc.a(_udivmoddi4.o)
                              d:/gcc-arm-none-eabi/bin/../lib/gcc/arm-none-eabi/10.3.1/thumb/v7e-m+fp/hard\libgcc.a(_aeabi_uldivmod.o) (__udivmoddi4)
d:/gcc-arm-none-eabi/bin/../lib/gcc/arm-none-eabi/10.3.1/thumb/v7e-m+fp/hard\libgcc.a(_dvmd_tls.o)
                              d:/gcc-arm-none-eabi/bin/../lib/gcc/arm-none-eabi/10.3.1/thumb/v7e-m+fp/hard\libgcc.a(_aeabi_uldivmod.o) (__aeabi_ldiv0)
d:/gcc-arm-none-eabi/bin/../lib/gcc/arm-none-eabi/10.3.1/../../../../arm-none-eabi/lib/thumb/v7e-m+fp/hard\libc.a(lib_a-errno.o)
                              CMakeFiles/debugger_code_f407.elf.dir/Core/Src/retarget.c.obj (__errno)
d:/gcc-arm-none-eabi/bin/../lib/gcc/arm-none-eabi/10.3.1/../../../../arm-none-eabi/lib/thumb/v7e-m+fp/hard\libc.a(lib_a-exit.o)
                              d:/gcc-arm-none-eabi/bin/../lib/gcc/arm-none-eabi/10.3.1/../../../../arm-none-eabi/lib/thumb/v7e-m+fp/hard/crt0.o (exit)
d:/gcc-arm-none-eabi/bin/../lib/gcc/arm-none-eabi/10.3.1/../../../../arm-none-eabi/lib/thumb/v7e-m+fp/hard\libc.a(lib_a-impure.o)
                              d:/gcc-arm-none-eabi/bin/../lib/gcc/arm-none-eabi/10.3.1/../../../../arm-none-eabi/lib/thumb/v7e-m+fp/hard\libc.a(lib_a-exit.o) (_global_impure_ptr)
d:/gcc-arm-none-eabi/bin/../lib/gcc/arm-none-eabi/10.3.1/../../../../arm-none-eabi/lib/thumb/v7e-m+fp/hard\libc.a(lib_a-init.o)
                              d:/gcc-arm-none-eabi/bin/../lib/gcc/arm-none-eabi/10.3.1/../../../../arm-none-eabi/lib/thumb/v7e-m+fp/hard/crt0.o (__libc_init_array)
d:/gcc-arm-none-eabi/bin/../lib/gcc/arm-none-eabi/10.3.1/../../../../arm-none-eabi/lib/thumb/v7e-m+fp/hard\libc.a(lib_a-malloc.o)
                              CMakeFiles/debugger_code_f407.elf.dir/support/fifo.c.obj (malloc)
d:/gcc-arm-none-eabi/bin/../lib/gcc/arm-none-eabi/10.3.1/../../../../arm-none-eabi/lib/thumb/v7e-m+fp/hard\libc.a(lib_a-mallocr.o)
                              d:/gcc-arm-none-eabi/bin/../lib/gcc/arm-none-eabi/10.3.1/../../../../arm-none-eabi/lib/thumb/v7e-m+fp/hard\libc.a(lib_a-malloc.o) (_malloc_r)
d:/gcc-arm-none-eabi/bin/../lib/gcc/arm-none-eabi/10.3.1/../../../../arm-none-eabi/lib/thumb/v7e-m+fp/hard\libc.a(lib_a-memcpy.o)
                              CMakeFiles/debugger_code_f407.elf.dir/Middlewares/Third_Party/FreeRTOS/Source/queue.c.obj (memcpy)
d:/gcc-arm-none-eabi/bin/../lib/gcc/arm-none-eabi/10.3.1/../../../../arm-none-eabi/lib/thumb/v7e-m+fp/hard\libc.a(lib_a-memset.o)
                              d:/gcc-arm-none-eabi/bin/../lib/gcc/arm-none-eabi/10.3.1/../../../../arm-none-eabi/lib/thumb/v7e-m+fp/hard/crt0.o (memset)
d:/gcc-arm-none-eabi/bin/../lib/gcc/arm-none-eabi/10.3.1/../../../../arm-none-eabi/lib/thumb/v7e-m+fp/hard\libc.a(lib_a-mlock.o)
                              d:/gcc-arm-none-eabi/bin/../lib/gcc/arm-none-eabi/10.3.1/../../../../arm-none-eabi/lib/thumb/v7e-m+fp/hard\libc.a(lib_a-mallocr.o) (__malloc_lock)
d:/gcc-arm-none-eabi/bin/../lib/gcc/arm-none-eabi/10.3.1/../../../../arm-none-eabi/lib/thumb/v7e-m+fp/hard\libc.a(lib_a-reent.o)
                              CMakeFiles/debugger_code_f407.elf.dir/Middlewares/Third_Party/FreeRTOS/Source/tasks.c.obj (_reclaim_reent)
d:/gcc-arm-none-eabi/bin/../lib/gcc/arm-none-eabi/10.3.1/../../../../arm-none-eabi/lib/thumb/v7e-m+fp/hard\libc.a(lib_a-sbrkr.o)
                              d:/gcc-arm-none-eabi/bin/../lib/gcc/arm-none-eabi/10.3.1/../../../../arm-none-eabi/lib/thumb/v7e-m+fp/hard\libc.a(lib_a-mallocr.o) (_sbrk_r)
[...]
Memory Configuration

Name             Origin             Length             Attributes
CCMRAM           0x10000000         0x00010000         xrw
RAM              0x20000000         0x00020000         xrw
FLASH            0x08000000         0x00080000         xr
*default*        0x00000000         0xffffffff

Linker script and memory map

LOAD d:/gcc-arm-none-eabi/bin/../lib/gcc/arm-none-eabi/10.3.1/thumb/v7e-m+fp/hard/crti.o
LOAD d:/gcc-arm-none-eabi/bin/../lib/gcc/arm-none-eabi/10.3.1/thumb/v7e-m+fp/hard/crtbegin.o
LOAD d:/gcc-arm-none-eabi/bin/../lib/gcc/arm-none-eabi/10.3.1/../../../../arm-none-eabi/lib/thumb/v7e-m+fp/hard/crt0.o
LOAD CMakeFiles/debugger_code_f407.elf.dir/BMI088/BMI1088.c.obj
LOAD CMakeFiles/debugger_code_f407.elf.dir/BMI088/MahonyAHRS.c.obj
LOAD CMakeFiles/debugger_code_f407.elf.dir/Core/Src/can.c.obj
LOAD CMakeFiles/debugger_code_f407.elf.dir/Core/Src/dma.c.obj
LOAD CMakeFiles/debugger_code_f407.elf.dir/Core/Src/freertos.c.obj
LOAD CMakeFiles/debugger_code_f407.elf.dir/Core/Src/gpio.c.obj
LOAD CMakeFiles/debugger_code_f407.elf.dir/Core/Src/main.c.obj
LOAD CMakeFiles/debugger_code_f407.elf.dir/Core/Src/retarget.c.obj
LOAD CMakeFiles/debugger_code_f407.elf.dir/Core/Src/spi.c.obj
LOAD CMakeFiles/debugger_code_f407.elf.dir/Core/Src/stm32f4xx_hal_msp.c.obj
LOAD CMakeFiles/debugger_code_f407.elf.dir/Core/Src/stm32f4xx_hal_timebase_tim.c.obj
LOAD CMakeFiles/debugger_code_f407.elf.dir/Core/Src/stm32f4xx_it.c.obj
LOAD CMakeFiles/debugger_code_f407.elf.dir/Core/Src/syscalls.c.obj
LOAD CMakeFiles/debugger_code_f407.elf.dir/Core/Src/sysmem.c.obj
LOAD CMakeFiles/debugger_code_f407.elf.dir/Core/Src/system_stm32f4xx.c.obj
LOAD CMakeFiles/debugger_code_f407.elf.dir/Core/Src/tim.c.obj
LOAD CMakeFiles/debugger_code_f407.elf.dir/Core/Src/usart.c.obj
LOAD CMakeFiles/debugger_code_f407.elf.dir/Core/Startup/startup_stm32f407vetx.s.obj
LOAD CMakeFiles/debugger_code_f407.elf.dir/Drivers/STM32F4xx_HAL_Driver/Src/stm32f4xx_hal.c.obj
LOAD CMakeFiles/debugger_code_f407.elf.dir/Drivers/STM32F4xx_HAL_Driver/Src/stm32f4xx_hal_can.c.obj
LOAD CMakeFiles/debugger_code_f407.elf.dir/Drivers/STM32F4xx_HAL_Driver/Src/stm32f4xx_hal_cortex.c.obj
LOAD CMakeFiles/debugger_code_f407.elf.dir/Drivers/STM32F4xx_HAL_Driver/Src/stm32f4xx_hal_dma.c.obj
LOAD CMakeFiles/debugger_code_f407.elf.dir/Drivers/STM32F4xx_HAL_Driver/Src/stm32f4xx_hal_dma_ex.c.obj
LOAD CMakeFiles/debugger_code_f407.elf.dir/Drivers/STM32F4xx_HAL_Driver/Src/stm32f4xx_hal_exti.c.obj
LOAD CMakeFiles/debugger_code_f407.elf.dir/Drivers/STM32F4xx_HAL_Driver/Src/stm32f4xx_hal_flash.c.obj
LOAD CMakeFiles/debugger_code_f407.elf.dir/Drivers/STM32F4xx_HAL_Driver/Src/stm32f4xx_hal_flash_ex.c.obj
LOAD CMakeFiles/debugger_code_f407.elf.dir/Drivers/STM32F4xx_HAL_Driver/Src/stm32f4xx_hal_flash_ramfunc.c.obj
LOAD CMakeFiles/debugger_code_f407.elf.dir/Drivers/STM32F4xx_HAL_Driver/Src/stm32f4xx_hal_gpio.c.obj
LOAD CMakeFiles/debugger_code_f407.elf.dir/Drivers/STM32F4xx_HAL_Driver/Src/stm32f4xx_hal_pwr.c.obj
LOAD CMakeFiles/debugger_code_f407.elf.dir/Drivers/STM32F4xx_HAL_Driver/Src/stm32f4xx_hal_pwr_ex.c.obj
LOAD CMakeFiles/debugger_code_f407.elf.dir/Drivers/STM32F4xx_HAL_Driver/Src/stm32f4xx_hal_rcc.c.obj
LOAD CMakeFiles/debugger_code_f407.elf.dir/Drivers/STM32F4xx_HAL_Driver/Src/stm32f4xx_hal_rcc_ex.c.obj
LOAD CMakeFiles/debugger_code_f407.elf.dir/Drivers/STM32F4xx_HAL_Driver/Src/stm32f4xx_hal_spi.c.obj
LOAD CMakeFiles/debugger_code_f407.elf.dir/Drivers/STM32F4xx_HAL_Driver/Src/stm32f4xx_hal_tim.c.obj
LOAD CMakeFiles/debugger_code_f407.elf.dir/Drivers/STM32F4xx_HAL_Driver/Src/stm32f4xx_hal_tim_ex.c.obj
LOAD CMakeFiles/debugger_code_f407.elf.dir/Drivers/STM32F4xx_HAL_Driver/Src/stm32f4xx_hal_uart.c.obj
LOAD CMakeFiles/debugger_code_f407.elf.dir/GUI/gui_base.c.obj
LOAD CMakeFiles/debugger_code_f407.elf.dir/GUI/gui_button.c.obj
LOAD CMakeFiles/debugger_code_f407.elf.dir/GUI/gui_form.c.obj
LOAD CMakeFiles/debugger_code_f407.elf.dir/GUI/gui_label.c.obj
LOAD CMakeFiles/debugger_code_f407.elf.dir/GUI/test.c.obj
LOAD CMakeFiles/debugger_code_f407.elf.dir/Middlewares/Third_Party/FreeRTOS/Source/CMSIS_RTOS/cmsis_os.c.obj
LOAD CMakeFiles/debugger_code_f407.elf.dir/Middlewares/Third_Party/FreeRTOS/Source/croutine.c.obj
LOAD CMakeFiles/debugger_code_f407.elf.dir/Middlewares/Third_Party/FreeRTOS/Source/event_groups.c.obj
LOAD CMakeFiles/debugger_code_f407.elf.dir/Middlewares/Third_Party/FreeRTOS/Source/list.c.obj
LOAD CMakeFiles/debugger_code_f407.elf.dir/Middlewares/Third_Party/FreeRTOS/Source/portable/GCC/ARM_CM4F/port.c.obj
LOAD CMakeFiles/debugger_code_f407.elf.dir/Middlewares/Third_Party/FreeRTOS/Source/portable/MemMang/heap_4.c.obj
LOAD CMakeFiles/debugger_code_f407.elf.dir/Middlewares/Third_Party/FreeRTOS/Source/queue.c.obj
LOAD CMakeFiles/debugger_code_f407.elf.dir/Middlewares/Third_Party/FreeRTOS/Source/stream_buffer.c.obj
LOAD CMakeFiles/debugger_code_f407.elf.dir/Middlewares/Third_Party/FreeRTOS/Source/tasks.c.obj
LOAD CMakeFiles/debugger_code_f407.elf.dir/Middlewares/Third_Party/FreeRTOS/Source/timers.c.obj
LOAD CMakeFiles/debugger_code_f407.elf.dir/controller/pid.c.obj
LOAD CMakeFiles/debugger_code_f407.elf.dir/data_processing/can_data.c.obj
LOAD CMakeFiles/debugger_code_f407.elf.dir/data_processing/uart_data.c.obj
LOAD CMakeFiles/debugger_code_f407.elf.dir/devices/lcd_init.c.obj
LOAD CMakeFiles/debugger_code_f407.elf.dir/devices/xpt2046.c.obj
LOAD CMakeFiles/debugger_code_f407.elf.dir/forms/all_canid_form.c.obj
LOAD CMakeFiles/debugger_code_f407.elf.dir/forms/canid_forms.c.obj
LOAD CMakeFiles/debugger_code_f407.elf.dir/forms/dail_forms.c.obj
LOAD CMakeFiles/debugger_code_f407.elf.dir/forms/imu_forms.c.obj
LOAD CMakeFiles/debugger_code_f407.elf.dir/forms/logic_forms.c.obj
LOAD CMakeFiles/debugger_code_f407.elf.dir/forms/main_forms.c.obj
LOAD CMakeFiles/debugger_code_f407.elf.dir/forms/motor_forms.c.obj
LOAD CMakeFiles/debugger_code_f407.elf.dir/forms/osinfo_forms.c.obj
LOAD CMakeFiles/debugger_code_f407.elf.dir/forms/suscap_debuger_forms.c.obj
LOAD CMakeFiles/debugger_code_f407.elf.dir/forms/usart_forms.c.obj
LOAD CMakeFiles/debugger_code_f407.elf.dir/function/can_communication.c.obj
LOAD CMakeFiles/debugger_code_f407.elf.dir/function/delay.c.obj
LOAD CMakeFiles/debugger_code_f407.elf.dir/function/key.c.obj
LOAD CMakeFiles/debugger_code_f407.elf.dir/function/led.c.obj
LOAD CMakeFiles/debugger_code_f407.elf.dir/function/motor.c.obj
LOAD CMakeFiles/debugger_code_f407.elf.dir/support/fifo.c.obj
LOAD CMakeFiles/debugger_code_f407.elf.dir/task/INS_task.c.obj
LOAD CMakeFiles/debugger_code_f407.elf.dir/task/can_show_task.c.obj
LOAD CMakeFiles/debugger_code_f407.elf.dir/task/gui_task.c.obj
LOAD CMakeFiles/debugger_code_f407.elf.dir/task/led_task.c.obj
LOAD CMakeFiles/debugger_code_f407.elf.dir/task/motor_task.c.obj
START GROUP
LOAD d:/gcc-arm-none-eabi/bin/../lib/gcc/arm-none-eabi/10.3.1/thumb/v7e-m+fp/hard\libgcc.a
LOAD d:/gcc-arm-none-eabi/bin/../lib/gcc/arm-none-eabi/10.3.1/../../../../arm-none-eabi/lib/thumb/v7e-m+fp/hard\libc.a
END GROUP
LOAD d:/gcc-arm-none-eabi/bin/../lib/gcc/arm-none-eabi/10.3.1/thumb/v7e-m+fp/hard/crtend.o
LOAD d:/gcc-arm-none-eabi/bin/../lib/gcc/arm-none-eabi/10.3.1/thumb/v7e-m+fp/hard/crtn.o
                0x20020000                _estack = (ORIGIN (RAM) + LENGTH (RAM))
                0x00000200                _Min_Heap_Size = 0x200
                0x00000400                _Min_Stack_Size = 0x400

.isr_vector     0x08000000      0x188
                0x08000000                . = ALIGN (0x4)
 *(.isr_vector)
 .isr_vector    0x08000000      0x188 CMakeFiles/debugger_code_f407.elf.dir/Core/Startup/startup_stm32f407vetx.s.obj
                0x08000000                g_pfnVectors
                0x08000188                . = ALIGN (0x4)

.text           0x080001c0     0xe18c
                0x080001c0                . = ALIGN (0x4)
 *(.text)
 .text          0x080001c0       0x40 d:/gcc-arm-none-eabi/bin/../lib/gcc/arm-none-eabi/10.3.1/thumb/v7e-m+fp/hard/crtbegin.o
 .text          0x08000200      0x378 d:/gcc-arm-none-eabi/bin/../lib/gcc/arm-none-eabi/10.3.1/thumb/v7e-m+fp/hard\libgcc.a(_arm_addsubdf3.o)
                0x08000200                __aeabi_drsub
                0x08000208                __aeabi_dsub
                0x08000208                __subdf3
                0x0800020c                __aeabi_dadd
                0x0800020c                __adddf3
                0x08000484                __floatunsidf
                0x08000484                __aeabi_ui2d
                0x080004a4                __floatsidf
                0x080004a4                __aeabi_i2d
                0x080004c8                __aeabi_f2d
                0x080004c8                __extendsfdf2
                0x0800050c                __floatundidf
                0x0800050c                __aeabi_ul2d
                0x0800051c                __floatdidf
                0x0800051c                __aeabi_l2d
 .text          0x08000578      0x110 d:/gcc-arm-none-eabi/bin/../lib/gcc/arm-none-eabi/10.3.1/thumb/v7e-m+fp/hard\libgcc.a(_arm_cmpdf2.o)
                0x08000578                __gtdf2
                0x08000578                __gedf2
                0x08000580                __ltdf2
                0x08000580                __ledf2
                0x08000588                __nedf2
                0x08000588                __eqdf2
                0x08000588                __cmpdf2
                0x08000604                __aeabi_cdrcmple
                0x08000614                __aeabi_cdcmpeq
                0x08000614                __aeabi_cdcmple
                0x08000624                __aeabi_dcmpeq
                0x08000638                __aeabi_dcmplt
                0x0800064c                __aeabi_dcmple
                0x08000660                __aeabi_dcmpge
                0x08000674                __aeabi_dcmpgt
 .text          0x08000688       0x50 d:/gcc-arm-none-eabi/bin/../lib/gcc/arm-none-eabi/10.3.1/thumb/v7e-m+fp/hard\libgcc.a(_arm_fixdfsi.o)
                0x08000688                __aeabi_d2iz
                0x08000688                __fixdfsi
 .text          0x080006d8       0xa0 d:/gcc-arm-none-eabi/bin/../lib/gcc/arm-none-eabi/10.3.1/thumb/v7e-m+fp/hard\libgcc.a(_arm_truncdfsf2.o)
                0x080006d8                __truncdfsf2
                0x080006d8                __aeabi_d2f
 .text          0x08000778       0x30 d:/gcc-arm-none-eabi/bin/../lib/gcc/arm-none-eabi/10.3.1/thumb/v7e-m+fp/hard\libgcc.a(_aeabi_uldivmod.o)
                0x08000778                __aeabi_uldivmod
 .text          0x080007a8      0x2d0 d:/gcc-arm-none-eabi/bin/../lib/gcc/arm-none-eabi/10.3.1/thumb/v7e-m+fp/hard\libgcc.a(_udivmoddi4.o)
                0x080007a8                __udivmoddi4
 .text          0x08000a78        0x4 d:/gcc-arm-none-eabi/bin/../lib/gcc/arm-none-eabi/10.3.1/thumb/v7e-m+fp/hard\libgcc.a(_dvmd_tls.o)
                0x08000a78                __aeabi_idiv0
                0x08000a78                __aeabi_ldiv0
 .text          0x08000a7c      0x134 d:/gcc-arm-none-eabi/bin/../lib/gcc/arm-none-eabi/10.3.1/../../../../arm-none-eabi/lib/thumb/v7e-m+fp/hard\libc.a(lib_a-memcpy.o)
                0x08000a7c                memcpy
 *fill*         0x08000bb0       0x10 
 .text          0x08000bc0       0xdc d:/gcc-arm-none-eabi/bin/../lib/gcc/arm-none-eabi/10.3.1/../../../../arm-none-eabi/lib/thumb/v7e-m+fp/hard\libc.a(lib_a-strlen.o)
                0x08000bc0                strlen
 *fill*         0x08000c9c        0x4 
 .text          0x08000ca0       0xa0 d:/gcc-arm-none-eabi/bin/../lib/gcc/arm-none-eabi/10.3.1/../../../../arm-none-eabi/lib/thumb/v7e-m+fp/hard\libc.a(lib_a-memchr.o)
                0x08000ca0                memchr
 .text          0x08000d40      0x424 d:/gcc-arm-none-eabi/bin/../lib/gcc/arm-none-eabi/10.3.1/thumb/v7e-m+fp/hard\libgcc.a(_arm_muldivdf3.o)
                0x08000d40                __aeabi_dmul
                0x08000d40                __muldf3
                0x08000f94                __divdf3
                0x08000f94                __aeabi_ddiv
 .text          0x08001164       0x2c d:/gcc-arm-none-eabi/bin/../lib/gcc/arm-none-eabi/10.3.1/thumb/v7e-m+fp/hard\libgcc.a(_arm_unorddf2.o)
                0x08001164                __unorddf2
                0x08001164                __aeabi_dcmpun
 *(.text*)
 .text.get_BIM1088_data
                0x08001190      0x124 CMakeFiles/debugger_code_f407.elf.dir/BMI088/BMI1088.c.obj
                0x08001190                get_BIM1088_data
 .text.invSqrt  0x080012b4       0x30 CMakeFiles/debugger_code_f407.elf.dir/BMI088/MahonyAHRS.c.obj
                0x080012b4                invSqrt
 .text.MahonyAHRSupdateIMU
                0x080012e4      0x268 CMakeFiles/debugger_code_f407.elf.dir/BMI088/MahonyAHRS.c.obj
                0x080012e4                MahonyAHRSupdateIMU
 .text.MahonyAHRSupdate
                0x0800154c      0x3e4 CMakeFiles/debugger_code_f407.elf.dir/BMI088/MahonyAHRS.c.obj
                0x0800154c                MahonyAHRSupdate
 .text.MX_CAN1_Init
                0x08001930       0x3c CMakeFiles/debugger_code_f407.elf.dir/Core/Src/can.c.obj
                0x08001930                MX_CAN1_Init
 .text.HAL_CAN_MspInit
                0x0800196c       0x80 CMakeFiles/debugger_code_f407.elf.dir/Core/Src/can.c.obj
                0x0800196c                HAL_CAN_MspInit
 .text.MX_DMA_Init
                0x080019ec       0x34 CMakeFiles/debugger_code_f407.elf.dir/Core/Src/dma.c.obj
                0x080019ec                MX_DMA_Init
 .text.vApplicationGetIdleTaskMemory
                0x08001a20       0x18 CMakeFiles/debugger_code_f407.elf.dir/Core/Src/freertos.c.obj
                0x08001a20                vApplicationGetIdleTaskMemory
 .text.MX_GPIO_Init
                0x08001a38      0x100 CMakeFiles/debugger_code_f407.elf.dir/Core/Src/gpio.c.obj
                0x08001a38                MX_GPIO_Init
 .text.HAL_TIM_PeriodElapsedCallback
                0x08001b38       0x18 CMakeFiles/debugger_code_f407.elf.dir/Core/Src/main.c.obj
                0x08001b38                HAL_TIM_PeriodElapsedCallback
 .text.Error_Handler
                0x08001b50        0x4 CMakeFiles/debugger_code_f407.elf.dir/Core/Src/main.c.obj
                0x08001b50                Error_Handler
 .text.SystemClock_Config
                0x08001b54       0xa8 CMakeFiles/debugger_code_f407.elf.dir/Core/Src/main.c.obj
                0x08001b54                SystemClock_Config
 .text.main     0x08001bfc       0xf4 CMakeFiles/debugger_code_f407.elf.dir/Core/Src/main.c.obj
                0x08001bfc                main
 .text.RetargetInit
                0x08001cf0       0x20 CMakeFiles/debugger_code_f407.elf.dir/Core/Src/retarget.c.obj
                0x08001cf0                RetargetInit
 .text._close   0x08001d10       0x18 CMakeFiles/debugger_code_f407.elf.dir/Core/Src/retarget.c.obj
                0x08001d10                _close
 .text._isatty  0x08001d28       0x16 CMakeFiles/debugger_code_f407.elf.dir/Core/Src/retarget.c.obj
                0x08001d28                _isatty
 *fill*         0x08001d3e        0x2 
 .text._write   0x08001d40       0x34 CMakeFiles/debugger_code_f407.elf.dir/Core/Src/retarget.c.obj
                0x08001d40                _write
 .text._lseek   0x08001d74       0x10 CMakeFiles/debugger_code_f407.elf.dir/Core/Src/retarget.c.obj
                0x08001d74                _lseek
 .text._read    0x08001d84       0x30 CMakeFiles/debugger_code_f407.elf.dir/Core/Src/retarget.c.obj
                0x08001d84                _read
 .text._fstat   0x08001db4       0x1a CMakeFiles/debugger_code_f407.elf.dir/Core/Src/retarget.c.obj
                0x08001db4                _fstat
 *fill*         0x08001dce        0x2 
 .text.MX_SPI1_Init
                0x08001dd0       0x3c CMakeFiles/debugger_code_f407.elf.dir/Core/Src/spi.c.obj
                0x08001dd0                MX_SPI1_Init
 .text.MX_SPI2_Init
                0x08001e0c       0x3c CMakeFiles/debugger_code_f407.elf.dir/Core/Src/spi.c.obj
                0x08001e0c                MX_SPI2_Init
 .text.MX_SPI3_Init
                0x08001e48       0x40 CMakeFiles/debugger_code_f407.elf.dir/Core/Src/spi.c.obj
                0x08001e48                MX_SPI3_Init
 .text.HAL_SPI_MspInit
                0x08001e88      0x184 CMakeFiles/debugger_code_f407.elf.dir/Core/Src/spi.c.obj
                0x08001e88                HAL_SPI_MspInit
 .text.HAL_MspInit
                0x0800200c       0x44 CMakeFiles/debugger_code_f407.elf.dir/Core/Src/stm32f4xx_hal_msp.c.obj
                0x0800200c                HAL_MspInit
 .text.HAL_InitTick
                0x08002050       0xa4 CMakeFiles/debugger_code_f407.elf.dir/Core/Src/stm32f4xx_hal_timebase_tim.c.obj
                0x08002050                HAL_InitTick
 .text.NMI_Handler
                0x080020f4        0x2 CMakeFiles/debugger_code_f407.elf.dir/Core/Src/stm32f4xx_it.c.obj
                0x080020f4                NMI_Handler
 .text.HardFault_Handler
                0x080020f6        0x2 CMakeFiles/debugger_code_f407.elf.dir/Core/Src/stm32f4xx_it.c.obj
                0x080020f6                HardFault_Handler
 .text.MemManage_Handler
                0x080020f8        0x2 CMakeFiles/debugger_code_f407.elf.dir/Core/Src/stm32f4xx_it.c.obj
                0x080020f8                MemManage_Handler
 .text.BusFault_Handler
                0x080020fa        0x2 CMakeFiles/debugger_code_f407.elf.dir/Core/Src/stm32f4xx_it.c.obj
                0x080020fa                BusFault_Handler
 .text.UsageFault_Handler
                0x080020fc        0x2 CMakeFiles/debugger_code_f407.elf.dir/Core/Src/stm32f4xx_it.c.obj
                0x080020fc                UsageFault_Handler
 .text.DebugMon_Handler
                0x080020fe        0x2 CMakeFiles/debugger_code_f407.elf.dir/Core/Src/stm32f4xx_it.c.obj
                0x080020fe                DebugMon_Handler
 .text.DMA1_Stream5_IRQHandler
                0x08002100       0x10 CMakeFiles/debugger_code_f407.elf.dir/Core/Src/stm32f4xx_it.c.obj
                0x08002100                DMA1_Stream5_IRQHandler
 .text.CAN1_RX0_IRQHandler
                0x08002110       0x10 CMakeFiles/debugger_code_f407.elf.dir/Core/Src/stm32f4xx_it.c.obj
                0x08002110                CAN1_RX0_IRQHandler
 .text.TIM6_DAC_IRQHandler
                0x08002120       0x10 CMakeFiles/debugger_code_f407.elf.dir/Core/Src/stm32f4xx_it.c.obj
                0x08002120                TIM6_DAC_IRQHandler
 .text.TIM7_IRQHandler
                0x08002130       0x10 CMakeFiles/debugger_code_f407.elf.dir/Core/Src/stm32f4xx_it.c.obj
                0x08002130                TIM7_IRQHandler
 .text._getpid  0x08002140        0x4 CMakeFiles/debugger_code_f407.elf.dir/Core/Src/syscalls.c.obj
                0x08002140                _getpid
 .text._kill    0x08002144       0x10 CMakeFiles/debugger_code_f407.elf.dir/Core/Src/syscalls.c.obj
                0x08002144                _kill
 .text._exit    0x08002154        0xc CMakeFiles/debugger_code_f407.elf.dir/Core/Src/syscalls.c.obj
                0x08002154                _exit
 .text._sbrk    0x08002160       0x48 CMakeFiles/debugger_code_f407.elf.dir/Core/Src/sysmem.c.obj
                0x08002160                _sbrk
 .text.SystemInit
                0x080021a8       0x14 CMakeFiles/debugger_code_f407.elf.dir/Core/Src/system_stm32f4xx.c.obj
                0x080021a8                SystemInit
 .text.MX_TIM7_Init
                0x080021bc       0x50 CMakeFiles/debugger_code_f407.elf.dir/Core/Src/tim.c.obj
                0x080021bc                MX_TIM7_Init
 .text.HAL_TIM_Base_MspInit
                0x0800220c       0x40 CMakeFiles/debugger_code_f407.elf.dir/Core/Src/tim.c.obj
                0x0800220c                HAL_TIM_Base_MspInit
 .text.MX_USART2_UART_Init
                0x0800224c       0x34 CMakeFiles/debugger_code_f407.elf.dir/Core/Src/usart.c.obj
                0x0800224c                MX_USART2_UART_Init
 .text.MX_USART3_UART_Init
                0x08002280       0x34 CMakeFiles/debugger_code_f407.elf.dir/Core/Src/usart.c.obj
                0x08002280                MX_USART3_UART_Init
 .text.HAL_UART_MspInit
                0x080022b4       0xc8 CMakeFiles/debugger_code_f407.elf.dir/Core/Src/usart.c.obj
                0x080022b4                HAL_UART_MspInit
 .text.Reset_Handler
                0x0800237c       0x50 CMakeFiles/debugger_code_f407.elf.dir/Core/Startup/startup_stm32f407vetx.s.obj
                0x0800237c                Reset_Handler
 .text.Default_Handler
                0x080023cc        0x2 CMakeFiles/debugger_code_f407.elf.dir/Core/Startup/startup_stm32f407vetx.s.obj
                0x080023cc                RTC_Alarm_IRQHandler
                0x080023cc                HASH_RNG_IRQHandler
                0x080023cc                EXTI2_IRQHandler
                0x080023cc                TIM8_CC_IRQHandler
                0x080023cc                TIM1_CC_IRQHandler
                0x080023cc                DMA2_Stream5_IRQHandler
                0x080023cc                PVD_IRQHandler
                0x080023cc                SDIO_IRQHandler
                0x080023cc                TAMP_STAMP_IRQHandler
                0x080023cc                CAN2_RX1_IRQHandler
                0x080023cc                EXTI3_IRQHandler
                0x080023cc                TIM8_TRG_COM_TIM14_IRQHandler
                0x080023cc                TIM1_UP_TIM10_IRQHandler
                0x080023cc                TIM8_UP_TIM13_IRQHandler
                0x080023cc                I2C3_ER_IRQHandler
                0x080023cc                EXTI0_IRQHandler
                0x080023cc                I2C2_EV_IRQHandler
                0x080023cc                DMA1_Stream2_IRQHandler
                0x080023cc                FPU_IRQHandler
                0x080023cc                OTG_HS_WKUP_IRQHandler
                0x080023cc                CAN2_SCE_IRQHandler
                0x080023cc                DMA2_Stream2_IRQHandler
                0x080023cc                SPI1_IRQHandler
                0x080023cc                TIM1_BRK_TIM9_IRQHandler
                0x080023cc                DCMI_IRQHandler
                0x080023cc                CAN2_RX0_IRQHandler
                0x080023cc                DMA2_Stream3_IRQHandler
                0x080023cc                USART6_IRQHandler
                0x080023cc                USART3_IRQHandler
                0x080023cc                CAN1_RX1_IRQHandler
                0x080023cc                UART5_IRQHandler
                0x080023cc                DMA2_Stream0_IRQHandler
                0x080023cc                TIM4_IRQHandler
                0x080023cc                I2C1_EV_IRQHandler
                0x080023cc                DMA1_Stream6_IRQHandler
                0x080023cc                DMA1_Stream1_IRQHandler
                0x080023cc                UART4_IRQHandler
                0x080023cc                TIM3_IRQHandler
                0x080023cc                RCC_IRQHandler
                0x080023cc                TIM8_BRK_TIM12_IRQHandler
                0x080023cc                Default_Handler
                0x080023cc                EXTI15_10_IRQHandler
                0x080023cc                ADC_IRQHandler
                0x080023cc                DMA1_Stream7_IRQHandler
                0x080023cc                CAN2_TX_IRQHandler
                0x080023cc                TIM5_IRQHandler
                0x080023cc                DMA2_Stream7_IRQHandler
                0x080023cc                I2C3_EV_IRQHandler
                0x080023cc                EXTI9_5_IRQHandler
                0x080023cc                RTC_WKUP_IRQHandler
                0x080023cc                ETH_WKUP_IRQHandler
                0x080023cc                SPI2_IRQHandler
                0x080023cc                OTG_HS_EP1_IN_IRQHandler
                0x080023cc                DMA1_Stream0_IRQHandler
                0x080023cc                CAN1_TX_IRQHandler
                0x080023cc                EXTI4_IRQHandler
                0x080023cc                FSMC_IRQHandler
                0x080023cc                ETH_IRQHandler
                0x080023cc                OTG_HS_EP1_OUT_IRQHandler
                0x080023cc                WWDG_IRQHandler
                0x080023cc                TIM2_IRQHandler
                0x080023cc                OTG_FS_WKUP_IRQHandler
                0x080023cc                TIM1_TRG_COM_TIM11_IRQHandler
                0x080023cc                OTG_HS_IRQHandler
                0x080023cc                EXTI1_IRQHandler
                0x080023cc                USART2_IRQHandler
                0x080023cc                I2C2_ER_IRQHandler
                0x080023cc                DMA2_Stream1_IRQHandler
                0x080023cc                CAN1_SCE_IRQHandler
                0x080023cc                FLASH_IRQHandler
                0x080023cc                DMA2_Stream4_IRQHandler
                0x080023cc                USART1_IRQHandler
                0x080023cc                OTG_FS_IRQHandler
                0x080023cc                SPI3_IRQHandler
                0x080023cc                DMA1_Stream4_IRQHandler
                0x080023cc                I2C1_ER_IRQHandler
                0x080023cc                DMA2_Stream6_IRQHandler
                0x080023cc                DMA1_Stream3_IRQHandler
 *fill*         0x080023ce        0x2 
 .text.HAL_Init
                0x080023d0       0x34 CMakeFiles/debugger_code_f407.elf.dir/Drivers/STM32F4xx_HAL_Driver/Src/stm32f4xx_hal.c.obj
                0x080023d0                HAL_Init
 .text.HAL_IncTick
                0x08002404       0x18 CMakeFiles/debugger_code_f407.elf.dir/Drivers/STM32F4xx_HAL_Driver/Src/stm32f4xx_hal.c.obj
                0x08002404                HAL_IncTick
 .text.HAL_GetTick
                0x0800241c        0xc CMakeFiles/debugger_code_f407.elf.dir/Drivers/STM32F4xx_HAL_Driver/Src/stm32f4xx_hal.c.obj
                0x0800241c                HAL_GetTick
 .text.HAL_Delay
                0x08002428       0x28 CMakeFiles/debugger_code_f407.elf.dir/Drivers/STM32F4xx_HAL_Driver/Src/stm32f4xx_hal.c.obj
                0x08002428                HAL_Delay
 .text.HAL_CAN_Init
                0x08002450      0x14c CMakeFiles/debugger_code_f407.elf.dir/Drivers/STM32F4xx_HAL_Driver/Src/stm32f4xx_hal_can.c.obj
                0x08002450                HAL_CAN_Init
 .text.HAL_CAN_ConfigFilter
                0x0800259c      0x138 CMakeFiles/debugger_code_f407.elf.dir/Drivers/STM32F4xx_HAL_Driver/Src/stm32f4xx_hal_can.c.obj
                0x0800259c                HAL_CAN_ConfigFilter
 .text.HAL_CAN_Start
                0x080026d4       0x5c CMakeFiles/debugger_code_f407.elf.dir/Drivers/STM32F4xx_HAL_Driver/Src/stm32f4xx_hal_can.c.obj
                0x080026d4                HAL_CAN_Start
 .text.HAL_CAN_AddTxMessage
                0x08002730       0xfc CMakeFiles/debugger_code_f407.elf.dir/Drivers/STM32F4xx_HAL_Driver/Src/stm32f4xx_hal_can.c.obj
                0x08002730                HAL_CAN_AddTxMessage
 .text.HAL_CAN_GetRxMessage
                0x0800282c      0x14a CMakeFiles/debugger_code_f407.elf.dir/Drivers/STM32F4xx_HAL_Driver/Src/stm32f4xx_hal_can.c.obj
                0x0800282c                HAL_CAN_GetRxMessage
 .text.HAL_CAN_ActivateNotification
                0x08002976       0x24 CMakeFiles/debugger_code_f407.elf.dir/Drivers/STM32F4xx_HAL_Driver/Src/stm32f4xx_hal_can.c.obj
                0x08002976                HAL_CAN_ActivateNotification
 .text.HAL_CAN_TxMailbox0CompleteCallback
                0x0800299a        0x2 CMakeFiles/debugger_code_f407.elf.dir/Drivers/STM32F4xx_HAL_Driver/Src/stm32f4xx_hal_can.c.obj
                0x0800299a                HAL_CAN_TxMailbox0CompleteCallback
 .text.HAL_CAN_TxMailbox1CompleteCallback
                0x0800299c        0x2 CMakeFiles/debugger_code_f407.elf.dir/Drivers/STM32F4xx_HAL_Driver/Src/stm32f4xx_hal_can.c.obj
                0x0800299c                HAL_CAN_TxMailbox1CompleteCallback
 .text.HAL_CAN_TxMailbox2CompleteCallback
                0x0800299e        0x2 CMakeFiles/debugger_code_f407.elf.dir/Drivers/STM32F4xx_HAL_Driver/Src/stm32f4xx_hal_can.c.obj
                0x0800299e                HAL_CAN_TxMailbox2CompleteCallback
 .text.HAL_CAN_TxMailbox0AbortCallback
                0x080029a0        0x2 CMakeFiles/debugger_code_f407.elf.dir/Drivers/STM32F4xx_HAL_Driver/Src/stm32f4xx_hal_can.c.obj
                0x080029a0                HAL_CAN_TxMailbox0AbortCallback
 .text.HAL_CAN_TxMailbox1AbortCallback
                0x080029a2        0x2 CMakeFiles/debugger_code_f407.elf.dir/Drivers/STM32F4xx_HAL_Driver/Src/stm32f4xx_hal_can.c.obj
                0x080029a2                HAL_CAN_TxMailbox1AbortCallback
 .text.HAL_CAN_TxMailbox2AbortCallback
                0x080029a4        0x2 CMakeFiles/debugger_code_f407.elf.dir/Drivers/STM32F4xx_HAL_Driver/Src/stm32f4xx_hal_can.c.obj
                0x080029a4                HAL_CAN_TxMailbox2AbortCallback
 .text.HAL_CAN_RxFifo0FullCallback
                0x080029a6        0x2 CMakeFiles/debugger_code_f407.elf.dir/Drivers/STM32F4xx_HAL_Driver/Src/stm32f4xx_hal_can.c.obj
                0x080029a6                HAL_CAN_RxFifo0FullCallback
 .text.HAL_CAN_RxFifo1MsgPendingCallback
                0x080029a8        0x2 CMakeFiles/debugger_code_f407.elf.dir/Drivers/STM32F4xx_HAL_Driver/Src/stm32f4xx_hal_can.c.obj
                0x080029a8                HAL_CAN_RxFifo1MsgPendingCallback
 .text.HAL_CAN_RxFifo1FullCallback
                0x080029aa        0x2 CMakeFiles/debugger_code_f407.elf.dir/Drivers/STM32F4xx_HAL_Driver/Src/stm32f4xx_hal_can.c.obj
                0x080029aa                HAL_CAN_RxFifo1FullCallback
 .text.HAL_CAN_SleepCallback
                0x080029ac        0x2 CMakeFiles/debugger_code_f407.elf.dir/Drivers/STM32F4xx_HAL_Driver/Src/stm32f4xx_hal_can.c.obj
                0x080029ac                HAL_CAN_SleepCallback
 .text.HAL_CAN_WakeUpFromRxMsgCallback
                0x080029ae        0x2 CMakeFiles/debugger_code_f407.elf.dir/Drivers/STM32F4xx_HAL_Driver/Src/stm32f4xx_hal_can.c.obj
                0x080029ae                HAL_CAN_WakeUpFromRxMsgCallback
 .text.HAL_CAN_ErrorCallback
                0x080029b0        0x2 CMakeFiles/debugger_code_f407.elf.dir/Drivers/STM32F4xx_HAL_Driver/Src/stm32f4xx_hal_can.c.obj
                0x080029b0                HAL_CAN_ErrorCallback
 .text.HAL_CAN_IRQHandler
                0x080029b2      0x24a CMakeFiles/debugger_code_f407.elf.dir/Drivers/STM32F4xx_HAL_Driver/Src/stm32f4xx_hal_can.c.obj
                0x080029b2                HAL_CAN_IRQHandler
 .text.HAL_NVIC_SetPriorityGrouping
                0x08002bfc       0x24 CMakeFiles/debugger_code_f407.elf.dir/Drivers/STM32F4xx_HAL_Driver/Src/stm32f4xx_hal_cortex.c.obj
                0x08002bfc                HAL_NVIC_SetPriorityGrouping
 .text.HAL_NVIC_SetPriority
                0x08002c20       0x70 CMakeFiles/debugger_code_f407.elf.dir/Drivers/STM32F4xx_HAL_Driver/Src/stm32f4xx_hal_cortex.c.obj
                0x08002c20                HAL_NVIC_SetPriority
 .text.HAL_NVIC_EnableIRQ
                0x08002c90       0x1c CMakeFiles/debugger_code_f407.elf.dir/Drivers/STM32F4xx_HAL_Driver/Src/stm32f4xx_hal_cortex.c.obj
                0x08002c90                HAL_NVIC_EnableIRQ
 .text.DMA_SetConfig
                0x08002cac       0x2c CMakeFiles/debugger_code_f407.elf.dir/Drivers/STM32F4xx_HAL_Driver/Src/stm32f4xx_hal_dma.c.obj
 .text.DMA_CalcBaseAndBitshift
                0x08002cd8       0x44 CMakeFiles/debugger_code_f407.elf.dir/Drivers/STM32F4xx_HAL_Driver/Src/stm32f4xx_hal_dma.c.obj
 .text.DMA_CheckFifoParam
                0x08002d1c       0x8e CMakeFiles/debugger_code_f407.elf.dir/Drivers/STM32F4xx_HAL_Driver/Src/stm32f4xx_hal_dma.c.obj
 *fill*         0x08002daa        0x2 
 .text.HAL_DMA_Init
                0x08002dac       0xcc CMakeFiles/debugger_code_f407.elf.dir/Drivers/STM32F4xx_HAL_Driver/Src/stm32f4xx_hal_dma.c.obj
                0x08002dac                HAL_DMA_Init
 .text.HAL_DMA_Start_IT
                0x08002e78       0x6a CMakeFiles/debugger_code_f407.elf.dir/Drivers/STM32F4xx_HAL_Driver/Src/stm32f4xx_hal_dma.c.obj
                0x08002e78                HAL_DMA_Start_IT
 *fill*         0x08002ee2        0x2 
 .text.HAL_DMA_IRQHandler
                0x08002ee4      0x1dc CMakeFiles/debugger_code_f407.elf.dir/Drivers/STM32F4xx_HAL_Driver/Src/stm32f4xx_hal_dma.c.obj
                0x08002ee4                HAL_DMA_IRQHandler
 .text.HAL_GPIO_Init
                0x080030c0      0x1e4 CMakeFiles/debugger_code_f407.elf.dir/Drivers/STM32F4xx_HAL_Driver/Src/stm32f4xx_hal_gpio.c.obj
                0x080030c0                HAL_GPIO_Init
 .text.HAL_GPIO_ReadPin
                0x080032a4        0xe CMakeFiles/debugger_code_f407.elf.dir/Drivers/STM32F4xx_HAL_Driver/Src/stm32f4xx_hal_gpio.c.obj
                0x080032a4                HAL_GPIO_ReadPin
 .text.HAL_GPIO_WritePin
                0x080032b2        0xc CMakeFiles/debugger_code_f407.elf.dir/Drivers/STM32F4xx_HAL_Driver/Src/stm32f4xx_hal_gpio.c.obj
                0x080032b2                HAL_GPIO_WritePin
 .text.HAL_GPIO_TogglePin
                0x080032be       0x12 CMakeFiles/debugger_code_f407.elf.dir/Drivers/STM32F4xx_HAL_Driver/Src/stm32f4xx_hal_gpio.c.obj
                0x080032be                HAL_GPIO_TogglePin
 .text.HAL_RCC_OscConfig
                0x080032d0      0x3f8 CMakeFiles/debugger_code_f407.elf.dir/Drivers/STM32F4xx_HAL_Driver/Src/stm32f4xx_hal_rcc.c.obj
                0x080032d0                HAL_RCC_OscConfig
 .text.HAL_RCC_GetSysClockFreq
                0x080036c8       0xa4 CMakeFiles/debugger_code_f407.elf.dir/Drivers/STM32F4xx_HAL_Driver/Src/stm32f4xx_hal_rcc.c.obj
                0x080036c8                HAL_RCC_GetSysClockFreq
 .text.HAL_RCC_ClockConfig
                0x0800376c      0x160 CMakeFiles/debugger_code_f407.elf.dir/Drivers/STM32F4xx_HAL_Driver/Src/stm32f4xx_hal_rcc.c.obj
                0x0800376c                HAL_RCC_ClockConfig
 .text.HAL_RCC_GetHCLKFreq
                0x080038cc        0xc CMakeFiles/debugger_code_f407.elf.dir/Drivers/STM32F4xx_HAL_Driver/Src/stm32f4xx_hal_rcc.c.obj
                0x080038cc                HAL_RCC_GetHCLKFreq
 .text.HAL_RCC_GetPCLK1Freq
                0x080038d8       0x20 CMakeFiles/debugger_code_f407.elf.dir/Drivers/STM32F4xx_HAL_Driver/Src/stm32f4xx_hal_rcc.c.obj
                0x080038d8                HAL_RCC_GetPCLK1Freq
 .text.HAL_RCC_GetPCLK2Freq
                0x080038f8       0x20 CMakeFiles/debugger_code_f407.elf.dir/Drivers/STM32F4xx_HAL_Driver/Src/stm32f4xx_hal_rcc.c.obj
                0x080038f8                HAL_RCC_GetPCLK2Freq
 .text.HAL_RCC_GetClockConfig
                0x08003918       0x3c CMakeFiles/debugger_code_f407.elf.dir/Drivers/STM32F4xx_HAL_Driver/Src/stm32f4xx_hal_rcc.c.obj
                0x08003918                HAL_RCC_GetClockConfig
 .text.SPI_WaitFlagStateUntilTimeout
                0x08003954       0xd4 CMakeFiles/debugger_code_f407.elf.dir/Drivers/STM32F4xx_HAL_Driver/Src/stm32f4xx_hal_spi.c.obj
 .text.SPI_EndRxTxTransaction
                0x08003a28       0x68 CMakeFiles/debugger_code_f407.elf.dir/Drivers/STM32F4xx_HAL_Driver/Src/stm32f4xx_hal_spi.c.obj
 .text.HAL_SPI_Init
                0x08003a90       0xbe CMakeFiles/debugger_code_f407.elf.dir/Drivers/STM32F4xx_HAL_Driver/Src/stm32f4xx_hal_spi.c.obj
                0x08003a90                HAL_SPI_Init
 *fill*         0x08003b4e        0x2 
 .text.HAL_SPI_Transmit_DMA
                0x08003b50       0xe0 CMakeFiles/debugger_code_f407.elf.dir/Drivers/STM32F4xx_HAL_Driver/Src/stm32f4xx_hal_spi.c.obj
                0x08003b50                HAL_SPI_Transmit_DMA
 .text.HAL_SPI_TxCpltCallback
                0x08003c30        0x2 CMakeFiles/debugger_code_f407.elf.dir/Drivers/STM32F4xx_HAL_Driver/Src/stm32f4xx_hal_spi.c.obj
                0x08003c30                HAL_SPI_TxCpltCallback
 .text.HAL_SPI_TxHalfCpltCallback
                0x08003c32        0x2 CMakeFiles/debugger_code_f407.elf.dir/Drivers/STM32F4xx_HAL_Driver/Src/stm32f4xx_hal_spi.c.obj
                0x08003c32                HAL_SPI_TxHalfCpltCallback
 .text.SPI_DMAHalfTransmitCplt
                0x08003c34        0xa CMakeFiles/debugger_code_f407.elf.dir/Drivers/STM32F4xx_HAL_Driver/Src/stm32f4xx_hal_spi.c.obj
 .text.HAL_SPI_ErrorCallback
                0x08003c3e        0x2 CMakeFiles/debugger_code_f407.elf.dir/Drivers/STM32F4xx_HAL_Driver/Src/stm32f4xx_hal_spi.c.obj
                0x08003c3e                HAL_SPI_ErrorCallback
 .text.SPI_DMAError
                0x08003c40       0x22 CMakeFiles/debugger_code_f407.elf.dir/Drivers/STM32F4xx_HAL_Driver/Src/stm32f4xx_hal_spi.c.obj
 .text.SPI_DMATransmitCplt
                0x08003c62       0x70 CMakeFiles/debugger_code_f407.elf.dir/Drivers/STM32F4xx_HAL_Driver/Src/stm32f4xx_hal_spi.c.obj
 *fill*         0x08003cd2        0x2 
 .text.HAL_TIM_Base_Start_IT
                0x08003cd4       0x88 CMakeFiles/debugger_code_f407.elf.dir/Drivers/STM32F4xx_HAL_Driver/Src/stm32f4xx_hal_tim.c.obj
                0x08003cd4                HAL_TIM_Base_Start_IT
 .text.HAL_TIM_OC_DelayElapsedCallback
                0x08003d5c        0x2 CMakeFiles/debugger_code_f407.elf.dir/Drivers/STM32F4xx_HAL_Driver/Src/stm32f4xx_hal_tim.c.obj
                0x08003d5c                HAL_TIM_OC_DelayElapsedCallback
 .text.HAL_TIM_IC_CaptureCallback
                0x08003d5e        0x2 CMakeFiles/debugger_code_f407.elf.dir/Drivers/STM32F4xx_HAL_Driver/Src/stm32f4xx_hal_tim.c.obj
                0x08003d5e                HAL_TIM_IC_CaptureCallback
 .text.HAL_TIM_PWM_PulseFinishedCallback
                0x08003d60        0x2 CMakeFiles/debugger_code_f407.elf.dir/Drivers/STM32F4xx_HAL_Driver/Src/stm32f4xx_hal_tim.c.obj
                0x08003d60                HAL_TIM_PWM_PulseFinishedCallback
 .text.HAL_TIM_TriggerCallback
                0x08003d62        0x2 CMakeFiles/debugger_code_f407.elf.dir/Drivers/STM32F4xx_HAL_Driver/Src/stm32f4xx_hal_tim.c.obj
                0x08003d62                HAL_TIM_TriggerCallback
 .text.HAL_TIM_IRQHandler
                0x08003d64      0x17a CMakeFiles/debugger_code_f407.elf.dir/Drivers/STM32F4xx_HAL_Driver/Src/stm32f4xx_hal_tim.c.obj
                0x08003d64                HAL_TIM_IRQHandler
 *fill*         0x08003ede        0x2 
 .text.TIM_Base_SetConfig
                0x08003ee0       0xc8 CMakeFiles/debugger_code_f407.elf.dir/Drivers/STM32F4xx_HAL_Driver/Src/stm32f4xx_hal_tim.c.obj
                0x08003ee0                TIM_Base_SetConfig
 .text.HAL_TIM_Base_Init
                0x08003fa8       0x58 CMakeFiles/debugger_code_f407.elf.dir/Drivers/STM32F4xx_HAL_Driver/Src/stm32f4xx_hal_tim.c.obj
                0x08003fa8                HAL_TIM_Base_Init
 .text.HAL_TIMEx_MasterConfigSynchronization
                0x08004000       0x8c CMakeFiles/debugger_code_f407.elf.dir/Drivers/STM32F4xx_HAL_Driver/Src/stm32f4xx_hal_tim_ex.c.obj
                0x08004000                HAL_TIMEx_MasterConfigSynchronization
 .text.HAL_TIMEx_CommutCallback
                0x0800408c        0x2 CMakeFiles/debugger_code_f407.elf.dir/Drivers/STM32F4xx_HAL_Driver/Src/stm32f4xx_hal_tim_ex.c.obj
                0x0800408c                HAL_TIMEx_CommutCallback
 .text.HAL_TIMEx_BreakCallback
                0x0800408e        0x2 CMakeFiles/debugger_code_f407.elf.dir/Drivers/STM32F4xx_HAL_Driver/Src/stm32f4xx_hal_tim_ex.c.obj
                0x0800408e                HAL_TIMEx_BreakCallback
 .text.UART_SetConfig
                0x08004090      0x110 CMakeFiles/debugger_code_f407.elf.dir/Drivers/STM32F4xx_HAL_Driver/Src/stm32f4xx_hal_uart.c.obj
 .text.UART_WaitOnFlagUntilTimeout
                0x080041a0       0x88 CMakeFiles/debugger_code_f407.elf.dir/Drivers/STM32F4xx_HAL_Driver/Src/stm32f4xx_hal_uart.c.obj
 .text.HAL_UART_Init
                0x08004228       0x5e CMakeFiles/debugger_code_f407.elf.dir/Drivers/STM32F4xx_HAL_Driver/Src/stm32f4xx_hal_uart.c.obj
                0x08004228                HAL_UART_Init
 .text.HAL_UART_Transmit
                0x08004286       0xd8 CMakeFiles/debugger_code_f407.elf.dir/Drivers/STM32F4xx_HAL_Driver/Src/stm32f4xx_hal_uart.c.obj
                0x08004286                HAL_UART_Transmit
 .text.HAL_UART_Receive
                0x0800435e       0xe4 CMakeFiles/debugger_code_f407.elf.dir/Drivers/STM32F4xx_HAL_Driver/Src/stm32f4xx_hal_uart.c.obj
                0x0800435e                HAL_UART_Receive
 .text.UART_Start_Receive_IT
                0x08004442       0x3a CMakeFiles/debugger_code_f407.elf.dir/Drivers/STM32F4xx_HAL_Driver/Src/stm32f4xx_hal_uart.c.obj
                0x08004442                UART_Start_Receive_IT
 .text.HAL_UART_Receive_IT
                0x0800447c       0x38 CMakeFiles/debugger_code_f407.elf.dir/Drivers/STM32F4xx_HAL_Driver/Src/stm32f4xx_hal_uart.c.obj
                0x0800447c                HAL_UART_Receive_IT
 .text.gui_updata
                0x080044b4       0x18 CMakeFiles/debugger_code_f407.elf.dir/GUI/gui_base.c.obj
                0x080044b4                gui_updata
 .text.gui_putchar
                0x080044cc       0x9c CMakeFiles/debugger_code_f407.elf.dir/GUI/gui_base.c.obj
                0x080044cc                gui_putchar
 .text.gui_printf
                0x08004568       0x5a CMakeFiles/debugger_code_f407.elf.dir/GUI/gui_base.c.obj
                0x08004568                gui_printf
 *fill*         0x080045c2        0x2 
 .text.gui_clear_screan
                0x080045c4       0x2c CMakeFiles/debugger_code_f407.elf.dir/GUI/gui_base.c.obj
                0x080045c4                gui_clear_screan
 .text.gui_config
                0x080045f0       0x38 CMakeFiles/debugger_code_f407.elf.dir/GUI/gui_base.c.obj
                0x080045f0                gui_config
 .text.gui_draw_hline
                0x08004628       0x3c CMakeFiles/debugger_code_f407.elf.dir/GUI/gui_base.c.obj
                0x08004628                gui_draw_hline
 .text.gui_draw_vline
                0x08004664       0x3c CMakeFiles/debugger_code_f407.elf.dir/GUI/gui_base.c.obj
                0x08004664                gui_draw_vline
 .text.gui_draw_rectangle
                0x080046a0       0x94 CMakeFiles/debugger_code_f407.elf.dir/GUI/gui_base.c.obj
                0x080046a0                gui_draw_rectangle
 .text.gui_button_init
                0x08004734       0x20 CMakeFiles/debugger_code_f407.elf.dir/GUI/gui_button.c.obj
                0x08004734                gui_button_init
 .text.gui_button_update
                0x08004754       0xcc CMakeFiles/debugger_code_f407.elf.dir/GUI/gui_button.c.obj
                0x08004754                gui_button_update
 .text.gui_label_init
                0x08004820       0x2a CMakeFiles/debugger_code_f407.elf.dir/GUI/gui_label.c.obj
                0x08004820                gui_label_init
 .text.gui_label_settext
                0x0800484a       0x26 CMakeFiles/debugger_code_f407.elf.dir/GUI/gui_label.c.obj
                0x0800484a                gui_label_settext
 .text.gui_label_update
                0x08004870      0x130 CMakeFiles/debugger_code_f407.elf.dir/GUI/gui_label.c.obj
                0x08004870                gui_label_update
 .text.osDelay  0x080049a0        0xe CMakeFiles/debugger_code_f407.elf.dir/Middlewares/Third_Party/FreeRTOS/Source/CMSIS_RTOS/cmsis_os.c.obj
                0x080049a0                osDelay
 .text.vListInitialise
                0x080049ae       0x16 CMakeFiles/debugger_code_f407.elf.dir/Middlewares/Third_Party/FreeRTOS/Source/list.c.obj
                0x080049ae                vListInitialise
 .text.vListInitialiseItem
                0x080049c4        0x6 CMakeFiles/debugger_code_f407.elf.dir/Middlewares/Third_Party/FreeRTOS/Source/list.c.obj
                0x080049c4                vListInitialiseItem
 .text.vListInsertEnd
                0x080049ca       0x16 CMakeFiles/debugger_code_f407.elf.dir/Middlewares/Third_Party/FreeRTOS/Source/list.c.obj
                0x080049ca                vListInsertEnd
 .text.vListInsert
                0x080049e0       0x32 CMakeFiles/debugger_code_f407.elf.dir/Middlewares/Third_Party/FreeRTOS/Source/list.c.obj
                0x080049e0                vListInsert
 .text.uxListRemove
                0x08004a12       0x26 CMakeFiles/debugger_code_f407.elf.dir/Middlewares/Third_Party/FreeRTOS/Source/list.c.obj
                0x08004a12                uxListRemove
 .text.prvTaskExitError
                0x08004a38       0x40 CMakeFiles/debugger_code_f407.elf.dir/Middlewares/Third_Party/FreeRTOS/Source/portable/GCC/ARM_CM4F/port.c.obj
 .text.prvPortStartFirstTask
                0x08004a78       0x28 CMakeFiles/debugger_code_f407.elf.dir/Middlewares/Third_Party/FreeRTOS/Source/portable/GCC/ARM_CM4F/port.c.obj
 .text.vPortEnableVFP
                0x08004aa0       0x14 CMakeFiles/debugger_code_f407.elf.dir/Middlewares/Third_Party/FreeRTOS/Source/portable/GCC/ARM_CM4F/port.c.obj
 .text.pxPortInitialiseStack
                0x08004ab4       0x2c CMakeFiles/debugger_code_f407.elf.dir/Middlewares/Third_Party/FreeRTOS/Source/portable/GCC/ARM_CM4F/port.c.obj
                0x08004ab4                pxPortInitialiseStack
 .text.SVC_Handler
                0x08004ae0       0x24 CMakeFiles/debugger_code_f407.elf.dir/Middlewares/Third_Party/FreeRTOS/Source/portable/GCC/ARM_CM4F/port.c.obj
                0x08004ae0                SVC_Handler
 .text.vPortEnterCritical
                0x08004b04       0x44 CMakeFiles/debugger_code_f407.elf.dir/Middlewares/Third_Party/FreeRTOS/Source/portable/GCC/ARM_CM4F/port.c.obj
                0x08004b04                vPortEnterCritical
 .text.vPortExitCritical
                0x08004b48       0x2c CMakeFiles/debugger_code_f407.elf.dir/Middlewares/Third_Party/FreeRTOS/Source/portable/GCC/ARM_CM4F/port.c.obj
                0x08004b48                vPortExitCritical
 *fill*         0x08004b74        0xc 
 .text.PendSV_Handler
                0x08004b80       0x64 CMakeFiles/debugger_code_f407.elf.dir/Middlewares/Third_Party/FreeRTOS/Source/portable/GCC/ARM_CM4F/port.c.obj
                0x08004b80                PendSV_Handler
 .text.SysTick_Handler
                0x08004be4       0x2c CMakeFiles/debugger_code_f407.elf.dir/Middlewares/Third_Party/FreeRTOS/Source/portable/GCC/ARM_CM4F/port.c.obj
                0x08004be4                SysTick_Handler
 .text.vPortSetupTimerInterrupt
                0x08004c10       0x28 CMakeFiles/debugger_code_f407.elf.dir/Middlewares/Third_Party/FreeRTOS/Source/portable/GCC/ARM_CM4F/port.c.obj
                0x08004c10                vPortSetupTimerInterrupt
 .text.xPortStartScheduler
                0x08004c38      0x118 CMakeFiles/debugger_code_f407.elf.dir/Middlewares/Third_Party/FreeRTOS/Source/portable/GCC/ARM_CM4F/port.c.obj
                0x08004c38                xPortStartScheduler
 .text.prvHeapInit
                0x08004d50       0x64 CMakeFiles/debugger_code_f407.elf.dir/Middlewares/Third_Party/FreeRTOS/Source/portable/MemMang/heap_4.c.obj
 .text.prvInsertBlockIntoFreeList
                0x08004db4       0x64 CMakeFiles/debugger_code_f407.elf.dir/Middlewares/Third_Party/FreeRTOS/Source/portable/MemMang/heap_4.c.obj
 .text.pvPortMalloc
                0x08004e18       0xfc CMakeFiles/debugger_code_f407.elf.dir/Middlewares/Third_Party/FreeRTOS/Source/portable/MemMang/heap_4.c.obj
                0x08004e18                pvPortMalloc
 .text.vPortFree
                0x08004f14       0x7c CMakeFiles/debugger_code_f407.elf.dir/Middlewares/Third_Party/FreeRTOS/Source/portable/MemMang/heap_4.c.obj
                0x08004f14                vPortFree
 .text.prvResetNextTaskUnblockTime
                0x08004f90       0x2c CMakeFiles/debugger_code_f407.elf.dir/Middlewares/Third_Party/FreeRTOS/Source/tasks.c.obj
 .text.prvInitialiseNewTask
                0x08004fbc       0xfe CMakeFiles/debugger_code_f407.elf.dir/Middlewares/Third_Party/FreeRTOS/Source/tasks.c.obj
 *fill*         0x080050ba        0x2 
 .text.prvInitialiseTaskLists
                0x080050bc       0x68 CMakeFiles/debugger_code_f407.elf.dir/Middlewares/Third_Party/FreeRTOS/Source/tasks.c.obj
 .text.prvAddNewTaskToReadyList
                0x08005124       0xa8 CMakeFiles/debugger_code_f407.elf.dir/Middlewares/Third_Party/FreeRTOS/Source/tasks.c.obj
 .text.prvDeleteTCB
                0x080051cc       0x40 CMakeFiles/debugger_code_f407.elf.dir/Middlewares/Third_Party/FreeRTOS/Source/tasks.c.obj
 .text.prvCheckTasksWaitingTermination
                0x0800520c       0x4c CMakeFiles/debugger_code_f407.elf.dir/Middlewares/Third_Party/FreeRTOS/Source/tasks.c.obj
 .text.prvIdleTask
                0x08005258       0x28 CMakeFiles/debugger_code_f407.elf.dir/Middlewares/Third_Party/FreeRTOS/Source/tasks.c.obj
 .text.prvAddCurrentTaskToDelayedList
                0x08005280       0x98 CMakeFiles/debugger_code_f407.elf.dir/Middlewares/Third_Party/FreeRTOS/Source/tasks.c.obj
 .text.xTaskCreateStatic
                0x08005318       0x7a CMakeFiles/debugger_code_f407.elf.dir/Middlewares/Third_Party/FreeRTOS/Source/tasks.c.obj
                0x08005318                xTaskCreateStatic
 .text.xTaskCreate
                0x08005392       0x6a CMakeFiles/debugger_code_f407.elf.dir/Middlewares/Third_Party/FreeRTOS/Source/tasks.c.obj
                0x08005392                xTaskCreate
 .text.vTaskStartScheduler
                0x080053fc       0x84 CMakeFiles/debugger_code_f407.elf.dir/Middlewares/Third_Party/FreeRTOS/Source/tasks.c.obj
                0x080053fc                vTaskStartScheduler
 .text.vTaskSuspendAll
                0x08005480       0x10 CMakeFiles/debugger_code_f407.elf.dir/Middlewares/Third_Party/FreeRTOS/Source/tasks.c.obj
                0x08005480                vTaskSuspendAll
 .text.xTaskIncrementTick
                0x08005490      0x118 CMakeFiles/debugger_code_f407.elf.dir/Middlewares/Third_Party/FreeRTOS/Source/tasks.c.obj
                0x08005490                xTaskIncrementTick
 .text.xTaskResumeAll
                0x080055a8       0xf8 CMakeFiles/debugger_code_f407.elf.dir/Middlewares/Third_Party/FreeRTOS/Source/tasks.c.obj
                0x080055a8                xTaskResumeAll
 .text.vTaskDelay
                0x080056a0       0x4c CMakeFiles/debugger_code_f407.elf.dir/Middlewares/Third_Party/FreeRTOS/Source/tasks.c.obj
                0x080056a0                vTaskDelay
 .text.vTaskSwitchContext
                0x080056ec       0xa4 CMakeFiles/debugger_code_f407.elf.dir/Middlewares/Third_Party/FreeRTOS/Source/tasks.c.obj
                0x080056ec                vTaskSwitchContext
 .text.pid_param_init
                0x08005790       0x14 CMakeFiles/debugger_code_f407.elf.dir/controller/pid.c.obj
 .text.pid_reset
                0x080057a4        0xe CMakeFiles/debugger_code_f407.elf.dir/controller/pid.c.obj
 *fill*         0x080057b2        0x2 
 .text.PID_struct_init
                0x080057b4       0x18 CMakeFiles/debugger_code_f407.elf.dir/controller/pid.c.obj
                0x080057b4                PID_struct_init
 .text.canid_sort
                0x080057cc       0x7a CMakeFiles/debugger_code_f407.elf.dir/data_processing/can_data.c.obj
                0x080057cc                canid_sort
 .text.is_exits_can_array
                0x08005846       0x44 CMakeFiles/debugger_code_f407.elf.dir/data_processing/can_data.c.obj
                0x08005846                is_exits_can_array
 .text.get_can_data
                0x0800588a       0x40 CMakeFiles/debugger_code_f407.elf.dir/data_processing/can_data.c.obj
                0x0800588a                get_can_data
 .text.refresh_can_data
                0x080058ca        0xc CMakeFiles/debugger_code_f407.elf.dir/data_processing/can_data.c.obj
                0x080058ca                refresh_can_data
 *fill*         0x080058d6        0x2 
 .text.lcd_write_command
                0x080058d8       0x28 CMakeFiles/debugger_code_f407.elf.dir/devices/lcd_init.c.obj
                0x080058d8                lcd_write_command
 .text.lcd_write_data
                0x08005900       0x28 CMakeFiles/debugger_code_f407.elf.dir/devices/lcd_init.c.obj
                0x08005900                lcd_write_data
 .text.lcd_set_address
                0x08005928       0x5c CMakeFiles/debugger_code_f407.elf.dir/devices/lcd_init.c.obj
                0x08005928                lcd_set_address
 .text.lcd_set_direction
                0x08005984       0xb4 CMakeFiles/debugger_code_f407.elf.dir/devices/lcd_init.c.obj
                0x08005984                lcd_set_direction
 .text.lcd_config
                0x08005a38      0x1fc CMakeFiles/debugger_code_f407.elf.dir/devices/lcd_init.c.obj
                0x08005a38                lcd_config
 .text.Button_TurnBuck_CallBack_all_canid
                0x08005c34       0x1c CMakeFiles/debugger_code_f407.elf.dir/forms/all_canid_form.c.obj
                0x08005c34                Button_TurnBuck_CallBack_all_canid
 .text.button_refresh_callback_all_canid
                0x08005c50       0x10 CMakeFiles/debugger_code_f407.elf.dir/forms/all_canid_form.c.obj
                0x08005c50                button_refresh_callback_all_canid
 .text.all_canid_Form_Init
                0x08005c60       0x8c CMakeFiles/debugger_code_f407.elf.dir/forms/all_canid_form.c.obj
                0x08005c60                all_canid_Form_Init
 .text.all_canid_Form_Load
                0x08005cec      0x118 CMakeFiles/debugger_code_f407.elf.dir/forms/all_canid_form.c.obj
                0x08005cec                all_canid_Form_Load
 .text.Button_TurnBuck_CallBack_CanId
                0x08005e04       0x1c CMakeFiles/debugger_code_f407.elf.dir/forms/canid_forms.c.obj
                0x08005e04                Button_TurnBuck_CallBack_CanId
 .text.Button_Imu_CallBack_CanId
                0x08005e20       0x1c CMakeFiles/debugger_code_f407.elf.dir/forms/canid_forms.c.obj
                0x08005e20                Button_Imu_CallBack_CanId
 .text.Button_Motor_CallBack_CanId
                0x08005e3c       0x1c CMakeFiles/debugger_code_f407.elf.dir/forms/canid_forms.c.obj
                0x08005e3c                Button_Motor_CallBack_CanId
 .text.button_all_callback_canid
                0x08005e58       0x1c CMakeFiles/debugger_code_f407.elf.dir/forms/canid_forms.c.obj
                0x08005e58                button_all_callback_canid
 .text.CanId_Form_Init
                0x08005e74       0xd0 CMakeFiles/debugger_code_f407.elf.dir/forms/canid_forms.c.obj
                0x08005e74                CanId_Form_Init
 .text.CanId_Form_Load
                0x08005f44       0xf8 CMakeFiles/debugger_code_f407.elf.dir/forms/canid_forms.c.obj
                0x08005f44                CanId_Form_Load
 .text.Button_TurnBuck_CallBack_Dail
                0x0800603c       0x24 CMakeFiles/debugger_code_f407.elf.dir/forms/dail_forms.c.obj
                0x0800603c                Button_TurnBuck_CallBack_Dail
 .text.Dail_Form_Init
                0x08006060      0x100 CMakeFiles/debugger_code_f407.elf.dir/forms/dail_forms.c.obj
                0x08006060                Dail_Form_Init
 .text.Dail_Form_Load
                0x08006160      0x1e4 CMakeFiles/debugger_code_f407.elf.dir/forms/dail_forms.c.obj
                0x08006160                Dail_Form_Load
 .text.Button_TurnBuck_CallBack_Imu
                0x08006344       0x1c CMakeFiles/debugger_code_f407.elf.dir/forms/imu_forms.c.obj
                0x08006344                Button_TurnBuck_CallBack_Imu
 .text.Imu_Form_Init
                0x08006360       0x88 CMakeFiles/debugger_code_f407.elf.dir/forms/imu_forms.c.obj
                0x08006360                Imu_Form_Init
 .text.abs_data
                0x080063e8       0x24 CMakeFiles/debugger_code_f407.elf.dir/forms/imu_forms.c.obj
                0x080063e8                abs_data
 *fill*         0x0800640c        0x4 
 .text.Imu_Form_Load
                0x08006410      0x124 CMakeFiles/debugger_code_f407.elf.dir/forms/imu_forms.c.obj
                0x08006410                Imu_Form_Load
 .text.Form_UpdateEvent
                0x08006534       0x58 CMakeFiles/debugger_code_f407.elf.dir/forms/logic_forms.c.obj
                0x08006534                Form_UpdateEvent
 .text.Button_SusCap_CallBack
                0x0800658c       0x1c CMakeFiles/debugger_code_f407.elf.dir/forms/main_forms.c.obj
                0x0800658c                Button_SusCap_CallBack
 .text.Button_Dial_CallBack
                0x080065a8       0x1c CMakeFiles/debugger_code_f407.elf.dir/forms/main_forms.c.obj
                0x080065a8                Button_Dial_CallBack
 .text.Button_CanId_CallBuck
                0x080065c4       0x1c CMakeFiles/debugger_code_f407.elf.dir/forms/main_forms.c.obj
                0x080065c4                Button_CanId_CallBuck
 .text.Button_Usart_CallBuck
                0x080065e0       0x1c CMakeFiles/debugger_code_f407.elf.dir/forms/main_forms.c.obj
                0x080065e0                Button_Usart_CallBuck
 .text.main_Form_Init
                0x080065fc       0xf4 CMakeFiles/debugger_code_f407.elf.dir/forms/main_forms.c.obj
                0x080065fc                main_Form_Init
 .text.main_Form_Load
                0x080066f0       0xf8 CMakeFiles/debugger_code_f407.elf.dir/forms/main_forms.c.obj
                0x080066f0                main_Form_Load
 .text.Button_TurnBuck_CallBack_Motor
                0x080067e8       0x1c CMakeFiles/debugger_code_f407.elf.dir/forms/motor_forms.c.obj
                0x080067e8                Button_TurnBuck_CallBack_Motor
 .text.Motor_Form_Init
                0x08006804       0xc0 CMakeFiles/debugger_code_f407.elf.dir/forms/motor_forms.c.obj
                0x08006804                Motor_Form_Init
 .text.refresh_can_RM_motor_data
                0x080068c4        0xe CMakeFiles/debugger_code_f407.elf.dir/forms/motor_forms.c.obj
                0x080068c4                refresh_can_RM_motor_data
 *fill*         0x080068d2        0x2 
 .text.Motor_Form_Load
                0x080068d4      0x148 CMakeFiles/debugger_code_f407.elf.dir/forms/motor_forms.c.obj
                0x080068d4                Motor_Form_Load
 .text.OSInfo_Printf
                0x08006a1c       0x4c CMakeFiles/debugger_code_f407.elf.dir/forms/osinfo_forms.c.obj
 .text.RefreshTaskInfo
                0x08006a68       0x54 CMakeFiles/debugger_code_f407.elf.dir/forms/osinfo_forms.c.obj
 .text.OSInfo_Form_Load
                0x08006abc       0x2c CMakeFiles/debugger_code_f407.elf.dir/forms/osinfo_forms.c.obj
                0x08006abc                OSInfo_Form_Load
 .text.Button_TurnBuck_CallBack_Sus
                0x08006ae8       0x1c CMakeFiles/debugger_code_f407.elf.dir/forms/suscap_debuger_forms.c.obj
                0x08006ae8                Button_TurnBuck_CallBack_Sus
 .text.Suscap_Debuger_Show_Init
                0x08006b04      0x108 CMakeFiles/debugger_code_f407.elf.dir/forms/suscap_debuger_forms.c.obj
                0x08006b04                Suscap_Debuger_Show_Init
 .text.Suscap_Debuger_Show_Load
                0x08006c0c      0x150 CMakeFiles/debugger_code_f407.elf.dir/forms/suscap_debuger_forms.c.obj
                0x08006c0c                Suscap_Debuger_Show_Load
 .text.Button_Usart_CallBack
                0x08006d5c        0xc CMakeFiles/debugger_code_f407.elf.dir/forms/usart_forms.c.obj
                0x08006d5c                Button_Usart_CallBack
 .text.Button_TurnBuck_CallBack_Usart
                0x08006d68       0x1c CMakeFiles/debugger_code_f407.elf.dir/forms/usart_forms.c.obj
                0x08006d68                Button_TurnBuck_CallBack_Usart
 .text.Usart_Form_Init
                0x08006d84      0x174 CMakeFiles/debugger_code_f407.elf.dir/forms/usart_forms.c.obj
                0x08006d84                Usart_Form_Init
 .text.Usart_Form_Load
                0x08006ef8      0x184 CMakeFiles/debugger_code_f407.elf.dir/forms/usart_forms.c.obj
                0x08006ef8                Usart_Form_Load
 .text.can_init
                0x0800707c       0x3c CMakeFiles/debugger_code_f407.elf.dir/function/can_communication.c.obj
                0x0800707c                can_init
 .text.can_fifo_init
                0x080070b8       0x40 CMakeFiles/debugger_code_f407.elf.dir/function/can_communication.c.obj
                0x080070b8                can_fifo_init
 .text.HAL_CAN_RxFifo0MsgPendingCallback
                0x080070f8       0xc0 CMakeFiles/debugger_code_f407.elf.dir/function/can_communication.c.obj
                0x080070f8                HAL_CAN_RxFifo0MsgPendingCallback
 .text.Enter_Key
                0x080071b8       0x80 CMakeFiles/debugger_code_f407.elf.dir/function/key.c.obj
                0x080071b8                Enter_Key
 .text.press_key
                0x08007238       0x2a CMakeFiles/debugger_code_f407.elf.dir/function/key.c.obj
                0x08007238                press_key
 *fill*         0x08007262        0x2 
 .text.led_can_rx
                0x08007264       0x20 CMakeFiles/debugger_code_f407.elf.dir/function/led.c.obj
                0x08007264                led_can_rx
 .text.set_moto_current
                0x08007284       0x44 CMakeFiles/debugger_code_f407.elf.dir/function/motor.c.obj
                0x08007284                set_moto_current
 .text.fifo_s_init
                0x080072c8       0x16 CMakeFiles/debugger_code_f407.elf.dir/support/fifo.c.obj
                0x080072c8                fifo_s_init
 .text.fifo_s_puts
                0x080072de       0x7e CMakeFiles/debugger_code_f407.elf.dir/support/fifo.c.obj
                0x080072de                fifo_s_puts
 .text.fifo_s_gets
                0x0800735c       0x7e CMakeFiles/debugger_code_f407.elf.dir/support/fifo.c.obj
                0x0800735c                fifo_s_gets
 .text.fifo_s_used
                0x080073da        0x4 CMakeFiles/debugger_code_f407.elf.dir/support/fifo.c.obj
                0x080073da                fifo_s_used
 *fill*         0x080073de        0x2 
 .text.imu_cali_slove
                0x080073e0       0xbc CMakeFiles/debugger_code_f407.elf.dir/task/INS_task.c.obj
 .text.AHRS_init
                0x0800749c       0x10 CMakeFiles/debugger_code_f407.elf.dir/task/INS_task.c.obj
                0x0800749c                AHRS_init
 .text.AHRS_update
                0x080074ac       0x2c CMakeFiles/debugger_code_f407.elf.dir/task/INS_task.c.obj
                0x080074ac                AHRS_update
 .text.get_angle
                0x080074d8       0xbc CMakeFiles/debugger_code_f407.elf.dir/task/INS_task.c.obj
                0x080074d8                get_angle
 .text.INS_task
                0x08007594      0x15c CMakeFiles/debugger_code_f407.elf.dir/task/INS_task.c.obj
                0x08007594                INS_task
 .text.can_show_task
                0x080076f0       0x1c CMakeFiles/debugger_code_f407.elf.dir/task/can_show_task.c.obj
                0x080076f0                can_show_task
 .text.gui_task
                0x0800770c       0x1a CMakeFiles/debugger_code_f407.elf.dir/task/gui_task.c.obj
                0x0800770c                gui_task
 *fill*         0x08007726        0x2 
 .text.motor_task
                0x08007728       0x38 CMakeFiles/debugger_code_f407.elf.dir/task/motor_task.c.obj
                0x08007728                motor_task
 .text.__errno  0x08007760        0xc d:/gcc-arm-none-eabi/bin/../lib/gcc/arm-none-eabi/10.3.1/../../../../arm-none-eabi/lib/thumb/v7e-m+fp/hard\libc.a(lib_a-errno.o)
                0x08007760                __errno
 .text.__libc_init_array
                0x0800776c       0x48 d:/gcc-arm-none-eabi/bin/../lib/gcc/arm-none-eabi/10.3.1/../../../../arm-none-eabi/lib/thumb/v7e-m+fp/hard\libc.a(lib_a-init.o)
                0x0800776c                __libc_init_array
 .text.malloc   0x080077b4       0x10 d:/gcc-arm-none-eabi/bin/../lib/gcc/arm-none-eabi/10.3.1/../../../../arm-none-eabi/lib/thumb/v7e-m+fp/hard\libc.a(lib_a-malloc.o)
                0x080077b4                malloc
 .text._malloc_r
                0x080077c4      0x560 d:/gcc-arm-none-eabi/bin/../lib/gcc/arm-none-eabi/10.3.1/../../../../arm-none-eabi/lib/thumb/v7e-m+fp/hard\libc.a(lib_a-mallocr.o)
                0x080077c4                _malloc_r
 .text.memset   0x08007d24       0xa4 d:/gcc-arm-none-eabi/bin/../lib/gcc/arm-none-eabi/10.3.1/../../../../arm-none-eabi/lib/thumb/v7e-m+fp/hard\libc.a(lib_a-memset.o)
                0x08007d24                memset
 .text.__malloc_lock
                0x08007dc8        0xc d:/gcc-arm-none-eabi/bin/../lib/gcc/arm-none-eabi/10.3.1/../../../../arm-none-eabi/lib/thumb/v7e-m+fp/hard\libc.a(lib_a-mlock.o)
                0x08007dc8                __malloc_lock
 .text.__malloc_unlock
                0x08007dd4        0xc d:/gcc-arm-none-eabi/bin/../lib/gcc/arm-none-eabi/10.3.1/../../../../arm-none-eabi/lib/thumb/v7e-m+fp/hard\libc.a(lib_a-mlock.o)
                0x08007dd4                __malloc_unlock
 .text.cleanup_glue
                0x08007de0       0x48 d:/gcc-arm-none-eabi/bin/../lib/gcc/arm-none-eabi/10.3.1/../../../../arm-none-eabi/lib/thumb/v7e-m+fp/hard\libc.a(lib_a-reent.o)
                0x08007de0                cleanup_glue
 .text._reclaim_reent
                0x08007e28       0x90 d:/gcc-arm-none-eabi/bin/../lib/gcc/arm-none-eabi/10.3.1/../../../../arm-none-eabi/lib/thumb/v7e-m+fp/hard\libc.a(lib_a-reent.o)
                0x08007e28                _reclaim_reent
 .text._sbrk_r  0x08007eb8       0x24 d:/gcc-arm-none-eabi/bin/../lib/gcc/arm-none-eabi/10.3.1/../../../../arm-none-eabi/lib/thumb/v7e-m+fp/hard\libc.a(lib_a-sbrkr.o)
                0x08007eb8                _sbrk_r
 .text.setvbuf  0x08007edc      0x1b0 d:/gcc-arm-none-eabi/bin/../lib/gcc/arm-none-eabi/10.3.1/../../../../arm-none-eabi/lib/thumb/v7e-m+fp/hard\libc.a(lib_a-setvbuf.o)
                0x08007edc                setvbuf
 .text.strcpy   0x0800808c       0xbc d:/gcc-arm-none-eabi/bin/../lib/gcc/arm-none-eabi/10.3.1/../../../../arm-none-eabi/lib/thumb/v7e-m+fp/hard\libc.a(lib_a-strcpy.o)
                0x0800808c                strcpy
 .text.vsnprintf
                0x08008148       0x70 d:/gcc-arm-none-eabi/bin/../lib/gcc/arm-none-eabi/10.3.1/../../../../arm-none-eabi/lib/thumb/v7e-m+fp/hard\libc.a(lib_a-vsnprintf.o)
                0x08008148                vsnprintf
 .text.startup.register_fini
                0x080081b8       0x14 d:/gcc-arm-none-eabi/bin/../lib/gcc/arm-none-eabi/10.3.1/../../../../arm-none-eabi/lib/thumb/v7e-m+fp/hard\libc.a(lib_a-__call_atexit.o)
 .text.atexit   0x080081cc        0xc d:/gcc-arm-none-eabi/bin/../lib/gcc/arm-none-eabi/10.3.1/../../../../arm-none-eabi/lib/thumb/v7e-m+fp/hard\libc.a(lib_a-atexit.o)
                0x080081cc                atexit
 .text.__sflush_r
                0x080081d8      0x130 d:/gcc-arm-none-eabi/bin/../lib/gcc/arm-none-eabi/10.3.1/../../../../arm-none-eabi/lib/thumb/v7e-m+fp/hard\libc.a(lib_a-fflush.o)
                0x080081d8                __sflush_r
 .text._fflush_r
                0x08008308       0x5c d:/gcc-arm-none-eabi/bin/../lib/gcc/arm-none-eabi/10.3.1/../../../../arm-none-eabi/lib/thumb/v7e-m+fp/hard\libc.a(lib_a-fflush.o)
                0x08008308                _fflush_r
 .text._cleanup_r
                0x08008364        0xc d:/gcc-arm-none-eabi/bin/../lib/gcc/arm-none-eabi/10.3.1/../../../../arm-none-eabi/lib/thumb/v7e-m+fp/hard\libc.a(lib_a-findfp.o)
                0x08008364                _cleanup_r
 .text.__sinit  0x08008370      0x10c d:/gcc-arm-none-eabi/bin/../lib/gcc/arm-none-eabi/10.3.1/../../../../arm-none-eabi/lib/thumb/v7e-m+fp/hard\libc.a(lib_a-findfp.o)
                0x08008370                __sinit
 .text.__sfp_lock_acquire
                0x0800847c        0xc d:/gcc-arm-none-eabi/bin/../lib/gcc/arm-none-eabi/10.3.1/../../../../arm-none-eabi/lib/thumb/v7e-m+fp/hard\libc.a(lib_a-findfp.o)
                0x0800847c                __sfp_lock_acquire
 .text.__sfp_lock_release
                0x08008488        0xc d:/gcc-arm-none-eabi/bin/../lib/gcc/arm-none-eabi/10.3.1/../../../../arm-none-eabi/lib/thumb/v7e-m+fp/hard\libc.a(lib_a-findfp.o)
                0x08008488                __sfp_lock_release
 .text.__libc_fini_array
                0x08008494       0x2c d:/gcc-arm-none-eabi/bin/../lib/gcc/arm-none-eabi/10.3.1/../../../../arm-none-eabi/lib/thumb/v7e-m+fp/hard\libc.a(lib_a-fini.o)
                0x08008494                __libc_fini_array
 .text._malloc_trim_r
                0x080084c0       0xa0 d:/gcc-arm-none-eabi/bin/../lib/gcc/arm-none-eabi/10.3.1/../../../../arm-none-eabi/lib/thumb/v7e-m+fp/hard\libc.a(lib_a-freer.o)
                0x080084c0                _malloc_trim_r
 .text._free_r  0x08008560      0x20c d:/gcc-arm-none-eabi/bin/../lib/gcc/arm-none-eabi/10.3.1/../../../../arm-none-eabi/lib/thumb/v7e-m+fp/hard\libc.a(lib_a-freer.o)
                0x08008560                _free_r
 .text._fwalk_reent
                0x0800876c       0x48 d:/gcc-arm-none-eabi/bin/../lib/gcc/arm-none-eabi/10.3.1/../../../../arm-none-eabi/lib/thumb/v7e-m+fp/hard\libc.a(lib_a-fwalk.o)
                0x0800876c                _fwalk_reent
 .text.__retarget_lock_init_recursive
                0x080087b4        0x4 d:/gcc-arm-none-eabi/bin/../lib/gcc/arm-none-eabi/10.3.1/../../../../arm-none-eabi/lib/thumb/v7e-m+fp/hard\libc.a(lib_a-lock.o)
                0x080087b4                __retarget_lock_init_recursive
 .text.__retarget_lock_close_recursive
                0x080087b8        0x4 d:/gcc-arm-none-eabi/bin/../lib/gcc/arm-none-eabi/10.3.1/../../../../arm-none-eabi/lib/thumb/v7e-m+fp/hard\libc.a(lib_a-lock.o)
                0x080087b8                __retarget_lock_close_recursive
 .text.__retarget_lock_acquire_recursive
                0x080087bc        0x4 d:/gcc-arm-none-eabi/bin/../lib/gcc/arm-none-eabi/10.3.1/../../../../arm-none-eabi/lib/thumb/v7e-m+fp/hard\libc.a(lib_a-lock.o)
                0x080087bc                __retarget_lock_acquire_recursive
 .text.__retarget_lock_release_recursive
                0x080087c0        0x4 d:/gcc-arm-none-eabi/bin/../lib/gcc/arm-none-eabi/10.3.1/../../../../arm-none-eabi/lib/thumb/v7e-m+fp/hard\libc.a(lib_a-lock.o)
                0x080087c0                __retarget_lock_release_recursive
 .text.__smakebuf_r
                0x080087c4       0xe0 d:/gcc-arm-none-eabi/bin/../lib/gcc/arm-none-eabi/10.3.1/../../../../arm-none-eabi/lib/thumb/v7e-m+fp/hard\libc.a(lib_a-makebuf.o)
                0x080087c4                __smakebuf_r
 .text.__swhatbuf_r
                0x080088a4       0x60 d:/gcc-arm-none-eabi/bin/../lib/gcc/arm-none-eabi/10.3.1/../../../../arm-none-eabi/lib/thumb/v7e-m+fp/hard\libc.a(lib_a-makebuf.o)
                0x080088a4                __swhatbuf_r
 .text.__sread  0x08008904       0x24 d:/gcc-arm-none-eabi/bin/../lib/gcc/arm-none-eabi/10.3.1/../../../../arm-none-eabi/lib/thumb/v7e-m+fp/hard\libc.a(lib_a-stdio.o)
                0x08008904                __sread
 .text.__swrite
                0x08008928       0x40 d:/gcc-arm-none-eabi/bin/../lib/gcc/arm-none-eabi/10.3.1/../../../../arm-none-eabi/lib/thumb/v7e-m+fp/hard\libc.a(lib_a-stdio.o)
                0x08008928                __swrite
 .text.__sseek  0x08008968       0x20 d:/gcc-arm-none-eabi/bin/../lib/gcc/arm-none-eabi/10.3.1/../../../../arm-none-eabi/lib/thumb/v7e-m+fp/hard\libc.a(lib_a-stdio.o)
                0x08008968                __sseek
 .text.__sclose
                0x08008988        0x8 d:/gcc-arm-none-eabi/bin/../lib/gcc/arm-none-eabi/10.3.1/../../../../arm-none-eabi/lib/thumb/v7e-m+fp/hard\libc.a(lib_a-stdio.o)
                0x08008988                __sclose
 .text._svfprintf_r
                0x08008990     0x1acc d:/gcc-arm-none-eabi/bin/../lib/gcc/arm-none-eabi/10.3.1/../../../../arm-none-eabi/lib/thumb/v7e-m+fp/hard\libc.a(lib_a-svfprintf.o)
                0x08008990                _svfprintf_r
 .text._write_r
                0x0800a45c       0x2c d:/gcc-arm-none-eabi/bin/../lib/gcc/arm-none-eabi/10.3.1/../../../../arm-none-eabi/lib/thumb/v7e-m+fp/hard\libc.a(lib_a-writer.o)
                0x0800a45c                _write_r
 .text.__register_exitproc
                0x0800a488       0x8c d:/gcc-arm-none-eabi/bin/../lib/gcc/arm-none-eabi/10.3.1/../../../../arm-none-eabi/lib/thumb/v7e-m+fp/hard\libc.a(lib_a-__atexit.o)
                0x0800a488                __register_exitproc
 .text._close_r
                0x0800a514       0x24 d:/gcc-arm-none-eabi/bin/../lib/gcc/arm-none-eabi/10.3.1/../../../../arm-none-eabi/lib/thumb/v7e-m+fp/hard\libc.a(lib_a-closer.o)
                0x0800a514                _close_r
 .text.quorem   0x0800a538      0x128 d:/gcc-arm-none-eabi/bin/../lib/gcc/arm-none-eabi/10.3.1/../../../../arm-none-eabi/lib/thumb/v7e-m+fp/hard\libc.a(lib_a-dtoa.o)
 .text._dtoa_r  0x0800a660      0xf3c d:/gcc-arm-none-eabi/bin/../lib/gcc/arm-none-eabi/10.3.1/../../../../arm-none-eabi/lib/thumb/v7e-m+fp/hard\libc.a(lib_a-dtoa.o)
                0x0800a660                _dtoa_r
 .text._fclose_r
                0x0800b59c       0xcc d:/gcc-arm-none-eabi/bin/../lib/gcc/arm-none-eabi/10.3.1/../../../../arm-none-eabi/lib/thumb/v7e-m+fp/hard\libc.a(lib_a-fclose.o)
                0x0800b59c                _fclose_r
 .text._fstat_r
                0x0800b668       0x2c d:/gcc-arm-none-eabi/bin/../lib/gcc/arm-none-eabi/10.3.1/../../../../arm-none-eabi/lib/thumb/v7e-m+fp/hard\libc.a(lib_a-fstatr.o)
                0x0800b668                _fstat_r
 .text._isatty_r
                0x0800b694       0x24 d:/gcc-arm-none-eabi/bin/../lib/gcc/arm-none-eabi/10.3.1/../../../../arm-none-eabi/lib/thumb/v7e-m+fp/hard\libc.a(lib_a-isattyr.o)
                0x0800b694                _isatty_r
 .text._localeconv_r
                0x0800b6b8        0x8 d:/gcc-arm-none-eabi/bin/../lib/gcc/arm-none-eabi/10.3.1/../../../../arm-none-eabi/lib/thumb/v7e-m+fp/hard\libc.a(lib_a-localeconv.o)
                0x0800b6b8                _localeconv_r
 .text._lseek_r
                0x0800b6c0       0x2c d:/gcc-arm-none-eabi/bin/../lib/gcc/arm-none-eabi/10.3.1/../../../../arm-none-eabi/lib/thumb/v7e-m+fp/hard\libc.a(lib_a-lseekr.o)
                0x0800b6c0                _lseek_r
 .text._Balloc  0x0800b6ec       0x4c d:/gcc-arm-none-eabi/bin/../lib/gcc/arm-none-eabi/10.3.1/../../../../arm-none-eabi/lib/thumb/v7e-m+fp/hard\libc.a(lib_a-mprec.o)
                0x0800b6ec                _Balloc
 .text._Bfree   0x0800b738       0x14 d:/gcc-arm-none-eabi/bin/../lib/gcc/arm-none-eabi/10.3.1/../../../../arm-none-eabi/lib/thumb/v7e-m+fp/hard\libc.a(lib_a-mprec.o)
                0x0800b738                _Bfree
 .text.__multadd
                0x0800b74c       0xa8 d:/gcc-arm-none-eabi/bin/../lib/gcc/arm-none-eabi/10.3.1/../../../../arm-none-eabi/lib/thumb/v7e-m+fp/hard\libc.a(lib_a-mprec.o)
                0x0800b74c                __multadd
 .text.__hi0bits
                0x0800b7f4       0x40 d:/gcc-arm-none-eabi/bin/../lib/gcc/arm-none-eabi/10.3.1/../../../../arm-none-eabi/lib/thumb/v7e-m+fp/hard\libc.a(lib_a-mprec.o)
                0x0800b7f4                __hi0bits
 .text.__lo0bits
                0x0800b834       0x60 d:/gcc-arm-none-eabi/bin/../lib/gcc/arm-none-eabi/10.3.1/../../../../arm-none-eabi/lib/thumb/v7e-m+fp/hard\libc.a(lib_a-mprec.o)
                0x0800b834                __lo0bits
 .text.__i2b    0x0800b894       0x5c d:/gcc-arm-none-eabi/bin/../lib/gcc/arm-none-eabi/10.3.1/../../../../arm-none-eabi/lib/thumb/v7e-m+fp/hard\libc.a(lib_a-mprec.o)
                0x0800b894                __i2b
 .text.__multiply
                0x0800b8f0      0x15c d:/gcc-arm-none-eabi/bin/../lib/gcc/arm-none-eabi/10.3.1/../../../../arm-none-eabi/lib/thumb/v7e-m+fp/hard\libc.a(lib_a-mprec.o)
                0x0800b8f0                __multiply
 .text.__pow5mult
                0x0800ba4c       0xc0 d:/gcc-arm-none-eabi/bin/../lib/gcc/arm-none-eabi/10.3.1/../../../../arm-none-eabi/lib/thumb/v7e-m+fp/hard\libc.a(lib_a-mprec.o)
                0x0800ba4c                __pow5mult
 .text.__lshift
                0x0800bb0c       0xf0 d:/gcc-arm-none-eabi/bin/../lib/gcc/arm-none-eabi/10.3.1/../../../../arm-none-eabi/lib/thumb/v7e-m+fp/hard\libc.a(lib_a-mprec.o)
                0x0800bb0c                __lshift
 .text.__mcmp   0x0800bbfc       0x44 d:/gcc-arm-none-eabi/bin/../lib/gcc/arm-none-eabi/10.3.1/../../../../arm-none-eabi/lib/thumb/v7e-m+fp/hard\libc.a(lib_a-mprec.o)
                0x0800bbfc                __mcmp
 .text.__mdiff  0x0800bc40      0x14c d:/gcc-arm-none-eabi/bin/../lib/gcc/arm-none-eabi/10.3.1/../../../../arm-none-eabi/lib/thumb/v7e-m+fp/hard\libc.a(lib_a-mprec.o)
                0x0800bc40                __mdiff
 .text.__d2b    0x0800bd8c       0xd0 d:/gcc-arm-none-eabi/bin/../lib/gcc/arm-none-eabi/10.3.1/../../../../arm-none-eabi/lib/thumb/v7e-m+fp/hard\libc.a(lib_a-mprec.o)
                0x0800bd8c                __d2b
 .text._read_r  0x0800be5c       0x2c d:/gcc-arm-none-eabi/bin/../lib/gcc/arm-none-eabi/10.3.1/../../../../arm-none-eabi/lib/thumb/v7e-m+fp/hard\libc.a(lib_a-readr.o)
                0x0800be5c                _read_r
 .text.frexp    0x0800be88       0x6c d:/gcc-arm-none-eabi/bin/../lib/gcc/arm-none-eabi/10.3.1/../../../../arm-none-eabi/lib/thumb/v7e-m+fp/hard\libc.a(lib_a-s_frexp.o)
                0x0800be88                frexp
 .text.strncpy  0x0800bef4       0x64 d:/gcc-arm-none-eabi/bin/../lib/gcc/arm-none-eabi/10.3.1/../../../../arm-none-eabi/lib/thumb/v7e-m+fp/hard\libc.a(lib_a-strncpy.o)
                0x0800bef4                strncpy
 .text.__ssprint_r
                0x0800bf58       0xf8 d:/gcc-arm-none-eabi/bin/../lib/gcc/arm-none-eabi/10.3.1/../../../../arm-none-eabi/lib/thumb/v7e-m+fp/hard\libc.a(lib_a-svfiprintf.o)
                0x0800bf58                __ssprint_r
 .text.__assert_func
                0x0800c050       0x40 d:/gcc-arm-none-eabi/bin/../lib/gcc/arm-none-eabi/10.3.1/../../../../arm-none-eabi/lib/thumb/v7e-m+fp/hard\libc.a(lib_a-assert.o)
                0x0800c050                __assert_func
 .text._calloc_r
                0x0800c090       0x78 d:/gcc-arm-none-eabi/bin/../lib/gcc/arm-none-eabi/10.3.1/../../../../arm-none-eabi/lib/thumb/v7e-m+fp/hard\libc.a(lib_a-callocr.o)
                0x0800c090                _calloc_r
 .text.fiprintf
                0x0800c108       0x28 d:/gcc-arm-none-eabi/bin/../lib/gcc/arm-none-eabi/10.3.1/../../../../arm-none-eabi/lib/thumb/v7e-m+fp/hard\libc.a(lib_a-fiprintf.o)
                0x0800c108                fiprintf
 .text.__locale_mb_cur_max
                0x0800c130        0xc d:/gcc-arm-none-eabi/bin/../lib/gcc/arm-none-eabi/10.3.1/../../../../arm-none-eabi/lib/thumb/v7e-m+fp/hard\libc.a(lib_a-locale.o)
                0x0800c130                __locale_mb_cur_max
 .text.__ascii_mbtowc
                0x0800c13c       0x2c d:/gcc-arm-none-eabi/bin/../lib/gcc/arm-none-eabi/10.3.1/../../../../arm-none-eabi/lib/thumb/v7e-m+fp/hard\libc.a(lib_a-mbtowc_r.o)
                0x0800c13c                __ascii_mbtowc
 .text.memmove  0x0800c168       0xf8 d:/gcc-arm-none-eabi/bin/../lib/gcc/arm-none-eabi/10.3.1/../../../../arm-none-eabi/lib/thumb/v7e-m+fp/hard\libc.a(lib_a-memmove.o)
                0x0800c168                memmove
 .text._realloc_r
                0x0800c260      0x3d8 d:/gcc-arm-none-eabi/bin/../lib/gcc/arm-none-eabi/10.3.1/../../../../arm-none-eabi/lib/thumb/v7e-m+fp/hard\libc.a(lib_a-reallocr.o)
                0x0800c260                _realloc_r
 .text.__sprint_r.part.0
                0x0800c638       0x78 d:/gcc-arm-none-eabi/bin/../lib/gcc/arm-none-eabi/10.3.1/../../../../arm-none-eabi/lib/thumb/v7e-m+fp/hard\libc.a(lib_a-vfiprintf.o)
 .text._vfiprintf_r
                0x0800c6b0      0xdfc d:/gcc-arm-none-eabi/bin/../lib/gcc/arm-none-eabi/10.3.1/../../../../arm-none-eabi/lib/thumb/v7e-m+fp/hard\libc.a(lib_a-vfiprintf.o)
                0x0800c6b0                _vfiprintf_r
 .text.__sbprintf
                0x0800d4ac       0x80 d:/gcc-arm-none-eabi/bin/../lib/gcc/arm-none-eabi/10.3.1/../../../../arm-none-eabi/lib/thumb/v7e-m+fp/hard\libc.a(lib_a-vfiprintf.o)
 .text.__ascii_wctomb
                0x0800d52c       0x1c d:/gcc-arm-none-eabi/bin/../lib/gcc/arm-none-eabi/10.3.1/../../../../arm-none-eabi/lib/thumb/v7e-m+fp/hard\libc.a(lib_a-wctomb_r.o)
                0x0800d52c                __ascii_wctomb
 .text.__swsetup_r
                0x0800d548       0xd4 d:/gcc-arm-none-eabi/bin/../lib/gcc/arm-none-eabi/10.3.1/../../../../arm-none-eabi/lib/thumb/v7e-m+fp/hard\libc.a(lib_a-wsetup.o)
                0x0800d548                __swsetup_r
 .text.abort    0x0800d61c       0x10 d:/gcc-arm-none-eabi/bin/../lib/gcc/arm-none-eabi/10.3.1/../../../../arm-none-eabi/lib/thumb/v7e-m+fp/hard\libc.a(lib_a-abort.o)
                0x0800d61c                abort
 .text.__fputwc
                0x0800d62c       0xa8 d:/gcc-arm-none-eabi/bin/../lib/gcc/arm-none-eabi/10.3.1/../../../../arm-none-eabi/lib/thumb/v7e-m+fp/hard\libc.a(lib_a-fputwc.o)
                0x0800d62c                __fputwc
 .text._fputwc_r
                0x0800d6d4       0x68 d:/gcc-arm-none-eabi/bin/../lib/gcc/arm-none-eabi/10.3.1/../../../../arm-none-eabi/lib/thumb/v7e-m+fp/hard\libc.a(lib_a-fputwc.o)
                0x0800d6d4                _fputwc_r
 .text.__sfvwrite_r
                0x0800d73c      0x2f0 d:/gcc-arm-none-eabi/bin/../lib/gcc/arm-none-eabi/10.3.1/../../../../arm-none-eabi/lib/thumb/v7e-m+fp/hard\libc.a(lib_a-fvwrite.o)
                0x0800d73c                __sfvwrite_r
 .text.raise    0x0800da2c       0x5c d:/gcc-arm-none-eabi/bin/../lib/gcc/arm-none-eabi/10.3.1/../../../../arm-none-eabi/lib/thumb/v7e-m+fp/hard\libc.a(lib_a-signal.o)
                0x0800da2c                raise
 .text._kill_r  0x0800da88       0x2c d:/gcc-arm-none-eabi/bin/../lib/gcc/arm-none-eabi/10.3.1/../../../../arm-none-eabi/lib/thumb/v7e-m+fp/hard\libc.a(lib_a-signalr.o)
                0x0800da88                _kill_r
 .text._getpid_r
                0x0800dab4        0x4 d:/gcc-arm-none-eabi/bin/../lib/gcc/arm-none-eabi/10.3.1/../../../../arm-none-eabi/lib/thumb/v7e-m+fp/hard\libc.a(lib_a-signalr.o)
                0x0800dab4                _getpid_r
 .text.__swbuf_r
                0x0800dab8       0xb0 d:/gcc-arm-none-eabi/bin/../lib/gcc/arm-none-eabi/10.3.1/../../../../arm-none-eabi/lib/thumb/v7e-m+fp/hard\libc.a(lib_a-wbuf.o)
                0x0800dab8                __swbuf_r
 .text._wcrtomb_r
                0x0800db68       0x3c d:/gcc-arm-none-eabi/bin/../lib/gcc/arm-none-eabi/10.3.1/../../../../arm-none-eabi/lib/thumb/v7e-m+fp/hard\libc.a(lib_a-wcrtomb.o)
                0x0800db68                _wcrtomb_r
 .text.sqrt     0x0800dba4       0x68 d:/gcc-arm-none-eabi/bin/../lib/gcc/arm-none-eabi/10.3.1/../../../../arm-none-eabi/lib/thumb/v7e-m+fp/hard\libm.a(lib_a-w_sqrt.o)
                0x0800dba4                sqrt
 .text.asinf    0x0800dc0c       0x58 d:/gcc-arm-none-eabi/bin/../lib/gcc/arm-none-eabi/10.3.1/../../../../arm-none-eabi/lib/thumb/v7e-m+fp/hard\libm.a(lib_a-wf_asin.o)
                0x0800dc0c                asinf
 .text.atan2f   0x0800dc64        0x4 d:/gcc-arm-none-eabi/bin/../lib/gcc/arm-none-eabi/10.3.1/../../../../arm-none-eabi/lib/thumb/v7e-m+fp/hard\libm.a(lib_a-wf_atan2.o)
                0x0800dc64                atan2f
 .text.__ieee754_sqrt
                0x0800dc68      0x198 d:/gcc-arm-none-eabi/bin/../lib/gcc/arm-none-eabi/10.3.1/../../../../arm-none-eabi/lib/thumb/v7e-m+fp/hard\libm.a(lib_a-e_sqrt.o)
                0x0800dc68                __ieee754_sqrt
 .text.__ieee754_asinf
                0x0800de00      0x20c d:/gcc-arm-none-eabi/bin/../lib/gcc/arm-none-eabi/10.3.1/../../../../arm-none-eabi/lib/thumb/v7e-m+fp/hard\libm.a(lib_a-ef_asin.o)
                0x0800de00                __ieee754_asinf
 .text.__ieee754_atan2f
                0x0800e00c      0x150 d:/gcc-arm-none-eabi/bin/../lib/gcc/arm-none-eabi/10.3.1/../../../../arm-none-eabi/lib/thumb/v7e-m+fp/hard\libm.a(lib_a-ef_atan2.o)
                0x0800e00c                __ieee754_atan2f
 .text.__ieee754_sqrtf
                0x0800e15c        0x8 d:/gcc-arm-none-eabi/bin/../lib/gcc/arm-none-eabi/10.3.1/../../../../arm-none-eabi/lib/thumb/v7e-m+fp/hard\libm.a(lib_a-ef_sqrt.o)
                0x0800e15c                __ieee754_sqrtf
 .text.atanf    0x0800e164      0x1b4 d:/gcc-arm-none-eabi/bin/../lib/gcc/arm-none-eabi/10.3.1/../../../../arm-none-eabi/lib/thumb/v7e-m+fp/hard\libm.a(lib_a-sf_atan.o)
                0x0800e164                atanf
 .text.fabsf    0x0800e318       0x10 d:/gcc-arm-none-eabi/bin/../lib/gcc/arm-none-eabi/10.3.1/../../../../arm-none-eabi/lib/thumb/v7e-m+fp/hard\libm.a(lib_a-sf_fabs.o)
                0x0800e318                fabsf
 .text.nanf     0x0800e328        0xc d:/gcc-arm-none-eabi/bin/../lib/gcc/arm-none-eabi/10.3.1/../../../../arm-none-eabi/lib/thumb/v7e-m+fp/hard\libm.a(lib_a-sf_nan.o)
                0x0800e328                nanf
 *(.glue_7)
 .glue_7        0x0800e334        0x0 linker stubs
 *(.glue_7t)
 .glue_7t       0x0800e334        0x0 linker stubs
 *(.eh_frame)
 .eh_frame      0x0800e334        0x0 d:/gcc-arm-none-eabi/bin/../lib/gcc/arm-none-eabi/10.3.1/thumb/v7e-m+fp/hard/crtbegin.o
 *(.init)
 .init          0x0800e334        0x4 d:/gcc-arm-none-eabi/bin/../lib/gcc/arm-none-eabi/10.3.1/thumb/v7e-m+fp/hard/crti.o
                0x0800e334                _init
 .init          0x0800e338        0x8 d:/gcc-arm-none-eabi/bin/../lib/gcc/arm-none-eabi/10.3.1/thumb/v7e-m+fp/hard/crtn.o
 *(.fini)
 .fini          0x0800e340        0x4 d:/gcc-arm-none-eabi/bin/../lib/gcc/arm-none-eabi/10.3.1/thumb/v7e-m+fp/hard/crti.o
                0x0800e340                _fini
 .fini          0x0800e344        0x8 d:/gcc-arm-none-eabi/bin/../lib/gcc/arm-none-eabi/10.3.1/thumb/v7e-m+fp/hard/crtn.o
                0x0800e34c                . = ALIGN (0x4)
                0x0800e34c                _etext = .

.vfp11_veneer   0x0800e34c        0x0
 .vfp11_veneer  0x0800e34c        0x0 linker stubs

.v4_bx          0x0800e34c        0x0
 .v4_bx         0x0800e34c        0x0 linker stubs

.iplt           0x0800e34c        0x0
 .iplt          0x0800e34c        0x0 d:/gcc-arm-none-eabi/bin/../lib/gcc/arm-none-eabi/10.3.1/thumb/v7e-m+fp/hard/crtbegin.o

.rodata         0x0800e350      0xa74
                0x0800e350                . = ALIGN (0x4)
 *(.rodata)
 *(.rodata*)
 .rodata.main.str1.4
                0x0800e350       0x13 CMakeFiles/debugger_code_f407.elf.dir/Core/Src/main.c.obj
 *fill*         0x0800e363        0x1 
 .rodata.AHBPrescTable
                0x0800e364       0x10 CMakeFiles/debugger_code_f407.elf.dir/Core/Src/system_stm32f4xx.c.obj
                0x0800e364                AHBPrescTable
 .rodata.APBPrescTable
                0x0800e374        0x8 CMakeFiles/debugger_code_f407.elf.dir/Core/Src/system_stm32f4xx.c.obj
                0x0800e374                APBPrescTable
 .rodata.flagBitshiftOffset.0
                0x0800e37c        0x8 CMakeFiles/debugger_code_f407.elf.dir/Drivers/STM32F4xx_HAL_Driver/Src/stm32f4xx_hal_dma.c.obj
 .rodata.Font_6_12
                0x0800e384      0x474 CMakeFiles/debugger_code_f407.elf.dir/GUI/gui_base.c.obj
                0x0800e384                Font_6_12
 .rodata.gui_button_update.str1.4
                0x0800e7f8        0x3 CMakeFiles/debugger_code_f407.elf.dir/GUI/gui_button.c.obj
 .rodata.gui_label_update.str1.4
                0x0800e7fb        0x3 CMakeFiles/debugger_code_f407.elf.dir/GUI/gui_label.c.obj
 *fill*         0x0800e7fb        0x1 
 .rodata.vTaskStartScheduler.str1.4
                0x0800e7fc        0x5 CMakeFiles/debugger_code_f407.elf.dir/Middlewares/Third_Party/FreeRTOS/Source/tasks.c.obj
 *fill*         0x0800e801        0x3 
 .rodata.all_canid_Form_Init.str1.4
                0x0800e804       0x14 CMakeFiles/debugger_code_f407.elf.dir/forms/all_canid_form.c.obj
 .rodata.all_canid_Form_Load.str1.4
                0x0800e818        0xb CMakeFiles/debugger_code_f407.elf.dir/forms/all_canid_form.c.obj
 *fill*         0x0800e823        0x1 
 .rodata.CanId_Form_Init.str1.4
                0x0800e824       0x10 CMakeFiles/debugger_code_f407.elf.dir/forms/canid_forms.c.obj
                                 0x19 (size before relaxing)
 .rodata.Dail_Form_Init.str1.4
                0x0800e834       0x1d CMakeFiles/debugger_code_f407.elf.dir/forms/dail_forms.c.obj
                                 0x29 (size before relaxing)
 *fill*         0x0800e851        0x3 
 .rodata.Imu_Form_Init.str1.4
                0x0800e854       0x17 CMakeFiles/debugger_code_f407.elf.dir/forms/imu_forms.c.obj
                                 0x23 (size before relaxing)
 *fill*         0x0800e86b        0x1 
 .rodata.Imu_Form_Load.str1.4
                0x0800e86c       0x16 CMakeFiles/debugger_code_f407.elf.dir/forms/imu_forms.c.obj
 *fill*         0x0800e882        0x2 
 .rodata.main_Form_Init.str1.4
                0x0800e884       0x2a CMakeFiles/debugger_code_f407.elf.dir/forms/main_forms.c.obj
 *fill*         0x0800e8ae        0x2 
 .rodata.Motor_Form_Init.str1.4
                0x0800e8b0       0x1d CMakeFiles/debugger_code_f407.elf.dir/forms/motor_forms.c.obj
                                 0x31 (size before relaxing)
 *fill*         0x0800e8cd        0x3 
 .rodata.Motor_Form_Load.str1.4
                0x0800e8d0        0xc CMakeFiles/debugger_code_f407.elf.dir/forms/motor_forms.c.obj
                                 0x12 (size before relaxing)
 .rodata.RefreshTaskInfo.str1.4
                0x0800e8dc       0x17 CMakeFiles/debugger_code_f407.elf.dir/forms/osinfo_forms.c.obj
 *fill*         0x0800e8f3        0x1 
 .rodata.Suscap_Debuger_Show_Init.str1.4
                0x0800e8f4       0x2e CMakeFiles/debugger_code_f407.elf.dir/forms/suscap_debuger_forms.c.obj
                                 0x3a (size before relaxing)
 *fill*         0x0800e922        0x2 
 .rodata.Usart_Form_Init.str1.4
                0x0800e924       0x72 CMakeFiles/debugger_code_f407.elf.dir/forms/usart_forms.c.obj
                                 0x7d (size before relaxing)
 *fill*         0x0800e996        0x2 
 .rodata._global_impure_ptr
                0x0800e998        0x4 d:/gcc-arm-none-eabi/bin/../lib/gcc/arm-none-eabi/10.3.1/../../../../arm-none-eabi/lib/thumb/v7e-m+fp/hard\libc.a(lib_a-impure.o)
                0x0800e998                _global_impure_ptr
 .rodata._svfprintf_r.str1.4
                0x0800e99c       0x3f d:/gcc-arm-none-eabi/bin/../lib/gcc/arm-none-eabi/10.3.1/../../../../arm-none-eabi/lib/thumb/v7e-m+fp/hard\libc.a(lib_a-svfprintf.o)
                                 0x42 (size before relaxing)
 *fill*         0x0800e9db        0x1 
 .rodata.blanks.1
                0x0800e9dc       0x10 d:/gcc-arm-none-eabi/bin/../lib/gcc/arm-none-eabi/10.3.1/../../../../arm-none-eabi/lib/thumb/v7e-m+fp/hard\libc.a(lib_a-svfprintf.o)
 .rodata.zeroes.0
                0x0800e9ec       0x10 d:/gcc-arm-none-eabi/bin/../lib/gcc/arm-none-eabi/10.3.1/../../../../arm-none-eabi/lib/thumb/v7e-m+fp/hard\libc.a(lib_a-svfprintf.o)
 .rodata._dtoa_r.str1.4
                0x0800e9fc       0xa2 d:/gcc-arm-none-eabi/bin/../lib/gcc/arm-none-eabi/10.3.1/../../../../arm-none-eabi/lib/thumb/v7e-m+fp/hard\libc.a(lib_a-dtoa.o)
                                 0xa6 (size before relaxing)
 *fill*         0x0800ea9e        0x2 
 .rodata.__multadd.str1.4
                0x0800eaa0       0x7f d:/gcc-arm-none-eabi/bin/../lib/gcc/arm-none-eabi/10.3.1/../../../../arm-none-eabi/lib/thumb/v7e-m+fp/hard\libc.a(lib_a-mprec.o)
                                 0x93 (size before relaxing)
 *fill*         0x0800eb1f        0x1 
 .rodata.__mprec_bigtens
                0x0800eb20       0x28 d:/gcc-arm-none-eabi/bin/../lib/gcc/arm-none-eabi/10.3.1/../../../../arm-none-eabi/lib/thumb/v7e-m+fp/hard\libc.a(lib_a-mprec.o)
                0x0800eb20                __mprec_bigtens
 .rodata.__mprec_tens
                0x0800eb48       0xc8 d:/gcc-arm-none-eabi/bin/../lib/gcc/arm-none-eabi/10.3.1/../../../../arm-none-eabi/lib/thumb/v7e-m+fp/hard\libc.a(lib_a-mprec.o)
                0x0800eb48                __mprec_tens
 .rodata.p05.0  0x0800ec10        0xc d:/gcc-arm-none-eabi/bin/../lib/gcc/arm-none-eabi/10.3.1/../../../../arm-none-eabi/lib/thumb/v7e-m+fp/hard\libc.a(lib_a-mprec.o)
 .rodata.__assert_func.str1.4
                0x0800ec1c       0x3f d:/gcc-arm-none-eabi/bin/../lib/gcc/arm-none-eabi/10.3.1/../../../../arm-none-eabi/lib/thumb/v7e-m+fp/hard\libc.a(lib_a-assert.o)
                                 0x43 (size before relaxing)
 *fill*         0x0800ec5b        0x1 
 .rodata._setlocale_r.str1.4
                0x0800ec5c        0xa d:/gcc-arm-none-eabi/bin/../lib/gcc/arm-none-eabi/10.3.1/../../../../arm-none-eabi/lib/thumb/v7e-m+fp/hard\libc.a(lib_a-locale.o)
                                  0xd (size before relaxing)
 .rodata.str1.4
                0x0800ec66        0xa d:/gcc-arm-none-eabi/bin/../lib/gcc/arm-none-eabi/10.3.1/../../../../arm-none-eabi/lib/thumb/v7e-m+fp/hard\libc.a(lib_a-locale.o)
                                  0x2 (size before relaxing)
 .rodata._vfiprintf_r.str1.4
                0x0800ec66       0x2f d:/gcc-arm-none-eabi/bin/../lib/gcc/arm-none-eabi/10.3.1/../../../../arm-none-eabi/lib/thumb/v7e-m+fp/hard\libc.a(lib_a-vfiprintf.o)
 *fill*         0x0800ec66        0x2 
 .rodata.blanks.1
                0x0800ec68       0x10 d:/gcc-arm-none-eabi/bin/../lib/gcc/arm-none-eabi/10.3.1/../../../../arm-none-eabi/lib/thumb/v7e-m+fp/hard\libc.a(lib_a-vfiprintf.o)
 .rodata.zeroes.0
                0x0800ec78       0x10 d:/gcc-arm-none-eabi/bin/../lib/gcc/arm-none-eabi/10.3.1/../../../../arm-none-eabi/lib/thumb/v7e-m+fp/hard\libc.a(lib_a-vfiprintf.o)
 .rodata._ctype_
                0x0800ec88      0x101 d:/gcc-arm-none-eabi/bin/../lib/gcc/arm-none-eabi/10.3.1/../../../../arm-none-eabi/lib/thumb/v7e-m+fp/hard\libc.a(lib_a-ctype_.o)
                0x0800ec88                _ctype_
 .rodata.asinf.str1.4
                0x0800ed89        0x1 d:/gcc-arm-none-eabi/bin/../lib/gcc/arm-none-eabi/10.3.1/../../../../arm-none-eabi/lib/thumb/v7e-m+fp/hard\libm.a(lib_a-wf_asin.o)
 *fill*         0x0800ed89        0x3 
 .rodata.CSWTCH.8
                0x0800ed8c        0xc d:/gcc-arm-none-eabi/bin/../lib/gcc/arm-none-eabi/10.3.1/../../../../arm-none-eabi/lib/thumb/v7e-m+fp/hard\libm.a(lib_a-ef_atan2.o)
 .rodata.CSWTCH.9