Archive member included to satisfy reference by file (symbol)

d:/gcc-arm-none-eabi/bin/../lib/gcc/arm-none-eabi/10.3.1/thumb/v7-m/nofp\libgcc.a(_arm_muldf3.o)
                              CMakeFiles/debugger-code.elf.dir/forms/imu_forms.c.obj (__aeabi_dmul)
d:/gcc-arm-none-eabi/bin/../lib/gcc/arm-none-eabi/10.3.1/thumb/v7-m/nofp\libgcc.a(_arm_mulsf3.o)
                              CMakeFiles/debugger-code.elf.dir/BMI088/BMI1088_show.c.obj (__aeabi_fmul)
d:/gcc-arm-none-eabi/bin/../lib/gcc/arm-none-eabi/10.3.1/thumb/v7-m/nofp\libgcc.a(_arm_addsubdf3.o)
                              CMakeFiles/debugger-code.elf.dir/forms/imu_forms.c.obj (__aeabi_dsub)
d:/gcc-arm-none-eabi/bin/../lib/gcc/arm-none-eabi/10.3.1/thumb/v7-m/nofp\libgcc.a(_arm_cmpdf2.o)
                              CMakeFiles/debugger-code.elf.dir/forms/imu_forms.c.obj (__aeabi_dcmplt)
d:/gcc-arm-none-eabi/bin/../lib/gcc/arm-none-eabi/10.3.1/thumb/v7-m/nofp\libgcc.a(_arm_fixdfsi.o)
                              CMakeFiles/debugger-code.elf.dir/forms/imu_forms.c.obj (__aeabi_d2iz)
d:/gcc-arm-none-eabi/bin/../lib/gcc/arm-none-eabi/10.3.1/thumb/v7-m/nofp\libgcc.a(_arm_truncdfsf2.o)
                              CMakeFiles/debugger-code.elf.dir/BMI088/MahonyAHRS.c.obj (__aeabi_d2f)
d:/gcc-arm-none-eabi/bin/../lib/gcc/arm-none-eabi/10.3.1/thumb/v7-m/nofp\libgcc.a(_arm_addsubsf3.o)
                              CMakeFiles/debugger-code.elf.dir/BMI088/BMI1088_show.c.obj (__aeabi_fsub)
d:/gcc-arm-none-eabi/bin/../lib/gcc/arm-none-eabi/10.3.1/thumb/v7-m/nofp\libgcc.a(_arm_muldivsf3.o)
                              CMakeFiles/debugger-code.elf.dir/devices/xpt2046.c.obj (__aeabi_fdiv)
d:/gcc-arm-none-eabi/bin/../lib/gcc/arm-none-eabi/10.3.1/thumb/v7-m/nofp\libgcc.a(_arm_cmpsf2.o)
                              CMakeFiles/debugger-code.elf.dir/BMI088/MahonyAHRS.c.obj (__aeabi_fcmpeq)
d:/gcc-arm-none-eabi/bin/../lib/gcc/arm-none-eabi/10.3.1/thumb/v7-m/nofp\libgcc.a(_arm_fixsfsi.o)
                              CMakeFiles/debugger-code.elf.dir/devices/xpt2046.c.obj (__aeabi_f2iz)
d:/gcc-arm-none-eabi/bin/../lib/gcc/arm-none-eabi/10.3.1/thumb/v7-m/nofp\libgcc.a(_arm_fixunssfsi.o)
                              CMakeFiles/debugger-code.elf.dir/devices/xpt2046.c.obj (__aeabi_f2uiz)
d:/gcc-arm-none-eabi/bin/../lib/gcc/arm-none-eabi/10.3.1/../../../../arm-none-eabi/lib/thumb/v7-m/nofp\libg.a(lib_a-errno.o)
                              CMakeFiles/debugger-code.elf.dir/system/retarget.c.obj (__errno)
d:/gcc-arm-none-eabi/bin/../lib/gcc/arm-none-eabi/10.3.1/../../../../arm-none-eabi/lib/thumb/v7-m/nofp\libg.a(lib_a-exit.o)
                              d:/gcc-arm-none-eabi/bin/../lib/gcc/arm-none-eabi/10.3.1/../../../../arm-none-eabi/lib/thumb/v7-m/nofp/crt0.o (exit)
d:/gcc-arm-none-eabi/bin/../lib/gcc/arm-none-eabi/10.3.1/../../../../arm-none-eabi/lib/thumb/v7-m/nofp\libg.a(lib_a-impure.o)
                              d:/gcc-arm-none-eabi/bin/../lib/gcc/arm-none-eabi/10.3.1/../../../../arm-none-eabi/lib/thumb/v7-m/nofp\libg.a(lib_a-exit.o) (_global_impure_ptr)
d:/gcc-arm-none-eabi/bin/../lib/gcc/arm-none-eabi/10.3.1/../../../../arm-none-eabi/lib/thumb/v7-m/nofp\libg.a(lib_a-init.o)
                              d:/gcc-arm-none-eabi/bin/../lib/gcc/arm-none-eabi/10.3.1/../../../../arm-none-eabi/lib/thumb/v7-m/nofp/crt0.o (__libc_init_array)
d:/gcc-arm-none-eabi/bin/../lib/gcc/arm-none-eabi/10.3.1/../../../../arm-none-eabi/lib/thumb/v7-m/nofp\libg.a(lib_a-memset.o)
                              d:/gcc-arm-none-eabi/bin/../lib/gcc/arm-none-eabi/10.3.1/../../../../arm-none-eabi/lib/thumb/v7-m/nofp/crt0.o (memset)
d:/gcc-arm-none-eabi/bin/../lib/gcc/arm-none-eabi/10.3.1/../../../../arm-none-eabi/lib/thumb/v7-m/nofp\libg.a(lib_a-printf.o)
                              CMakeFiles/debugger-code.elf.dir/forms/main_forms.c.obj (printf)
d:/gcc-arm-none-eabi/bin/../lib/gcc/arm-none-eabi/10.3.1/../../../../arm-none-eabi/lib/thumb/v7-m/nofp\libg.a(lib_a-setvbuf.o)
                              CMakeFiles/debugger-code.elf.dir/system/retarget.c.obj (setvbuf)
d:/gcc-arm-none-eabi/bin/../lib/gcc/arm-none-eabi/10.3.1/../../../../arm-none-eabi/lib/thumb/v7-m/nofp\libg.a(lib_a-strcpy.o)
                              CMakeFiles/debugger-code.elf.dir/GUI/gui_label.c.obj (strcpy)
d:/gcc-arm-none-eabi/bin/../lib/gcc/arm-none-eabi/10.3.1/../../../../arm-none-eabi/lib/thumb/v7-m/nofp\libg.a(lib_a-strlen-stub.o)
                              CMakeFiles/debugger-code.elf.dir/GUI/gui_button.c.obj (strlen)
d:/gcc-arm-none-eabi/bin/../lib/gcc/arm-none-eabi/10.3.1/../../../../arm-none-eabi/lib/thumb/v7-m/nofp\libg.a(lib_a-vfprintf.o)
                              d:/gcc-arm-none-eabi/bin/../lib/gcc/arm-none-eabi/10.3.1/../../../../arm-none-eabi/lib/thumb/v7-m/nofp\libg.a(lib_a-printf.o) (_vfprintf_r)
d:/gcc-arm-none-eabi/bin/../lib/gcc/arm-none-eabi/10.3.1/../../../../arm-none-eabi/lib/thumb/v7-m/nofp\libg.a(lib_a-vsnprintf.o)
[...]
Memory Configuration

Name             Origin             Length             Attributes
RAM              0x20000000         0x0000c000         xrw
FLASH            0x08000000         0x00040000         xr
*default*        0x00000000         0xffffffff

Linker script and memory map

LOAD d:/gcc-arm-none-eabi/bin/../lib/gcc/arm-none-eabi/10.3.1/thumb/v7-m/nofp/crti.o
LOAD d:/gcc-arm-none-eabi/bin/../lib/gcc/arm-none-eabi/10.3.1/thumb/v7-m/nofp/crtbegin.o
LOAD d:/gcc-arm-none-eabi/bin/../lib/gcc/arm-none-eabi/10.3.1/../../../../arm-none-eabi/lib/thumb/v7-m/nofp/crt0.o
LOAD CMakeFiles/debugger-code.elf.dir/BMI088/BMI1088_show.c.obj
LOAD CMakeFiles/debugger-code.elf.dir/BMI088/MahonyAHRS.c.obj
LOAD CMakeFiles/debugger-code.elf.dir/Drivers/STM32F1xx_HAL_Driver/Src/stm32f1xx_hal.c.obj
LOAD CMakeFiles/debugger-code.elf.dir/Drivers/STM32F1xx_HAL_Driver/Src/stm32f1xx_hal_can.c.obj
LOAD CMakeFiles/debugger-code.elf.dir/Drivers/STM32F1xx_HAL_Driver/Src/stm32f1xx_hal_cortex.c.obj
LOAD CMakeFiles/debugger-code.elf.dir/Drivers/STM32F1xx_HAL_Driver/Src/stm32f1xx_hal_dma.c.obj
LOAD CMakeFiles/debugger-code.elf.dir/Drivers/STM32F1xx_HAL_Driver/Src/stm32f1xx_hal_exti.c.obj
LOAD CMakeFiles/debugger-code.elf.dir/Drivers/STM32F1xx_HAL_Driver/Src/stm32f1xx_hal_flash.c.obj
LOAD CMakeFiles/debugger-code.elf.dir/Drivers/STM32F1xx_HAL_Driver/Src/stm32f1xx_hal_flash_ex.c.obj
LOAD CMakeFiles/debugger-code.elf.dir/Drivers/STM32F1xx_HAL_Driver/Src/stm32f1xx_hal_gpio.c.obj
LOAD CMakeFiles/debugger-code.elf.dir/Drivers/STM32F1xx_HAL_Driver/Src/stm32f1xx_hal_gpio_ex.c.obj
LOAD CMakeFiles/debugger-code.elf.dir/Drivers/STM32F1xx_HAL_Driver/Src/stm32f1xx_hal_pwr.c.obj
LOAD CMakeFiles/debugger-code.elf.dir/Drivers/STM32F1xx_HAL_Driver/Src/stm32f1xx_hal_rcc.c.obj
LOAD CMakeFiles/debugger-code.elf.dir/Drivers/STM32F1xx_HAL_Driver/Src/stm32f1xx_hal_rcc_ex.c.obj
LOAD CMakeFiles/debugger-code.elf.dir/Drivers/STM32F1xx_HAL_Driver/Src/stm32f1xx_hal_spi.c.obj
LOAD CMakeFiles/debugger-code.elf.dir/Drivers/STM32F1xx_HAL_Driver/Src/stm32f1xx_hal_tim.c.obj
LOAD CMakeFiles/debugger-code.elf.dir/Drivers/STM32F1xx_HAL_Driver/Src/stm32f1xx_hal_tim_ex.c.obj
LOAD CMakeFiles/debugger-code.elf.dir/Drivers/STM32F1xx_HAL_Driver/Src/stm32f1xx_hal_uart.c.obj
LOAD CMakeFiles/debugger-code.elf.dir/GUI/gui_base.c.obj
LOAD CMakeFiles/debugger-code.elf.dir/GUI/gui_button.c.obj
LOAD CMakeFiles/debugger-code.elf.dir/GUI/gui_form.c.obj
LOAD CMakeFiles/debugger-code.elf.dir/GUI/gui_label.c.obj
LOAD CMakeFiles/debugger-code.elf.dir/data_structure/queue.c.obj
LOAD CMakeFiles/debugger-code.elf.dir/devices/lcd_init.c.obj
LOAD CMakeFiles/debugger-code.elf.dir/devices/xpt2046.c.obj
LOAD CMakeFiles/debugger-code.elf.dir/forms/canid_forms.c.obj
LOAD CMakeFiles/debugger-code.elf.dir/forms/dail_forms.c.obj
LOAD CMakeFiles/debugger-code.elf.dir/forms/imu_forms.c.obj
LOAD CMakeFiles/debugger-code.elf.dir/forms/logic_forms.c.obj
LOAD CMakeFiles/debugger-code.elf.dir/forms/main_forms.c.obj
LOAD CMakeFiles/debugger-code.elf.dir/forms/motor_forms.c.obj
LOAD CMakeFiles/debugger-code.elf.dir/forms/suscap_debuger_forms.c.obj
LOAD CMakeFiles/debugger-code.elf.dir/forms/usart_forms.c.obj
LOAD CMakeFiles/debugger-code.elf.dir/function/can_communication.c.obj
LOAD CMakeFiles/debugger-code.elf.dir/function/data_usart.c.obj
LOAD CMakeFiles/debugger-code.elf.dir/function/delay.c.obj
LOAD CMakeFiles/debugger-code.elf.dir/function/key.c.obj
LOAD CMakeFiles/debugger-code.elf.dir/function/led.c.obj
LOAD CMakeFiles/debugger-code.elf.dir/function/motor.c.obj
LOAD CMakeFiles/debugger-code.elf.dir/function/pid.c.obj
LOAD CMakeFiles/debugger-code.elf.dir/hardwares/can.c.obj
LOAD CMakeFiles/debugger-code.elf.dir/hardwares/dma.c.obj
LOAD CMakeFiles/debugger-code.elf.dir/hardwares/gpio.c.obj
LOAD CMakeFiles/debugger-code.elf.dir/hardwares/spi.c.obj
LOAD CMakeFiles/debugger-code.elf.dir/hardwares/tim.c.obj
LOAD CMakeFiles/debugger-code.elf.dir/hardwares/usart.c.obj
LOAD CMakeFiles/debugger-code.elf.dir/system/main.c.obj
LOAD CMakeFiles/debugger-code.elf.dir/system/retarget.c.obj
LOAD CMakeFiles/debugger-code.elf.dir/system/startup_stm32f103rctx.s.obj
LOAD CMakeFiles/debugger-code.elf.dir/system/stm32f1xx_hal_msp.c.obj
LOAD CMakeFiles/debugger-code.elf.dir/system/stm32f1xx_it.c.obj
LOAD CMakeFiles/debugger-code.elf.dir/system/syscalls.c.obj
LOAD CMakeFiles/debugger-code.elf.dir/system/sysmem.c.obj
LOAD CMakeFiles/debugger-code.elf.dir/system/system.c.obj
LOAD CMakeFiles/debugger-code.elf.dir/system/system_stm32f1xx.c.obj
START GROUP
LOAD d:/gcc-arm-none-eabi/bin/../lib/gcc/arm-none-eabi/10.3.1/thumb/v7-m/nofp\libgcc.a
LOAD d:/gcc-arm-none-eabi/bin/../lib/gcc/arm-none-eabi/10.3.1/../../../../arm-none-eabi/lib/thumb/v7-m/nofp\libg.a
LOAD d:/gcc-arm-none-eabi/bin/../lib/gcc/arm-none-eabi/10.3.1/../../../../arm-none-eabi/lib/thumb/v7-m/nofp\libc.a
END GROUP
LOAD d:/gcc-arm-none-eabi/bin/../lib/gcc/arm-none-eabi/10.3.1/thumb/v7-m/nofp/crtend.o
LOAD d:/gcc-arm-none-eabi/bin/../lib/gcc/arm-none-eabi/10.3.1/thumb/v7-m/nofp/crtn.o
                0x2000c000                _estack = (ORIGIN (RAM) + LENGTH (RAM))
                0x00000200                _Min_Heap_Size = 0x200
                0x00000400                _Min_Stack_Size = 0x400

.isr_vector     0x08000000      0x1e4
                0x08000000                . = ALIGN (0x4)
 *(.isr_vector)
 .isr_vector    0x08000000      0x1e4 CMakeFiles/debugger-code.elf.dir/system/startup_stm32f103rctx.s.obj
                0x08000000                g_pfnVectors
                0x080001e4                . = ALIGN (0x4)

.text           0x080001e8     0xf9d4
                0x080001e8                . = ALIGN (0x4)
 *(.text)
 .text          0x080001e8       0x40 d:/gcc-arm-none-eabi/bin/../lib/gcc/arm-none-eabi/10.3.1/thumb/v7-m/nofp/crtbegin.o
 .text          0x08000228      0x378 d:/gcc-arm-none-eabi/bin/../lib/gcc/arm-none-eabi/10.3.1/thumb/v7-m/nofp\libgcc.a(_arm_addsubdf3.o)
                0x08000228                __aeabi_drsub
                0x08000230                __aeabi_dsub
                0x08000230                __subdf3
                0x08000234                __aeabi_dadd
                0x08000234                __adddf3
                0x080004ac                __floatunsidf
                0x080004ac                __aeabi_ui2d
                0x080004cc                __floatsidf
                0x080004cc                __aeabi_i2d
                0x080004f0                __aeabi_f2d
                0x080004f0                __extendsfdf2
                0x08000534                __floatundidf
                0x08000534                __aeabi_ul2d
                0x08000544                __floatdidf
                0x08000544                __aeabi_l2d
 .text          0x080005a0      0x110 d:/gcc-arm-none-eabi/bin/../lib/gcc/arm-none-eabi/10.3.1/thumb/v7-m/nofp\libgcc.a(_arm_cmpdf2.o)
                0x080005a0                __gtdf2
                0x080005a0                __gedf2
                0x080005a8                __ltdf2
                0x080005a8                __ledf2
                0x080005b0                __nedf2
                0x080005b0                __eqdf2
                0x080005b0                __cmpdf2
                0x0800062c                __aeabi_cdrcmple
                0x0800063c                __aeabi_cdcmpeq
                0x0800063c                __aeabi_cdcmple
                0x0800064c                __aeabi_dcmpeq
                0x08000660                __aeabi_dcmplt
                0x08000674                __aeabi_dcmple
                0x08000688                __aeabi_dcmpge
                0x0800069c                __aeabi_dcmpgt
 .text          0x080006b0       0x50 d:/gcc-arm-none-eabi/bin/../lib/gcc/arm-none-eabi/10.3.1/thumb/v7-m/nofp\libgcc.a(_arm_fixdfsi.o)
                0x080006b0                __aeabi_d2iz
                0x080006b0                __fixdfsi
 .text          0x08000700      0x21c d:/gcc-arm-none-eabi/bin/../lib/gcc/arm-none-eabi/10.3.1/thumb/v7-m/nofp\libgcc.a(_arm_addsubsf3.o)
                0x08000700                __aeabi_frsub
                0x08000708                __subsf3
                0x08000708                __aeabi_fsub
                0x0800070c                __aeabi_fadd
                0x0800070c                __addsf3
                0x0800086c                __aeabi_ui2f
                0x0800086c                __floatunsisf
                0x08000874                __aeabi_i2f
                0x08000874                __floatsisf
                0x08000890                __aeabi_ul2f
                0x08000890                __floatundisf
                0x080008a0                __aeabi_l2f
                0x080008a0                __floatdisf
 .text          0x0800091c      0x2a0 d:/gcc-arm-none-eabi/bin/../lib/gcc/arm-none-eabi/10.3.1/thumb/v7-m/nofp\libgcc.a(_arm_muldivsf3.o)
                0x0800091c                __mulsf3
                0x0800091c                __aeabi_fmul
                0x08000a84                __aeabi_fdiv
                0x08000a84                __divsf3
 .text          0x08000bbc       0xec d:/gcc-arm-none-eabi/bin/../lib/gcc/arm-none-eabi/10.3.1/thumb/v7-m/nofp\libgcc.a(_arm_cmpsf2.o)
                0x08000bbc                __gesf2
                0x08000bbc                __gtsf2
                0x08000bc4                __lesf2
                0x08000bc4                __ltsf2
                0x08000bcc                __nesf2
                0x08000bcc                __eqsf2
                0x08000bcc                __cmpsf2
                0x08000c2c                __aeabi_cfrcmple
                0x08000c34                __aeabi_cfcmpeq
                0x08000c34                __aeabi_cfcmple
                0x08000c44                __aeabi_fcmpeq
                0x08000c58                __aeabi_fcmplt
                0x08000c6c                __aeabi_fcmple
                0x08000c80                __aeabi_fcmpge
                0x08000c94                __aeabi_fcmpgt
 .text          0x08000ca8       0x4c d:/gcc-arm-none-eabi/bin/../lib/gcc/arm-none-eabi/10.3.1/thumb/v7-m/nofp\libgcc.a(_arm_fixsfsi.o)
                0x08000ca8                __aeabi_f2iz
                0x08000ca8                __fixsfsi
 .text          0x08000cf4       0x40 d:/gcc-arm-none-eabi/bin/../lib/gcc/arm-none-eabi/10.3.1/thumb/v7-m/nofp\libgcc.a(_arm_fixunssfsi.o)
                0x08000cf4                __fixunssfsi
                0x08000cf4                __aeabi_f2uiz
 .text          0x08000d34       0xec d:/gcc-arm-none-eabi/bin/../lib/gcc/arm-none-eabi/10.3.1/../../../../arm-none-eabi/lib/thumb/v7-m/nofp\libg.a(lib_a-memcpy.o)
                0x08000d34                memcpy
 .text          0x08000e20      0x424 d:/gcc-arm-none-eabi/bin/../lib/gcc/arm-none-eabi/10.3.1/thumb/v7-m/nofp\libgcc.a(_arm_muldivdf3.o)
                0x08000e20                __aeabi_dmul
                0x08000e20                __muldf3
                0x08001074                __divdf3
                0x08001074                __aeabi_ddiv
 .text          0x08001244       0x2c d:/gcc-arm-none-eabi/bin/../lib/gcc/arm-none-eabi/10.3.1/thumb/v7-m/nofp\libgcc.a(_arm_unorddf2.o)
                0x08001244                __unorddf2
                0x08001244                __aeabi_dcmpun
 .text          0x08001270       0x30 d:/gcc-arm-none-eabi/bin/../lib/gcc/arm-none-eabi/10.3.1/thumb/v7-m/nofp\libgcc.a(_aeabi_uldivmod.o)
                0x08001270                __aeabi_uldivmod
 .text          0x080012a0      0x2d4 d:/gcc-arm-none-eabi/bin/../lib/gcc/arm-none-eabi/10.3.1/thumb/v7-m/nofp\libgcc.a(_udivmoddi4.o)
                0x080012a0                __udivmoddi4
 .text          0x08001574        0x4 d:/gcc-arm-none-eabi/bin/../lib/gcc/arm-none-eabi/10.3.1/thumb/v7-m/nofp\libgcc.a(_dvmd_tls.o)
                0x08001574                __aeabi_idiv0
                0x08001574                __aeabi_ldiv0
 .text          0x08001578       0x2c d:/gcc-arm-none-eabi/bin/../lib/gcc/arm-none-eabi/10.3.1/thumb/v7-m/nofp\libgcc.a(_arm_unordsf2.o)
                0x08001578                __unordsf2
                0x08001578                __aeabi_fcmpun
 *(.text*)
 .text.get_BIM1088_data
                0x080015a4       0xb8 CMakeFiles/debugger-code.elf.dir/BMI088/BMI1088_show.c.obj
                0x080015a4                get_BIM1088_data
 .text.AHRS_init
                0x0800165c       0x10 CMakeFiles/debugger-code.elf.dir/BMI088/BMI1088_show.c.obj
                0x0800165c                AHRS_init
 .text.AHRS_update
                0x0800166c       0x22 CMakeFiles/debugger-code.elf.dir/BMI088/BMI1088_show.c.obj
                0x0800166c                AHRS_update
 .text.get_angle
                0x0800168e       0xf2 CMakeFiles/debugger-code.elf.dir/BMI088/BMI1088_show.c.obj
                0x0800168e                get_angle
 .text.invSqrt  0x08001780       0x3c CMakeFiles/debugger-code.elf.dir/BMI088/MahonyAHRS.c.obj
                0x08001780                invSqrt
 .text.MahonyAHRSupdateIMU
                0x080017bc      0x3dc CMakeFiles/debugger-code.elf.dir/BMI088/MahonyAHRS.c.obj
                0x080017bc                MahonyAHRSupdateIMU
 .text.HAL_InitTick
                0x08001b98       0x4c CMakeFiles/debugger-code.elf.dir/Drivers/STM32F1xx_HAL_Driver/Src/stm32f1xx_hal.c.obj
                0x08001b98                HAL_InitTick
 .text.HAL_Init
                0x08001be4       0x24 CMakeFiles/debugger-code.elf.dir/Drivers/STM32F1xx_HAL_Driver/Src/stm32f1xx_hal.c.obj
                0x08001be4                HAL_Init
 .text.HAL_IncTick
                0x08001c08       0x18 CMakeFiles/debugger-code.elf.dir/Drivers/STM32F1xx_HAL_Driver/Src/stm32f1xx_hal.c.obj
                0x08001c08                HAL_IncTick
 .text.HAL_GetTick
                0x08001c20        0xc CMakeFiles/debugger-code.elf.dir/Drivers/STM32F1xx_HAL_Driver/Src/stm32f1xx_hal.c.obj
                0x08001c20                HAL_GetTick
 .text.HAL_Delay
                0x08001c2c       0x28 CMakeFiles/debugger-code.elf.dir/Drivers/STM32F1xx_HAL_Driver/Src/stm32f1xx_hal.c.obj
                0x08001c2c                HAL_Delay
 .text.HAL_CAN_Init
                0x08001c54      0x14c CMakeFiles/debugger-code.elf.dir/Drivers/STM32F1xx_HAL_Driver/Src/stm32f1xx_hal_can.c.obj
                0x08001c54                HAL_CAN_Init
 .text.HAL_CAN_ConfigFilter
                0x08001da0      0x10c CMakeFiles/debugger-code.elf.dir/Drivers/STM32F1xx_HAL_Driver/Src/stm32f1xx_hal_can.c.obj
                0x08001da0                HAL_CAN_ConfigFilter
 .text.HAL_CAN_Start
                0x08001eac       0x5c CMakeFiles/debugger-code.elf.dir/Drivers/STM32F1xx_HAL_Driver/Src/stm32f1xx_hal_can.c.obj
                0x08001eac                HAL_CAN_Start
 .text.HAL_CAN_GetRxMessage
                0x08001f08      0x156 CMakeFiles/debugger-code.elf.dir/Drivers/STM32F1xx_HAL_Driver/Src/stm32f1xx_hal_can.c.obj
                0x08001f08                HAL_CAN_GetRxMessage
 .text.HAL_CAN_ActivateNotification
                0x0800205e       0x24 CMakeFiles/debugger-code.elf.dir/Drivers/STM32F1xx_HAL_Driver/Src/stm32f1xx_hal_can.c.obj
                0x0800205e                HAL_CAN_ActivateNotification
 .text.HAL_CAN_TxMailbox0CompleteCallback
                0x08002082        0x2 CMakeFiles/debugger-code.elf.dir/Drivers/STM32F1xx_HAL_Driver/Src/stm32f1xx_hal_can.c.obj
                0x08002082                HAL_CAN_TxMailbox0CompleteCallback
 .text.HAL_CAN_TxMailbox1CompleteCallback
                0x08002084        0x2 CMakeFiles/debugger-code.elf.dir/Drivers/STM32F1xx_HAL_Driver/Src/stm32f1xx_hal_can.c.obj
                0x08002084                HAL_CAN_TxMailbox1CompleteCallback
 .text.HAL_CAN_TxMailbox2CompleteCallback
                0x08002086        0x2 CMakeFiles/debugger-code.elf.dir/Drivers/STM32F1xx_HAL_Driver/Src/stm32f1xx_hal_can.c.obj
                0x08002086                HAL_CAN_TxMailbox2CompleteCallback
 .text.HAL_CAN_TxMailbox0AbortCallback
                0x08002088        0x2 CMakeFiles/debugger-code.elf.dir/Drivers/STM32F1xx_HAL_Driver/Src/stm32f1xx_hal_can.c.obj
                0x08002088                HAL_CAN_TxMailbox0AbortCallback
 .text.HAL_CAN_TxMailbox1AbortCallback
                0x0800208a        0x2 CMakeFiles/debugger-code.elf.dir/Drivers/STM32F1xx_HAL_Driver/Src/stm32f1xx_hal_can.c.obj
                0x0800208a                HAL_CAN_TxMailbox1AbortCallback
 .text.HAL_CAN_TxMailbox2AbortCallback
                0x0800208c        0x2 CMakeFiles/debugger-code.elf.dir/Drivers/STM32F1xx_HAL_Driver/Src/stm32f1xx_hal_can.c.obj
                0x0800208c                HAL_CAN_TxMailbox2AbortCallback
 .text.HAL_CAN_RxFifo0FullCallback
                0x0800208e        0x2 CMakeFiles/debugger-code.elf.dir/Drivers/STM32F1xx_HAL_Driver/Src/stm32f1xx_hal_can.c.obj
                0x0800208e                HAL_CAN_RxFifo0FullCallback
 .text.HAL_CAN_RxFifo1MsgPendingCallback
                0x08002090        0x2 CMakeFiles/debugger-code.elf.dir/Drivers/STM32F1xx_HAL_Driver/Src/stm32f1xx_hal_can.c.obj
                0x08002090                HAL_CAN_RxFifo1MsgPendingCallback
 .text.HAL_CAN_RxFifo1FullCallback
                0x08002092        0x2 CMakeFiles/debugger-code.elf.dir/Drivers/STM32F1xx_HAL_Driver/Src/stm32f1xx_hal_can.c.obj
                0x08002092                HAL_CAN_RxFifo1FullCallback
 .text.HAL_CAN_SleepCallback
                0x08002094        0x2 CMakeFiles/debugger-code.elf.dir/Drivers/STM32F1xx_HAL_Driver/Src/stm32f1xx_hal_can.c.obj
                0x08002094                HAL_CAN_SleepCallback
 .text.HAL_CAN_WakeUpFromRxMsgCallback
                0x08002096        0x2 CMakeFiles/debugger-code.elf.dir/Drivers/STM32F1xx_HAL_Driver/Src/stm32f1xx_hal_can.c.obj
                0x08002096                HAL_CAN_WakeUpFromRxMsgCallback
 .text.HAL_CAN_ErrorCallback
                0x08002098        0x2 CMakeFiles/debugger-code.elf.dir/Drivers/STM32F1xx_HAL_Driver/Src/stm32f1xx_hal_can.c.obj
                0x08002098                HAL_CAN_ErrorCallback
 .text.HAL_CAN_IRQHandler
                0x0800209a      0x24a CMakeFiles/debugger-code.elf.dir/Drivers/STM32F1xx_HAL_Driver/Src/stm32f1xx_hal_can.c.obj
                0x0800209a                HAL_CAN_IRQHandler
 .text.HAL_NVIC_SetPriorityGrouping
                0x080022e4       0x24 CMakeFiles/debugger-code.elf.dir/Drivers/STM32F1xx_HAL_Driver/Src/stm32f1xx_hal_cortex.c.obj
                0x080022e4                HAL_NVIC_SetPriorityGrouping
 .text.HAL_NVIC_SetPriority
                0x08002308       0x70 CMakeFiles/debugger-code.elf.dir/Drivers/STM32F1xx_HAL_Driver/Src/stm32f1xx_hal_cortex.c.obj
                0x08002308                HAL_NVIC_SetPriority
 .text.HAL_NVIC_EnableIRQ
                0x08002378       0x1c CMakeFiles/debugger-code.elf.dir/Drivers/STM32F1xx_HAL_Driver/Src/stm32f1xx_hal_cortex.c.obj
                0x08002378                HAL_NVIC_EnableIRQ
 .text.HAL_SYSTICK_Config
                0x08002394       0x28 CMakeFiles/debugger-code.elf.dir/Drivers/STM32F1xx_HAL_Driver/Src/stm32f1xx_hal_cortex.c.obj
                0x08002394                HAL_SYSTICK_Config
 .text.DMA_SetConfig
                0x080023bc       0x2c CMakeFiles/debugger-code.elf.dir/Drivers/STM32F1xx_HAL_Driver/Src/stm32f1xx_hal_dma.c.obj
 .text.HAL_DMA_Init
                0x080023e8       0x98 CMakeFiles/debugger-code.elf.dir/Drivers/STM32F1xx_HAL_Driver/Src/stm32f1xx_hal_dma.c.obj
                0x080023e8                HAL_DMA_Init
 .text.HAL_DMA_Start_IT
                0x08002480       0x74 CMakeFiles/debugger-code.elf.dir/Drivers/STM32F1xx_HAL_Driver/Src/stm32f1xx_hal_dma.c.obj
                0x08002480                HAL_DMA_Start_IT
 .text.HAL_DMA_Abort
                0x080024f4       0x44 CMakeFiles/debugger-code.elf.dir/Drivers/STM32F1xx_HAL_Driver/Src/stm32f1xx_hal_dma.c.obj
                0x080024f4                HAL_DMA_Abort
 .text.HAL_DMA_Abort_IT
                0x08002538      0x168 CMakeFiles/debugger-code.elf.dir/Drivers/STM32F1xx_HAL_Driver/Src/stm32f1xx_hal_dma.c.obj
                0x08002538                HAL_DMA_Abort_IT
 .text.HAL_DMA_IRQHandler
                0x080026a0      0x2ec CMakeFiles/debugger-code.elf.dir/Drivers/STM32F1xx_HAL_Driver/Src/stm32f1xx_hal_dma.c.obj
                0x080026a0                HAL_DMA_IRQHandler
 .text.HAL_GPIO_Init
                0x0800298c      0x240 CMakeFiles/debugger-code.elf.dir/Drivers/STM32F1xx_HAL_Driver/Src/stm32f1xx_hal_gpio.c.obj
                0x0800298c                HAL_GPIO_Init
 .text.HAL_GPIO_ReadPin
                0x08002bcc        0xe CMakeFiles/debugger-code.elf.dir/Drivers/STM32F1xx_HAL_Driver/Src/stm32f1xx_hal_gpio.c.obj
                0x08002bcc                HAL_GPIO_ReadPin
 .text.HAL_GPIO_WritePin
                0x08002bda        0xc CMakeFiles/debugger-code.elf.dir/Drivers/STM32F1xx_HAL_Driver/Src/stm32f1xx_hal_gpio.c.obj
                0x08002bda                HAL_GPIO_WritePin
 .text.HAL_GPIO_TogglePin
                0x08002be6       0x12 CMakeFiles/debugger-code.elf.dir/Drivers/STM32F1xx_HAL_Driver/Src/stm32f1xx_hal_gpio.c.obj
                0x08002be6                HAL_GPIO_TogglePin
 .text.RCC_Delay
                0x08002bf8       0x2c CMakeFiles/debugger-code.elf.dir/Drivers/STM32F1xx_HAL_Driver/Src/stm32f1xx_hal_rcc.c.obj
 .text.HAL_RCC_OscConfig
                0x08002c24      0x410 CMakeFiles/debugger-code.elf.dir/Drivers/STM32F1xx_HAL_Driver/Src/stm32f1xx_hal_rcc.c.obj
                0x08002c24                HAL_RCC_OscConfig
 .text.HAL_RCC_GetSysClockFreq
                0x08003034       0x7c CMakeFiles/debugger-code.elf.dir/Drivers/STM32F1xx_HAL_Driver/Src/stm32f1xx_hal_rcc.c.obj
                0x08003034                HAL_RCC_GetSysClockFreq
 .text.HAL_RCC_ClockConfig
                0x080030b0      0x16c CMakeFiles/debugger-code.elf.dir/Drivers/STM32F1xx_HAL_Driver/Src/stm32f1xx_hal_rcc.c.obj
                0x080030b0                HAL_RCC_ClockConfig
 .text.HAL_RCC_GetHCLKFreq
                0x0800321c        0xc CMakeFiles/debugger-code.elf.dir/Drivers/STM32F1xx_HAL_Driver/Src/stm32f1xx_hal_rcc.c.obj
                0x0800321c                HAL_RCC_GetHCLKFreq
 .text.HAL_RCC_GetPCLK1Freq
                0x08003228       0x20 CMakeFiles/debugger-code.elf.dir/Drivers/STM32F1xx_HAL_Driver/Src/stm32f1xx_hal_rcc.c.obj
                0x08003228                HAL_RCC_GetPCLK1Freq
 .text.HAL_RCC_GetPCLK2Freq
                0x08003248       0x20 CMakeFiles/debugger-code.elf.dir/Drivers/STM32F1xx_HAL_Driver/Src/stm32f1xx_hal_rcc.c.obj
                0x08003248                HAL_RCC_GetPCLK2Freq
 .text.SPI_WaitFlagStateUntilTimeout
                0x08003268       0xd4 CMakeFiles/debugger-code.elf.dir/Drivers/STM32F1xx_HAL_Driver/Src/stm32f1xx_hal_spi.c.obj
 .text.SPI_EndRxTxTransaction
                0x0800333c       0x24 CMakeFiles/debugger-code.elf.dir/Drivers/STM32F1xx_HAL_Driver/Src/stm32f1xx_hal_spi.c.obj
 .text.SPI_EndRxTransaction
                0x08003360       0x74 CMakeFiles/debugger-code.elf.dir/Drivers/STM32F1xx_HAL_Driver/Src/stm32f1xx_hal_spi.c.obj
 .text.HAL_SPI_Init
                0x080033d4       0xb6 CMakeFiles/debugger-code.elf.dir/Drivers/STM32F1xx_HAL_Driver/Src/stm32f1xx_hal_spi.c.obj
                0x080033d4                HAL_SPI_Init
 .text.HAL_SPI_Transmit
                0x0800348a      0x1b8 CMakeFiles/debugger-code.elf.dir/Drivers/STM32F1xx_HAL_Driver/Src/stm32f1xx_hal_spi.c.obj
                0x0800348a                HAL_SPI_Transmit
 .text.HAL_SPI_TransmitReceive
                0x08003642      0x238 CMakeFiles/debugger-code.elf.dir/Drivers/STM32F1xx_HAL_Driver/Src/stm32f1xx_hal_spi.c.obj
                0x08003642                HAL_SPI_TransmitReceive
 .text.HAL_SPI_Receive
                0x0800387a      0x180 CMakeFiles/debugger-code.elf.dir/Drivers/STM32F1xx_HAL_Driver/Src/stm32f1xx_hal_spi.c.obj
                0x0800387a                HAL_SPI_Receive
 *fill*         0x080039fa        0x2 
 .text.HAL_SPI_Transmit_DMA
                0x080039fc       0xe0 CMakeFiles/debugger-code.elf.dir/Drivers/STM32F1xx_HAL_Driver/Src/stm32f1xx_hal_spi.c.obj
                0x080039fc                HAL_SPI_Transmit_DMA
 .text.HAL_SPI_TxCpltCallback
                0x08003adc        0x2 CMakeFiles/debugger-code.elf.dir/Drivers/STM32F1xx_HAL_Driver/Src/stm32f1xx_hal_spi.c.obj
                0x08003adc                HAL_SPI_TxCpltCallback
 .text.HAL_SPI_TxHalfCpltCallback
                0x08003ade        0x2 CMakeFiles/debugger-code.elf.dir/Drivers/STM32F1xx_HAL_Driver/Src/stm32f1xx_hal_spi.c.obj
                0x08003ade                HAL_SPI_TxHalfCpltCallback
 .text.SPI_DMAHalfTransmitCplt
                0x08003ae0        0xa CMakeFiles/debugger-code.elf.dir/Drivers/STM32F1xx_HAL_Driver/Src/stm32f1xx_hal_spi.c.obj
 .text.HAL_SPI_ErrorCallback
                0x08003aea        0x2 CMakeFiles/debugger-code.elf.dir/Drivers/STM32F1xx_HAL_Driver/Src/stm32f1xx_hal_spi.c.obj
                0x08003aea                HAL_SPI_ErrorCallback
 .text.SPI_DMAError
                0x08003aec       0x22 CMakeFiles/debugger-code.elf.dir/Drivers/STM32F1xx_HAL_Driver/Src/stm32f1xx_hal_spi.c.obj
 .text.SPI_DMATransmitCplt
                0x08003b0e       0x70 CMakeFiles/debugger-code.elf.dir/Drivers/STM32F1xx_HAL_Driver/Src/stm32f1xx_hal_spi.c.obj
 *fill*         0x08003b7e        0x2 
 .text.TIM_OC1_SetConfig
                0x08003b80       0x68 CMakeFiles/debugger-code.elf.dir/Drivers/STM32F1xx_HAL_Driver/Src/stm32f1xx_hal_tim.c.obj
 .text.TIM_OC3_SetConfig
                0x08003be8       0x70 CMakeFiles/debugger-code.elf.dir/Drivers/STM32F1xx_HAL_Driver/Src/stm32f1xx_hal_tim.c.obj
 .text.TIM_OC4_SetConfig
                0x08003c58       0x50 CMakeFiles/debugger-code.elf.dir/Drivers/STM32F1xx_HAL_Driver/Src/stm32f1xx_hal_tim.c.obj
 .text.TIM_TI1_ConfigInputStage
                0x08003ca8       0x24 CMakeFiles/debugger-code.elf.dir/Drivers/STM32F1xx_HAL_Driver/Src/stm32f1xx_hal_tim.c.obj
 .text.TIM_TI2_ConfigInputStage
                0x08003ccc       0x26 CMakeFiles/debugger-code.elf.dir/Drivers/STM32F1xx_HAL_Driver/Src/stm32f1xx_hal_tim.c.obj
 .text.TIM_ITRx_SetConfig
                0x08003cf2       0x10 CMakeFiles/debugger-code.elf.dir/Drivers/STM32F1xx_HAL_Driver/Src/stm32f1xx_hal_tim.c.obj
 *fill*         0x08003d02        0x2 
 .text.HAL_TIM_Base_Start_IT
                0x08003d04       0x78 CMakeFiles/debugger-code.elf.dir/Drivers/STM32F1xx_HAL_Driver/Src/stm32f1xx_hal_tim.c.obj
                0x08003d04                HAL_TIM_Base_Start_IT
 .text.HAL_TIM_OC_DelayElapsedCallback
                0x08003d7c        0x2 CMakeFiles/debugger-code.elf.dir/Drivers/STM32F1xx_HAL_Driver/Src/stm32f1xx_hal_tim.c.obj
                0x08003d7c                HAL_TIM_OC_DelayElapsedCallback
 .text.HAL_TIM_IC_CaptureCallback
                0x08003d7e        0x2 CMakeFiles/debugger-code.elf.dir/Drivers/STM32F1xx_HAL_Driver/Src/stm32f1xx_hal_tim.c.obj
                0x08003d7e                HAL_TIM_IC_CaptureCallback
 .text.HAL_TIM_PWM_PulseFinishedCallback
                0x08003d80        0x2 CMakeFiles/debugger-code.elf.dir/Drivers/STM32F1xx_HAL_Driver/Src/stm32f1xx_hal_tim.c.obj
                0x08003d80                HAL_TIM_PWM_PulseFinishedCallback
 .text.HAL_TIM_TriggerCallback
                0x08003d82        0x2 CMakeFiles/debugger-code.elf.dir/Drivers/STM32F1xx_HAL_Driver/Src/stm32f1xx_hal_tim.c.obj
                0x08003d82                HAL_TIM_TriggerCallback
 .text.HAL_TIM_IRQHandler
                0x08003d84      0x17a CMakeFiles/debugger-code.elf.dir/Drivers/STM32F1xx_HAL_Driver/Src/stm32f1xx_hal_tim.c.obj
                0x08003d84                HAL_TIM_IRQHandler
 *fill*         0x08003efe        0x2 
 .text.TIM_Base_SetConfig
                0x08003f00       0x98 CMakeFiles/debugger-code.elf.dir/Drivers/STM32F1xx_HAL_Driver/Src/stm32f1xx_hal_tim.c.obj
                0x08003f00                TIM_Base_SetConfig
 .text.HAL_TIM_Base_Init
                0x08003f98       0x58 CMakeFiles/debugger-code.elf.dir/Drivers/STM32F1xx_HAL_Driver/Src/stm32f1xx_hal_tim.c.obj
                0x08003f98                HAL_TIM_Base_Init
 .text.HAL_TIM_PWM_Init
                0x08003ff0       0x58 CMakeFiles/debugger-code.elf.dir/Drivers/STM32F1xx_HAL_Driver/Src/stm32f1xx_hal_tim.c.obj
                0x08003ff0                HAL_TIM_PWM_Init
 .text.TIM_OC2_SetConfig
                0x08004048       0x70 CMakeFiles/debugger-code.elf.dir/Drivers/STM32F1xx_HAL_Driver/Src/stm32f1xx_hal_tim.c.obj
                0x08004048                TIM_OC2_SetConfig
 .text.HAL_TIM_PWM_ConfigChannel
                0x080040b8       0xd0 CMakeFiles/debugger-code.elf.dir/Drivers/STM32F1xx_HAL_Driver/Src/stm32f1xx_hal_tim.c.obj
                0x080040b8                HAL_TIM_PWM_ConfigChannel
 .text.TIM_ETR_SetConfig
                0x08004188       0x18 CMakeFiles/debugger-code.elf.dir/Drivers/STM32F1xx_HAL_Driver/Src/stm32f1xx_hal_tim.c.obj
                0x08004188                TIM_ETR_SetConfig
 .text.HAL_TIM_ConfigClockSource
                0x080041a0       0xda CMakeFiles/debugger-code.elf.dir/Drivers/STM32F1xx_HAL_Driver/Src/stm32f1xx_hal_tim.c.obj
                0x080041a0                HAL_TIM_ConfigClockSource
 .text.TIM_CCxChannelCmd
                0x0800427a       0x1e CMakeFiles/debugger-code.elf.dir/Drivers/STM32F1xx_HAL_Driver/Src/stm32f1xx_hal_tim.c.obj
                0x0800427a                TIM_CCxChannelCmd
 .text.HAL_TIM_PWM_Start
                0x08004298       0xf4 CMakeFiles/debugger-code.elf.dir/Drivers/STM32F1xx_HAL_Driver/Src/stm32f1xx_hal_tim.c.obj
                0x08004298                HAL_TIM_PWM_Start
 .text.HAL_TIMEx_MasterConfigSynchronization
                0x0800438c       0x7c CMakeFiles/debugger-code.elf.dir/Drivers/STM32F1xx_HAL_Driver/Src/stm32f1xx_hal_tim_ex.c.obj
                0x0800438c                HAL_TIMEx_MasterConfigSynchronization
 .text.HAL_TIMEx_CommutCallback
                0x08004408        0x2 CMakeFiles/debugger-code.elf.dir/Drivers/STM32F1xx_HAL_Driver/Src/stm32f1xx_hal_tim_ex.c.obj
                0x08004408                HAL_TIMEx_CommutCallback
 .text.HAL_TIMEx_BreakCallback
                0x0800440a        0x2 CMakeFiles/debugger-code.elf.dir/Drivers/STM32F1xx_HAL_Driver/Src/stm32f1xx_hal_tim_ex.c.obj
                0x0800440a                HAL_TIMEx_BreakCallback
 .text.UART_EndRxTransfer
                0x0800440c       0x32 CMakeFiles/debugger-code.elf.dir/Drivers/STM32F1xx_HAL_Driver/Src/stm32f1xx_hal_uart.c.obj
 .text.UART_Transmit_IT
                0x0800443e       0x60 CMakeFiles/debugger-code.elf.dir/Drivers/STM32F1xx_HAL_Driver/Src/stm32f1xx_hal_uart.c.obj
 *fill*         0x0800449e        0x2 
 .text.UART_SetConfig
                0x080044a0       0x94 CMakeFiles/debugger-code.elf.dir/Drivers/STM32F1xx_HAL_Driver/Src/stm32f1xx_hal_uart.c.obj
 .text.UART_WaitOnFlagUntilTimeout
                0x08004534       0x6c CMakeFiles/debugger-code.elf.dir/Drivers/STM32F1xx_HAL_Driver/Src/stm32f1xx_hal_uart.c.obj
 .text.HAL_UART_Init
                0x080045a0       0x5e CMakeFiles/debugger-code.elf.dir/Drivers/STM32F1xx_HAL_Driver/Src/stm32f1xx_hal_uart.c.obj
                0x080045a0                HAL_UART_Init
 .text.HAL_UART_Transmit
                0x080045fe       0xd8 CMakeFiles/debugger-code.elf.dir/Drivers/STM32F1xx_HAL_Driver/Src/stm32f1xx_hal_uart.c.obj
                0x080045fe                HAL_UART_Transmit
 .text.HAL_UART_Receive
                0x080046d6       0xe4 CMakeFiles/debugger-code.elf.dir/Drivers/STM32F1xx_HAL_Driver/Src/stm32f1xx_hal_uart.c.obj
                0x080046d6                HAL_UART_Receive
 .text.HAL_UART_TxCpltCallback
                0x080047ba        0x2 CMakeFiles/debugger-code.elf.dir/Drivers/STM32F1xx_HAL_Driver/Src/stm32f1xx_hal_uart.c.obj
                0x080047ba                HAL_UART_TxCpltCallback
 .text.UART_EndTransmit_IT
                0x080047bc       0x1a CMakeFiles/debugger-code.elf.dir/Drivers/STM32F1xx_HAL_Driver/Src/stm32f1xx_hal_uart.c.obj
 .text.HAL_UART_ErrorCallback
                0x080047d6        0x2 CMakeFiles/debugger-code.elf.dir/Drivers/STM32F1xx_HAL_Driver/Src/stm32f1xx_hal_uart.c.obj
                0x080047d6                HAL_UART_ErrorCallback
 .text.UART_DMAAbortOnError
                0x080047d8       0x10 CMakeFiles/debugger-code.elf.dir/Drivers/STM32F1xx_HAL_Driver/Src/stm32f1xx_hal_uart.c.obj
 .text.HAL_UARTEx_RxEventCallback
                0x080047e8        0x2 CMakeFiles/debugger-code.elf.dir/Drivers/STM32F1xx_HAL_Driver/Src/stm32f1xx_hal_uart.c.obj
                0x080047e8                HAL_UARTEx_RxEventCallback
 .text.UART_Receive_IT
                0x080047ea       0xd4 CMakeFiles/debugger-code.elf.dir/Drivers/STM32F1xx_HAL_Driver/Src/stm32f1xx_hal_uart.c.obj
 *fill*         0x080048be        0x2 
 .text.HAL_UART_IRQHandler
                0x080048c0      0x204 CMakeFiles/debugger-code.elf.dir/Drivers/STM32F1xx_HAL_Driver/Src/stm32f1xx_hal_uart.c.obj
                0x080048c0                HAL_UART_IRQHandler
 .text.UART_Start_Receive_IT
                0x08004ac4       0x36 CMakeFiles/debugger-code.elf.dir/Drivers/STM32F1xx_HAL_Driver/Src/stm32f1xx_hal_uart.c.obj
                0x08004ac4                UART_Start_Receive_IT
 .text.HAL_UART_Receive_IT
                0x08004afa       0x38 CMakeFiles/debugger-code.elf.dir/Drivers/STM32F1xx_HAL_Driver/Src/stm32f1xx_hal_uart.c.obj
                0x08004afa                HAL_UART_Receive_IT
 *fill*         0x08004b32        0x2 
 .text.gui_config
                0x08004b34       0x48 CMakeFiles/debugger-code.elf.dir/GUI/gui_base.c.obj
                0x08004b34                gui_config
 .text.gui_putchar
                0x08004b7c       0x9c CMakeFiles/debugger-code.elf.dir/GUI/gui_base.c.obj
                0x08004b7c                gui_putchar
 .text.gui_printf
                0x08004c18       0x5a CMakeFiles/debugger-code.elf.dir/GUI/gui_base.c.obj
                0x08004c18                gui_printf
 *fill*         0x08004c72        0x2 
 .text.gui_clear_screan
                0x08004c74       0x2c CMakeFiles/debugger-code.elf.dir/GUI/gui_base.c.obj
                0x08004c74                gui_clear_screan
 .text.gui_draw_hline
                0x08004ca0       0x3c CMakeFiles/debugger-code.elf.dir/GUI/gui_base.c.obj
                0x08004ca0                gui_draw_hline
 .text.gui_draw_vline
                0x08004cdc       0x3c CMakeFiles/debugger-code.elf.dir/GUI/gui_base.c.obj
                0x08004cdc                gui_draw_vline
 .text.gui_draw_rectangle
                0x08004d18       0x94 CMakeFiles/debugger-code.elf.dir/GUI/gui_base.c.obj
                0x08004d18                gui_draw_rectangle
 .text.gui_button_init
                0x08004dac       0x1e CMakeFiles/debugger-code.elf.dir/GUI/gui_button.c.obj
                0x08004dac                gui_button_init
 *fill*         0x08004dca        0x2 
 .text.gui_button_update
                0x08004dcc       0xcc CMakeFiles/debugger-code.elf.dir/GUI/gui_button.c.obj
                0x08004dcc                gui_button_update
 .text.gui_label_init
                0x08004e98       0x2a CMakeFiles/debugger-code.elf.dir/GUI/gui_label.c.obj
                0x08004e98                gui_label_init
 .text.gui_label_settext
                0x08004ec2       0x26 CMakeFiles/debugger-code.elf.dir/GUI/gui_label.c.obj
                0x08004ec2                gui_label_settext
 .text.gui_label_update
                0x08004ee8      0x130 CMakeFiles/debugger-code.elf.dir/GUI/gui_label.c.obj
                0x08004ee8                gui_label_update
 .text.lcd_write_command
                0x08005018       0x28 CMakeFiles/debugger-code.elf.dir/devices/lcd_init.c.obj
                0x08005018                lcd_write_command
 .text.lcd_write_data
                0x08005040       0x28 CMakeFiles/debugger-code.elf.dir/devices/lcd_init.c.obj
                0x08005040                lcd_write_data
 .text.lcd_set_address
                0x08005068       0x5c CMakeFiles/debugger-code.elf.dir/devices/lcd_init.c.obj
                0x08005068                lcd_set_address
 .text.lcd_set_direction
                0x080050c4       0xb4 CMakeFiles/debugger-code.elf.dir/devices/lcd_init.c.obj
                0x080050c4                lcd_set_direction
 .text.lcd_config
                0x08005178      0x208 CMakeFiles/debugger-code.elf.dir/devices/lcd_init.c.obj
                0x08005178                lcd_config
 .text.xpt2046_read
                0x08005380       0xf4 CMakeFiles/debugger-code.elf.dir/devices/xpt2046.c.obj
                0x08005380                xpt2046_read
 .text.xpt2046_readxy
                0x08005474       0x96 CMakeFiles/debugger-code.elf.dir/devices/xpt2046.c.obj
                0x08005474                xpt2046_readxy
 *fill*         0x0800550a        0x2 
 .text.Button_TurnBuck_CallBack_CanId
                0x0800550c       0x1c CMakeFiles/debugger-code.elf.dir/forms/canid_forms.c.obj
                0x0800550c                Button_TurnBuck_CallBack_CanId
 .text.Button_Imu_CallBack_CanId
                0x08005528       0x1c CMakeFiles/debugger-code.elf.dir/forms/canid_forms.c.obj
                0x08005528                Button_Imu_CallBack_CanId
 .text.Button_Motor_CallBack_CanId
                0x08005544       0x1c CMakeFiles/debugger-code.elf.dir/forms/canid_forms.c.obj
                0x08005544                Button_Motor_CallBack_CanId
 .text.CanId_Form_Init
                0x08005560       0x9c CMakeFiles/debugger-code.elf.dir/forms/canid_forms.c.obj
                0x08005560                CanId_Form_Init
 .text.CanId_Form_Load
                0x080055fc       0xd0 CMakeFiles/debugger-code.elf.dir/forms/canid_forms.c.obj
                0x080055fc                CanId_Form_Load
 .text.Button_TurnBuck_CallBack_Dail
                0x080056cc       0x24 CMakeFiles/debugger-code.elf.dir/forms/dail_forms.c.obj
                0x080056cc                Button_TurnBuck_CallBack_Dail
 .text.Dail_Form_Init
                0x080056f0      0x100 CMakeFiles/debugger-code.elf.dir/forms/dail_forms.c.obj
                0x080056f0                Dail_Form_Init
 .text.Dail_Form_Load
                0x080057f0      0x1e4 CMakeFiles/debugger-code.elf.dir/forms/dail_forms.c.obj
                0x080057f0                Dail_Form_Load
 .text.Button_TurnBuck_CallBack_Imu
                0x080059d4       0x1c CMakeFiles/debugger-code.elf.dir/forms/imu_forms.c.obj
                0x080059d4                Button_TurnBuck_CallBack_Imu
 .text.Imu_Form_Init
                0x080059f0       0xb0 CMakeFiles/debugger-code.elf.dir/forms/imu_forms.c.obj
                0x080059f0                Imu_Form_Init
 .text.abs_data
                0x08005aa0       0x20 CMakeFiles/debugger-code.elf.dir/forms/imu_forms.c.obj
                0x08005aa0                abs_data
 .text.Imu_Form_Load
                0x08005ac0      0x144 CMakeFiles/debugger-code.elf.dir/forms/imu_forms.c.obj
                0x08005ac0                Imu_Form_Load
 .text.Form_UpdateEvent
                0x08005c04       0x4c CMakeFiles/debugger-code.elf.dir/forms/logic_forms.c.obj
                0x08005c04                Form_UpdateEvent
 .text.Button_SusCap_CallBack
                0x08005c50       0x1c CMakeFiles/debugger-code.elf.dir/forms/main_forms.c.obj
                0x08005c50                Button_SusCap_CallBack
 .text.Button_Dial_CallBack
                0x08005c6c       0x1c CMakeFiles/debugger-code.elf.dir/forms/main_forms.c.obj
                0x08005c6c                Button_Dial_CallBack
 .text.Button_CanId_CallBuck
                0x08005c88       0x1c CMakeFiles/debugger-code.elf.dir/forms/main_forms.c.obj
                0x08005c88                Button_CanId_CallBuck
 .text.Button_Usart_CallBuck
                0x08005ca4       0x1c CMakeFiles/debugger-code.elf.dir/forms/main_forms.c.obj
                0x08005ca4                Button_Usart_CallBuck
 .text.main_Form_Init
                0x08005cc0       0xf4 CMakeFiles/debugger-code.elf.dir/forms/main_forms.c.obj
                0x08005cc0                main_Form_Init
 .text.main_Form_Load
                0x08005db4      0x12c CMakeFiles/debugger-code.elf.dir/forms/main_forms.c.obj
                0x08005db4                main_Form_Load
 .text.Button_TurnBuck_CallBack_Motor
                0x08005ee0       0x1c CMakeFiles/debugger-code.elf.dir/forms/motor_forms.c.obj
                0x08005ee0                Button_TurnBuck_CallBack_Motor
 .text.Motor_Form_Init
                0x08005efc       0xd0 CMakeFiles/debugger-code.elf.dir/forms/motor_forms.c.obj
                0x08005efc                Motor_Form_Init
 .text.Motor_Form_Load
                0x08005fcc      0x110 CMakeFiles/debugger-code.elf.dir/forms/motor_forms.c.obj
                0x08005fcc                Motor_Form_Load
 .text.Button_TurnBuck_CallBack_Sus
                0x080060dc       0x1c CMakeFiles/debugger-code.elf.dir/forms/suscap_debuger_forms.c.obj
                0x080060dc                Button_TurnBuck_CallBack_Sus
 .text.Suscap_Debuger_Show_Init
                0x080060f8      0x108 CMakeFiles/debugger-code.elf.dir/forms/suscap_debuger_forms.c.obj
                0x080060f8                Suscap_Debuger_Show_Init
 .text.Suscap_Debuger_Show_Load
                0x08006200      0x14c CMakeFiles/debugger-code.elf.dir/forms/suscap_debuger_forms.c.obj
                0x08006200                Suscap_Debuger_Show_Load
 .text.Button_Usart_CallBack
                0x0800634c        0xc CMakeFiles/debugger-code.elf.dir/forms/usart_forms.c.obj
                0x0800634c                Button_Usart_CallBack
 .text.Button_TurnBuck_CallBack_Usart
                0x08006358       0x1c CMakeFiles/debugger-code.elf.dir/forms/usart_forms.c.obj
                0x08006358                Button_TurnBuck_CallBack_Usart
 .text.Usart_Form_Init
                0x08006374      0x174 CMakeFiles/debugger-code.elf.dir/forms/usart_forms.c.obj
                0x08006374                Usart_Form_Init
 .text.Usart_Form_Load
                0x080064e8      0x1b8 CMakeFiles/debugger-code.elf.dir/forms/usart_forms.c.obj
                0x080064e8                Usart_Form_Load
 .text.can_init
                0x080066a0       0x3c CMakeFiles/debugger-code.elf.dir/function/can_communication.c.obj
                0x080066a0                can_init
 .text.CAN_Id_Sort
                0x080066dc       0x5c CMakeFiles/debugger-code.elf.dir/function/can_communication.c.obj
                0x080066dc                CAN_Id_Sort
 .text.HAL_CAN_RxFifo0MsgPendingCallback
                0x08006738       0xdc CMakeFiles/debugger-code.elf.dir/function/can_communication.c.obj
                0x08006738                HAL_CAN_RxFifo0MsgPendingCallback
 .text.delayus  0x08006814       0x50 CMakeFiles/debugger-code.elf.dir/function/delay.c.obj
                0x08006814                delayus
 .text.Enter_Key
                0x08006864       0x58 CMakeFiles/debugger-code.elf.dir/function/key.c.obj
                0x08006864                Enter_Key
 .text.MX_CAN_Init
                0x080068bc       0x3c CMakeFiles/debugger-code.elf.dir/hardwares/can.c.obj
                0x080068bc                MX_CAN_Init
 .text.HAL_CAN_MspInit
                0x080068f8       0x98 CMakeFiles/debugger-code.elf.dir/hardwares/can.c.obj
                0x080068f8                HAL_CAN_MspInit
 .text.MX_DMA_Init
                0x08006990       0x34 CMakeFiles/debugger-code.elf.dir/hardwares/dma.c.obj
                0x08006990                MX_DMA_Init
 .text.MX_GPIO_Init
                0x080069c4       0xec CMakeFiles/debugger-code.elf.dir/hardwares/gpio.c.obj
                0x080069c4                MX_GPIO_Init
 .text.MX_SPI1_Init
                0x08006ab0       0x44 CMakeFiles/debugger-code.elf.dir/hardwares/spi.c.obj
                0x08006ab0                MX_SPI1_Init
 .text.MX_SPI2_Init
                0x08006af4       0x40 CMakeFiles/debugger-code.elf.dir/hardwares/spi.c.obj
                0x08006af4                MX_SPI2_Init
 .text.MX_SPI3_Init
                0x08006b34       0x40 CMakeFiles/debugger-code.elf.dir/hardwares/spi.c.obj
                0x08006b34                MX_SPI3_Init
 .text.HAL_SPI_MspInit
                0x08006b74      0x178 CMakeFiles/debugger-code.elf.dir/hardwares/spi.c.obj
                0x08006b74                HAL_SPI_MspInit
 .text.MX_TIM1_Init
                0x08006cec       0x70 CMakeFiles/debugger-code.elf.dir/hardwares/tim.c.obj
                0x08006cec                MX_TIM1_Init
 .text.MX_TIM6_Init
                0x08006d5c       0x50 CMakeFiles/debugger-code.elf.dir/hardwares/tim.c.obj
                0x08006d5c                MX_TIM6_Init
 .text.HAL_TIM_Base_MspInit
                0x08006dac       0x70 CMakeFiles/debugger-code.elf.dir/hardwares/tim.c.obj
                0x08006dac                HAL_TIM_Base_MspInit
 .text.HAL_TIM_PWM_MspInit
                0x08006e1c       0x2c CMakeFiles/debugger-code.elf.dir/hardwares/tim.c.obj
                0x08006e1c                HAL_TIM_PWM_MspInit
 .text.HAL_TIM_MspPostInit
                0x08006e48       0x50 CMakeFiles/debugger-code.elf.dir/hardwares/tim.c.obj
                0x08006e48                HAL_TIM_MspPostInit
 .text.MX_TIM4_Init
                0x08006e98       0x88 CMakeFiles/debugger-code.elf.dir/hardwares/tim.c.obj
                0x08006e98                MX_TIM4_Init
 .text.HAL_UART_RxCpltCallback
                0x08006f20       0x70 CMakeFiles/debugger-code.elf.dir/hardwares/usart.c.obj
                0x08006f20                HAL_UART_RxCpltCallback
 .text.MX_UART4_Init
                0x08006f90       0x34 CMakeFiles/debugger-code.elf.dir/hardwares/usart.c.obj
                0x08006f90                MX_UART4_Init
 .text.MX_USART1_UART_Init
                0x08006fc4       0x34 CMakeFiles/debugger-code.elf.dir/hardwares/usart.c.obj
                0x08006fc4                MX_USART1_UART_Init
 .text.HAL_UART_MspInit
                0x08006ff8       0xfc CMakeFiles/debugger-code.elf.dir/hardwares/usart.c.obj
                0x08006ff8                HAL_UART_MspInit
 .text.HAL_TIM_PeriodElapsedCallback
                0x080070f4       0x70 CMakeFiles/debugger-code.elf.dir/system/main.c.obj
                0x080070f4                HAL_TIM_PeriodElapsedCallback
 .text.Error_Handler
                0x08007164        0x4 CMakeFiles/debugger-code.elf.dir/system/main.c.obj
                0x08007164                Error_Handler
 .text.SystemClock_Config
                0x08007168       0x64 CMakeFiles/debugger-code.elf.dir/system/main.c.obj
                0x08007168                SystemClock_Config
 .text.main     0x080071cc      0x190 CMakeFiles/debugger-code.elf.dir/system/main.c.obj
                0x080071cc                main
 .text.RetargetInit
                0x0800735c       0x20 CMakeFiles/debugger-code.elf.dir/system/retarget.c.obj
                0x0800735c                RetargetInit
 .text._close   0x0800737c       0x18 CMakeFiles/debugger-code.elf.dir/system/retarget.c.obj
                0x0800737c                _close
 .text._isatty  0x08007394       0x16 CMakeFiles/debugger-code.elf.dir/system/retarget.c.obj
                0x08007394                _isatty
 *fill*         0x080073aa        0x2 
 .text._write   0x080073ac       0x34 CMakeFiles/debugger-code.elf.dir/system/retarget.c.obj
                0x080073ac                _write
 .text._lseek   0x080073e0       0x10 CMakeFiles/debugger-code.elf.dir/system/retarget.c.obj
                0x080073e0                _lseek
 .text._read    0x080073f0       0x30 CMakeFiles/debugger-code.elf.dir/system/retarget.c.obj
                0x080073f0                _read
 .text._fstat   0x08007420       0x1a CMakeFiles/debugger-code.elf.dir/system/retarget.c.obj
                0x08007420                _fstat
 *fill*         0x0800743a        0x2 
 .text.Reset_Handler
                0x0800743c       0x48 CMakeFiles/debugger-code.elf.dir/system/startup_stm32f103rctx.s.obj
                0x0800743c                Reset_Handler
 .text.Default_Handler
                0x08007484        0x2 CMakeFiles/debugger-code.elf.dir/system/startup_stm32f103rctx.s.obj
                0x08007484                RTC_Alarm_IRQHandler
                0x08007484                EXTI2_IRQHandler
                0x08007484                TIM8_TRG_COM_IRQHandler
                0x08007484                TIM8_CC_IRQHandler
                0x08007484                TIM1_CC_IRQHandler
                0x08007484                PVD_IRQHandler
                0x08007484                SDIO_IRQHandler
                0x08007484                EXTI3_IRQHandler
                0x08007484                EXTI0_IRQHandler
                0x08007484                I2C2_EV_IRQHandler
                0x08007484                ADC1_2_IRQHandler
                0x08007484                SPI1_IRQHandler
                0x08007484                TAMPER_IRQHandler
                0x08007484                TIM8_UP_IRQHandler
                0x08007484                DMA1_Channel4_IRQHandler
                0x08007484                USART3_IRQHandler
                0x08007484                RTC_IRQHandler
                0x08007484                DMA1_Channel7_IRQHandler
                0x08007484                CAN1_RX1_IRQHandler
                0x08007484                UART5_IRQHandler
                0x08007484                ADC3_IRQHandler
                0x08007484                TIM4_IRQHandler
                0x08007484                DMA2_Channel1_IRQHandler
                0x08007484                I2C1_EV_IRQHandler
                0x08007484                DMA1_Channel6_IRQHandler
                0x08007484                TIM3_IRQHandler
                0x08007484                RCC_IRQHandler
                0x08007484                TIM1_TRG_COM_IRQHandler
                0x08007484                DMA1_Channel1_IRQHandler
                0x08007484                Default_Handler
                0x08007484                EXTI15_10_IRQHandler
                0x08007484                TIM7_IRQHandler
                0x08007484                TIM5_IRQHandler
                0x08007484                EXTI9_5_IRQHandler
                0x08007484                SPI2_IRQHandler
                0x08007484                DMA1_Channel5_IRQHandler
                0x08007484                EXTI4_IRQHandler
                0x08007484                USB_HP_CAN1_TX_IRQHandler
                0x08007484                DMA1_Channel3_IRQHandler
                0x08007484                FSMC_IRQHandler
                0x08007484                WWDG_IRQHandler
                0x08007484                TIM2_IRQHandler
                0x08007484                TIM1_BRK_IRQHandler
                0x08007484                EXTI1_IRQHandler
                0x08007484                DMA2_Channel4_5_IRQHandler
                0x08007484                USART2_IRQHandler
                0x08007484                I2C2_ER_IRQHandler
                0x08007484                DMA1_Channel2_IRQHandler
                0x08007484                TIM8_BRK_IRQHandler
                0x08007484                CAN1_SCE_IRQHandler
                0x08007484                FLASH_IRQHandler
                0x08007484                SPI3_IRQHandler
                0x08007484                I2C1_ER_IRQHandler
                0x08007484                USBWakeUp_IRQHandler
                0x08007484                DMA2_Channel3_IRQHandler
 *fill*         0x08007486        0x2 
 .text.HAL_MspInit
                0x08007488       0x44 CMakeFiles/debugger-code.elf.dir/system/stm32f1xx_hal_msp.c.obj
                0x08007488                HAL_MspInit
 .text.NMI_Handler
                0x080074cc        0x2 CMakeFiles/debugger-code.elf.dir/system/stm32f1xx_it.c.obj
                0x080074cc                NMI_Handler
 .text.HardFault_Handler
                0x080074ce        0x2 CMakeFiles/debugger-code.elf.dir/system/stm32f1xx_it.c.obj
                0x080074ce                HardFault_Handler
 .text.MemManage_Handler
                0x080074d0        0x2 CMakeFiles/debugger-code.elf.dir/system/stm32f1xx_it.c.obj
                0x080074d0                MemManage_Handler
 .text.BusFault_Handler
                0x080074d2        0x2 CMakeFiles/debugger-code.elf.dir/system/stm32f1xx_it.c.obj
                0x080074d2                BusFault_Handler
 .text.UsageFault_Handler
                0x080074d4        0x2 CMakeFiles/debugger-code.elf.dir/system/stm32f1xx_it.c.obj
                0x080074d4                UsageFault_Handler
 .text.SVC_Handler
                0x080074d6        0x2 CMakeFiles/debugger-code.elf.dir/system/stm32f1xx_it.c.obj
                0x080074d6                SVC_Handler
 .text.DebugMon_Handler
                0x080074d8        0x2 CMakeFiles/debugger-code.elf.dir/system/stm32f1xx_it.c.obj
                0x080074d8                DebugMon_Handler
 .text.PendSV_Handler
                0x080074da        0x2 CMakeFiles/debugger-code.elf.dir/system/stm32f1xx_it.c.obj
                0x080074da                PendSV_Handler
 .text.SysTick_Handler
                0x080074dc        0x8 CMakeFiles/debugger-code.elf.dir/system/stm32f1xx_it.c.obj
                0x080074dc                SysTick_Handler
 .text.USB_LP_CAN1_RX0_IRQHandler
                0x080074e4       0x10 CMakeFiles/debugger-code.elf.dir/system/stm32f1xx_it.c.obj
                0x080074e4                USB_LP_CAN1_RX0_IRQHandler
 .text.TIM1_UP_IRQHandler
                0x080074f4       0x10 CMakeFiles/debugger-code.elf.dir/system/stm32f1xx_it.c.obj
                0x080074f4                TIM1_UP_IRQHandler
 .text.USART1_IRQHandler
                0x08007504       0x10 CMakeFiles/debugger-code.elf.dir/system/stm32f1xx_it.c.obj
                0x08007504                USART1_IRQHandler
 .text.UART4_IRQHandler
                0x08007514       0x10 CMakeFiles/debugger-code.elf.dir/system/stm32f1xx_it.c.obj
                0x08007514                UART4_IRQHandler
 .text.TIM6_IRQHandler
                0x08007524       0x10 CMakeFiles/debugger-code.elf.dir/system/stm32f1xx_it.c.obj
                0x08007524                TIM6_IRQHandler
 .text.DMA2_Channel2_IRQHandler
                0x08007534       0x10 CMakeFiles/debugger-code.elf.dir/system/stm32f1xx_it.c.obj
                0x08007534                DMA2_Channel2_IRQHandler
 .text._getpid  0x08007544        0x4 CMakeFiles/debugger-code.elf.dir/system/syscalls.c.obj
                0x08007544                _getpid
 .text._kill    0x08007548       0x10 CMakeFiles/debugger-code.elf.dir/system/syscalls.c.obj
                0x08007548                _kill
 .text._exit    0x08007558        0xc CMakeFiles/debugger-code.elf.dir/system/syscalls.c.obj
                0x08007558                _exit
 .text._sbrk    0x08007564       0x48 CMakeFiles/debugger-code.elf.dir/system/sysmem.c.obj
                0x08007564                _sbrk
 .text.SystemInit
                0x080075ac        0x2 CMakeFiles/debugger-code.elf.dir/system/system_stm32f1xx.c.obj
                0x080075ac                SystemInit
 *fill*         0x080075ae        0x2 
 .text.__errno  0x080075b0        0xc d:/gcc-arm-none-eabi/bin/../lib/gcc/arm-none-eabi/10.3.1/../../../../arm-none-eabi/lib/thumb/v7-m/nofp\libg.a(lib_a-errno.o)
                0x080075b0                __errno
 .text.__libc_init_array
                0x080075bc       0x48 d:/gcc-arm-none-eabi/bin/../lib/gcc/arm-none-eabi/10.3.1/../../../../arm-none-eabi/lib/thumb/v7-m/nofp\libg.a(lib_a-init.o)
                0x080075bc                __libc_init_array
 .text.memset   0x08007604       0xa4 d:/gcc-arm-none-eabi/bin/../lib/gcc/arm-none-eabi/10.3.1/../../../../arm-none-eabi/lib/thumb/v7-m/nofp\libg.a(lib_a-memset.o)
                0x08007604                memset
 .text.printf   0x080076a8       0x28 d:/gcc-arm-none-eabi/bin/../lib/gcc/arm-none-eabi/10.3.1/../../../../arm-none-eabi/lib/thumb/v7-m/nofp\libg.a(lib_a-printf.o)
                0x080076a8                printf
 .text.setvbuf  0x080076d0      0x1b0 d:/gcc-arm-none-eabi/bin/../lib/gcc/arm-none-eabi/10.3.1/../../../../arm-none-eabi/lib/thumb/v7-m/nofp\libg.a(lib_a-setvbuf.o)
                0x080076d0                setvbuf
 .text.strcpy   0x08007880       0xbc d:/gcc-arm-none-eabi/bin/../lib/gcc/arm-none-eabi/10.3.1/../../../../arm-none-eabi/lib/thumb/v7-m/nofp\libg.a(lib_a-strcpy.o)
                0x08007880                strcpy
 .text.strlen   0x0800793c       0x5c d:/gcc-arm-none-eabi/bin/../lib/gcc/arm-none-eabi/10.3.1/../../../../arm-none-eabi/lib/thumb/v7-m/nofp\libg.a(lib_a-strlen-stub.o)
                0x0800793c                strlen
 .text._vfprintf_r
                0x08007998     0x1b58 d:/gcc-arm-none-eabi/bin/../lib/gcc/arm-none-eabi/10.3.1/../../../../arm-none-eabi/lib/thumb/v7-m/nofp\libg.a(lib_a-vfprintf.o)
                0x08007998                _vfprintf_r
 .text.__sbprintf
                0x080094f0       0x84 d:/gcc-arm-none-eabi/bin/../lib/gcc/arm-none-eabi/10.3.1/../../../../arm-none-eabi/lib/thumb/v7-m/nofp\libg.a(lib_a-vfprintf.o)
 .text.vsnprintf
                0x08009574       0x6c d:/gcc-arm-none-eabi/bin/../lib/gcc/arm-none-eabi/10.3.1/../../../../arm-none-eabi/lib/thumb/v7-m/nofp\libg.a(lib_a-vsnprintf.o)
                0x08009574                vsnprintf
 .text.__swsetup_r
                0x080095e0       0xd4 d:/gcc-arm-none-eabi/bin/../lib/gcc/arm-none-eabi/10.3.1/../../../../arm-none-eabi/lib/thumb/v7-m/nofp\libg.a(lib_a-wsetup.o)
                0x080095e0                __swsetup_r
 .text.startup.register_fini
                0x080096b4       0x14 d:/gcc-arm-none-eabi/bin/../lib/gcc/arm-none-eabi/10.3.1/../../../../arm-none-eabi/lib/thumb/v7-m/nofp\libg.a(lib_a-__call_atexit.o)
 .text.atexit   0x080096c8        0xc d:/gcc-arm-none-eabi/bin/../lib/gcc/arm-none-eabi/10.3.1/../../../../arm-none-eabi/lib/thumb/v7-m/nofp\libg.a(lib_a-atexit.o)
                0x080096c8                atexit
 .text.quorem   0x080096d4      0x12c d:/gcc-arm-none-eabi/bin/../lib/gcc/arm-none-eabi/10.3.1/../../../../arm-none-eabi/lib/thumb/v7-m/nofp\libg.a(lib_a-dtoa.o)
 .text._dtoa_r  0x08009800      0xecc d:/gcc-arm-none-eabi/bin/../lib/gcc/arm-none-eabi/10.3.1/../../../../arm-none-eabi/lib/thumb/v7-m/nofp\libg.a(lib_a-dtoa.o)
                0x08009800                _dtoa_r
 .text.__sflush_r
                0x0800a6cc      0x124 d:/gcc-arm-none-eabi/bin/../lib/gcc/arm-none-eabi/10.3.1/../../../../arm-none-eabi/lib/thumb/v7-m/nofp\libg.a(lib_a-fflush.o)
                0x0800a6cc                __sflush_r
 .text._fflush_r
                0x0800a7f0       0x5c d:/gcc-arm-none-eabi/bin/../lib/gcc/arm-none-eabi/10.3.1/../../../../arm-none-eabi/lib/thumb/v7-m/nofp\libg.a(lib_a-fflush.o)
                0x0800a7f0                _fflush_r
 .text._cleanup_r
                0x0800a84c        0xc d:/gcc-arm-none-eabi/bin/../lib/gcc/arm-none-eabi/10.3.1/../../../../arm-none-eabi/lib/thumb/v7-m/nofp\libg.a(lib_a-findfp.o)
                0x0800a84c                _cleanup_r
 .text.__sinit  0x0800a858      0x10c d:/gcc-arm-none-eabi/bin/../lib/gcc/arm-none-eabi/10.3.1/../../../../arm-none-eabi/lib/thumb/v7-m/nofp\libg.a(lib_a-findfp.o)
                0x0800a858                __sinit
 .text.__sfp_lock_acquire
                0x0800a964        0xc d:/gcc-arm-none-eabi/bin/../lib/gcc/arm-none-eabi/10.3.1/../../../../arm-none-eabi/lib/thumb/v7-m/nofp\libg.a(lib_a-findfp.o)
                0x0800a964                __sfp_lock_acquire
 .text.__sfp_lock_release
                0x0800a970        0xc d:/gcc-arm-none-eabi/bin/../lib/gcc/arm-none-eabi/10.3.1/../../../../arm-none-eabi/lib/thumb/v7-m/nofp\libg.a(lib_a-findfp.o)
                0x0800a970                __sfp_lock_release
 .text.__libc_fini_array
                0x0800a97c       0x2c d:/gcc-arm-none-eabi/bin/../lib/gcc/arm-none-eabi/10.3.1/../../../../arm-none-eabi/lib/thumb/v7-m/nofp\libg.a(lib_a-fini.o)
                0x0800a97c                __libc_fini_array
 .text._malloc_trim_r
                0x0800a9a8       0xa0 d:/gcc-arm-none-eabi/bin/../lib/gcc/arm-none-eabi/10.3.1/../../../../arm-none-eabi/lib/thumb/v7-m/nofp\libg.a(lib_a-freer.o)
                0x0800a9a8                _malloc_trim_r
 .text._free_r  0x0800aa48      0x200 d:/gcc-arm-none-eabi/bin/../lib/gcc/arm-none-eabi/10.3.1/../../../../arm-none-eabi/lib/thumb/v7-m/nofp\libg.a(lib_a-freer.o)
                0x0800aa48                _free_r
 .text._fwalk_reent
                0x0800ac48       0x48 d:/gcc-arm-none-eabi/bin/../lib/gcc/arm-none-eabi/10.3.1/../../../../arm-none-eabi/lib/thumb/v7-m/nofp\libg.a(lib_a-fwalk.o)
                0x0800ac48                _fwalk_reent
 .text._localeconv_r
                0x0800ac90        0x8 d:/gcc-arm-none-eabi/bin/../lib/gcc/arm-none-eabi/10.3.1/../../../../arm-none-eabi/lib/thumb/v7-m/nofp\libg.a(lib_a-localeconv.o)
                0x0800ac90                _localeconv_r
 .text.__retarget_lock_init_recursive
                0x0800ac98        0x4 d:/gcc-arm-none-eabi/bin/../lib/gcc/arm-none-eabi/10.3.1/../../../../arm-none-eabi/lib/thumb/v7-m/nofp\libg.a(lib_a-lock.o)
                0x0800ac98                __retarget_lock_init_recursive
 .text.__retarget_lock_close_recursive
                0x0800ac9c        0x4 d:/gcc-arm-none-eabi/bin/../lib/gcc/arm-none-eabi/10.3.1/../../../../arm-none-eabi/lib/thumb/v7-m/nofp\libg.a(lib_a-lock.o)
                0x0800ac9c                __retarget_lock_close_recursive
 .text.__retarget_lock_acquire_recursive
                0x0800aca0        0x4 d:/gcc-arm-none-eabi/bin/../lib/gcc/arm-none-eabi/10.3.1/../../../../arm-none-eabi/lib/thumb/v7-m/nofp\libg.a(lib_a-lock.o)
                0x0800aca0                __retarget_lock_acquire_recursive
 .text.__retarget_lock_release_recursive
                0x0800aca4        0x4 d:/gcc-arm-none-eabi/bin/../lib/gcc/arm-none-eabi/10.3.1/../../../../arm-none-eabi/lib/thumb/v7-m/nofp\libg.a(lib_a-lock.o)
                0x0800aca4                __retarget_lock_release_recursive
 .text.__smakebuf_r
                0x0800aca8       0xe0 d:/gcc-arm-none-eabi/bin/../lib/gcc/arm-none-eabi/10.3.1/../../../../arm-none-eabi/lib/thumb/v7-m/nofp\libg.a(lib_a-makebuf.o)
                0x0800aca8                __smakebuf_r
 .text.__swhatbuf_r
                0x0800ad88       0x60 d:/gcc-arm-none-eabi/bin/../lib/gcc/arm-none-eabi/10.3.1/../../../../arm-none-eabi/lib/thumb/v7-m/nofp\libg.a(lib_a-makebuf.o)
                0x0800ad88                __swhatbuf_r
 .text.malloc   0x0800ade8       0x10 d:/gcc-arm-none-eabi/bin/../lib/gcc/arm-none-eabi/10.3.1/../../../../arm-none-eabi/lib/thumb/v7-m/nofp\libg.a(lib_a-malloc.o)
                0x0800ade8                malloc
 .text._malloc_r
                0x0800adf8      0x558 d:/gcc-arm-none-eabi/bin/../lib/gcc/arm-none-eabi/10.3.1/../../../../arm-none-eabi/lib/thumb/v7-m/nofp\libg.a(lib_a-mallocr.o)
                0x0800adf8                _malloc_r
 .text.memchr   0x0800b350       0x90 d:/gcc-arm-none-eabi/bin/../lib/gcc/arm-none-eabi/10.3.1/../../../../arm-none-eabi/lib/thumb/v7-m/nofp\libg.a(lib_a-memchr-stub.o)
                0x0800b350                memchr
 .text.__malloc_lock
                0x0800b3e0        0xc d:/gcc-arm-none-eabi/bin/../lib/gcc/arm-none-eabi/10.3.1/../../../../arm-none-eabi/lib/thumb/v7-m/nofp\libg.a(lib_a-mlock.o)
                0x0800b3e0                __malloc_lock
 .text.__malloc_unlock
                0x0800b3ec        0xc d:/gcc-arm-none-eabi/bin/../lib/gcc/arm-none-eabi/10.3.1/../../../../arm-none-eabi/lib/thumb/v7-m/nofp\libg.a(lib_a-mlock.o)
                0x0800b3ec                __malloc_unlock
 .text._Balloc  0x0800b3f8       0x4c d:/gcc-arm-none-eabi/bin/../lib/gcc/arm-none-eabi/10.3.1/../../../../arm-none-eabi/lib/thumb/v7-m/nofp\libg.a(lib_a-mprec.o)
                0x0800b3f8                _Balloc
 .text._Bfree   0x0800b444       0x14 d:/gcc-arm-none-eabi/bin/../lib/gcc/arm-none-eabi/10.3.1/../../../../arm-none-eabi/lib/thumb/v7-m/nofp\libg.a(lib_a-mprec.o)
                0x0800b444                _Bfree
 .text.__multadd
                0x0800b458       0xa4 d:/gcc-arm-none-eabi/bin/../lib/gcc/arm-none-eabi/10.3.1/../../../../arm-none-eabi/lib/thumb/v7-m/nofp\libg.a(lib_a-mprec.o)
                0x0800b458                __multadd
 .text.__hi0bits
                0x0800b4fc       0x40 d:/gcc-arm-none-eabi/bin/../lib/gcc/arm-none-eabi/10.3.1/../../../../arm-none-eabi/lib/thumb/v7-m/nofp\libg.a(lib_a-mprec.o)
                0x0800b4fc                __hi0bits
 .text.__lo0bits
                0x0800b53c       0x58 d:/gcc-arm-none-eabi/bin/../lib/gcc/arm-none-eabi/10.3.1/../../../../arm-none-eabi/lib/thumb/v7-m/nofp\libg.a(lib_a-mprec.o)
                0x0800b53c                __lo0bits
 .text.__i2b    0x0800b594       0x5c d:/gcc-arm-none-eabi/bin/../lib/gcc/arm-none-eabi/10.3.1/../../../../arm-none-eabi/lib/thumb/v7-m/nofp\libg.a(lib_a-mprec.o)
                0x0800b594                __i2b
 .text.__multiply
                0x0800b5f0      0x15c d:/gcc-arm-none-eabi/bin/../lib/gcc/arm-none-eabi/10.3.1/../../../../arm-none-eabi/lib/thumb/v7-m/nofp\libg.a(lib_a-mprec.o)
                0x0800b5f0                __multiply
 .text.__pow5mult
                0x0800b74c       0xb8 d:/gcc-arm-none-eabi/bin/../lib/gcc/arm-none-eabi/10.3.1/../../../../arm-none-eabi/lib/thumb/v7-m/nofp\libg.a(lib_a-mprec.o)
                0x0800b74c                __pow5mult
 .text.__lshift
                0x0800b804       0xec d:/gcc-arm-none-eabi/bin/../lib/gcc/arm-none-eabi/10.3.1/../../../../arm-none-eabi/lib/thumb/v7-m/nofp\libg.a(lib_a-mprec.o)
                0x0800b804                __lshift
 .text.__mcmp   0x0800b8f0       0x40 d:/gcc-arm-none-eabi/bin/../lib/gcc/arm-none-eabi/10.3.1/../../../../arm-none-eabi/lib/thumb/v7-m/nofp\libg.a(lib_a-mprec.o)
                0x0800b8f0                __mcmp
 .text.__mdiff  0x0800b930      0x14c d:/gcc-arm-none-eabi/bin/../lib/gcc/arm-none-eabi/10.3.1/../../../../arm-none-eabi/lib/thumb/v7-m/nofp\libg.a(lib_a-mprec.o)
                0x0800b930                __mdiff
 .text.__d2b    0x0800ba7c       0xc4 d:/gcc-arm-none-eabi/bin/../lib/gcc/arm-none-eabi/10.3.1/../../../../arm-none-eabi/lib/thumb/v7-m/nofp\libg.a(lib_a-mprec.o)
                0x0800ba7c                __d2b
 .text.frexp    0x0800bb40       0x70 d:/gcc-arm-none-eabi/bin/../lib/gcc/arm-none-eabi/10.3.1/../../../../arm-none-eabi/lib/thumb/v7-m/nofp\libg.a(lib_a-s_frexp.o)
                0x0800bb40                frexp
 .text._sbrk_r  0x0800bbb0       0x24 d:/gcc-arm-none-eabi/bin/../lib/gcc/arm-none-eabi/10.3.1/../../../../arm-none-eabi/lib/thumb/v7-m/nofp\libg.a(lib_a-sbrkr.o)
                0x0800bbb0                _sbrk_r
 .text.__sread  0x0800bbd4       0x24 d:/gcc-arm-none-eabi/bin/../lib/gcc/arm-none-eabi/10.3.1/../../../../arm-none-eabi/lib/thumb/v7-m/nofp\libg.a(lib_a-stdio.o)
                0x0800bbd4                __sread
 .text.__swrite
                0x0800bbf8       0x40 d:/gcc-arm-none-eabi/bin/../lib/gcc/arm-none-eabi/10.3.1/../../../../arm-none-eabi/lib/thumb/v7-m/nofp\libg.a(lib_a-stdio.o)
                0x0800bbf8                __swrite
 .text.__sseek  0x0800bc38       0x20 d:/gcc-arm-none-eabi/bin/../lib/gcc/arm-none-eabi/10.3.1/../../../../arm-none-eabi/lib/thumb/v7-m/nofp\libg.a(lib_a-stdio.o)
                0x0800bc38                __sseek
 .text.__sclose
                0x0800bc58        0x8 d:/gcc-arm-none-eabi/bin/../lib/gcc/arm-none-eabi/10.3.1/../../../../arm-none-eabi/lib/thumb/v7-m/nofp\libg.a(lib_a-stdio.o)
                0x0800bc58                __sclose
 .text.strncpy  0x0800bc60       0x68 d:/gcc-arm-none-eabi/bin/../lib/gcc/arm-none-eabi/10.3.1/../../../../arm-none-eabi/lib/thumb/v7-m/nofp\libg.a(lib_a-strncpy.o)
                0x0800bc60                strncpy
 .text._svfprintf_r
                0x0800bcc8     0x1aa4 d:/gcc-arm-none-eabi/bin/../lib/gcc/arm-none-eabi/10.3.1/../../../../arm-none-eabi/lib/thumb/v7-m/nofp\libg.a(lib_a-svfprintf.o)
                0x0800bcc8                _svfprintf_r
 .text.__sprint_r.part.0
                0x0800d76c       0x78 d:/gcc-arm-none-eabi/bin/../lib/gcc/arm-none-eabi/10.3.1/../../../../arm-none-eabi/lib/thumb/v7-m/nofp\libg.a(lib_a-vfiprintf.o)
 .text.__sprint_r
                0x0800d7e4       0x14 d:/gcc-arm-none-eabi/bin/../lib/gcc/arm-none-eabi/10.3.1/../../../../arm-none-eabi/lib/thumb/v7-m/nofp\libg.a(lib_a-vfiprintf.o)
                0x0800d7e4                __sprint_r
 .text._vfiprintf_r
                0x0800d7f8      0xd98 d:/gcc-arm-none-eabi/bin/../lib/gcc/arm-none-eabi/10.3.1/../../../../arm-none-eabi/lib/thumb/v7-m/nofp\libg.a(lib_a-vfiprintf.o)
                0x0800d7f8                _vfiprintf_r
 .text.__sbprintf
                0x0800e590       0x84 d:/gcc-arm-none-eabi/bin/../lib/gcc/arm-none-eabi/10.3.1/../../../../arm-none-eabi/lib/thumb/v7-m/nofp\libg.a(lib_a-vfiprintf.o)
 .text._write_r
                0x0800e614       0x2c d:/gcc-arm-none-eabi/bin/../lib/gcc/arm-none-eabi/10.3.1/../../../../arm-none-eabi/lib/thumb/v7-m/nofp\libg.a(lib_a-writer.o)
                0x0800e614                _write_r
 .text.__register_exitproc
                0x0800e640       0x8c d:/gcc-arm-none-eabi/bin/../lib/gcc/arm-none-eabi/10.3.1/../../../../arm-none-eabi/lib/thumb/v7-m/nofp\libg.a(lib_a-__atexit.o)
                0x0800e640                __register_exitproc
 .text.__assert_func
                0x0800e6cc       0x40 d:/gcc-arm-none-eabi/bin/../lib/gcc/arm-none-eabi/10.3.1/../../../../arm-none-eabi/lib/thumb/v7-m/nofp\libg.a(lib_a-assert.o)
                0x0800e6cc                __assert_func
 .text._calloc_r
                0x0800e70c       0x78 d:/gcc-arm-none-eabi/bin/../lib/gcc/arm-none-eabi/10.3.1/../../../../arm-none-eabi/lib/thumb/v7-m/nofp\libg.a(lib_a-callocr.o)
                0x0800e70c                _calloc_r
 .text._close_r
                0x0800e784       0x24 d:/gcc-arm-none-eabi/bin/../lib/gcc/arm-none-eabi/10.3.1/../../../../arm-none-eabi/lib/thumb/v7-m/nofp\libg.a(lib_a-closer.o)
                0x0800e784                _close_r
 .text._fclose_r
                0x0800e7a8       0xcc d:/gcc-arm-none-eabi/bin/../lib/gcc/arm-none-eabi/10.3.1/../../../../arm-none-eabi/lib/thumb/v7-m/nofp\libg.a(lib_a-fclose.o)
                0x0800e7a8                _fclose_r
 .text.fiprintf
                0x0800e874       0x28 d:/gcc-arm-none-eabi/bin/../lib/gcc/arm-none-eabi/10.3.1/../../../../arm-none-eabi/lib/thumb/v7-m/nofp\libg.a(lib_a-fiprintf.o)
                0x0800e874                fiprintf
 .text.__fputwc
                0x0800e89c       0xa0 d:/gcc-arm-none-eabi/bin/../lib/gcc/arm-none-eabi/10.3.1/../../../../arm-none-eabi/lib/thumb/v7-m/nofp\libg.a(lib_a-fputwc.o)
                0x0800e89c                __fputwc
 .text._fputwc_r
                0x0800e93c       0x68 d:/gcc-arm-none-eabi/bin/../lib/gcc/arm-none-eabi/10.3.1/../../../../arm-none-eabi/lib/thumb/v7-m/nofp\libg.a(lib_a-fputwc.o)
                0x0800e93c                _fputwc_r
 .text._fstat_r
                0x0800e9a4       0x28 d:/gcc-arm-none-eabi/bin/../lib/gcc/arm-none-eabi/10.3.1/../../../../arm-none-eabi/lib/thumb/v7-m/nofp\libg.a(lib_a-fstatr.o)
                0x0800e9a4                _fstat_r
 .text.__sfvwrite_r
                0x0800e9cc      0x2f0 d:/gcc-arm-none-eabi/bin/../lib/gcc/arm-none-eabi/10.3.1/../../../../arm-none-eabi/lib/thumb/v7-m/nofp\libg.a(lib_a-fvwrite.o)
                0x0800e9cc                __sfvwrite_r
 .text._isatty_r
                0x0800ecbc       0x24 d:/gcc-arm-none-eabi/bin/../lib/gcc/arm-none-eabi/10.3.1/../../../../arm-none-eabi/lib/thumb/v7-m/nofp\libg.a(lib_a-isattyr.o)
                0x0800ecbc                _isatty_r
 .text.__locale_mb_cur_max
                0x0800ece0        0xc d:/gcc-arm-none-eabi/bin/../lib/gcc/arm-none-eabi/10.3.1/../../../../arm-none-eabi/lib/thumb/v7-m/nofp\libg.a(lib_a-locale.o)
                0x0800ece0                __locale_mb_cur_max
 .text._lseek_r
                0x0800ecec       0x2c d:/gcc-arm-none-eabi/bin/../lib/gcc/arm-none-eabi/10.3.1/../../../../arm-none-eabi/lib/thumb/v7-m/nofp\libg.a(lib_a-lseekr.o)
                0x0800ecec                _lseek_r
 .text.__ascii_mbtowc
                0x0800ed18       0x2c d:/gcc-arm-none-eabi/bin/../lib/gcc/arm-none-eabi/10.3.1/../../../../arm-none-eabi/lib/thumb/v7-m/nofp\libg.a(lib_a-mbtowc_r.o)
                0x0800ed18                __ascii_mbtowc
 .text.memmove  0x0800ed44       0xf8 d:/gcc-arm-none-eabi/bin/../lib/gcc/arm-none-eabi/10.3.1/../../../../arm-none-eabi/lib/thumb/v7-m/nofp\libg.a(lib_a-memmove.o)
                0x0800ed44                memmove
 .text._read_r  0x0800ee3c       0x2c d:/gcc-arm-none-eabi/bin/../lib/gcc/arm-none-eabi/10.3.1/../../../../arm-none-eabi/lib/thumb/v7-m/nofp\libg.a(lib_a-readr.o)
                0x0800ee3c                _read_r
 .text._realloc_r
                0x0800ee68      0x3dc d:/gcc-arm-none-eabi/bin/../lib/gcc/arm-none-eabi/10.3.1/../../../../arm-none-eabi/lib/thumb/v7-m/nofp\libg.a(lib_a-reallocr.o)
                0x0800ee68                _realloc_r
 .text.__ssprint_r
                0x0800f244       0xfc d:/gcc-arm-none-eabi/bin/../lib/gcc/arm-none-eabi/10.3.1/../../../../arm-none-eabi/lib/thumb/v7-m/nofp\libg.a(lib_a-svfiprintf.o)
                0x0800f244                __ssprint_r
 .text.__swbuf_r
                0x0800f340       0xb0 d:/gcc-arm-none-eabi/bin/../lib/gcc/arm-none-eabi/10.3.1/../../../../arm-none-eabi/lib/thumb/v7-m/nofp\libg.a(lib_a-wbuf.o)
                0x0800f340                __swbuf_r
 .text._wcrtomb_r
                0x0800f3f0       0x3c d:/gcc-arm-none-eabi/bin/../lib/gcc/arm-none-eabi/10.3.1/../../../../arm-none-eabi/lib/thumb/v7-m/nofp\libg.a(lib_a-wcrtomb.o)
                0x0800f3f0                _wcrtomb_r
 .text.__ascii_wctomb
                0x0800f42c       0x1c d:/gcc-arm-none-eabi/bin/../lib/gcc/arm-none-eabi/10.3.1/../../../../arm-none-eabi/lib/thumb/v7-m/nofp\libg.a(lib_a-wctomb_r.o)
                0x0800f42c                __ascii_wctomb
 .text.abort    0x0800f448       0x10 d:/gcc-arm-none-eabi/bin/../lib/gcc/arm-none-eabi/10.3.1/../../../../arm-none-eabi/lib/thumb/v7-m/nofp\libg.a(lib_a-abort.o)
                0x0800f448                abort
 .text.raise    0x0800f458       0x5c d:/gcc-arm-none-eabi/bin/../lib/gcc/arm-none-eabi/10.3.1/../../../../arm-none-eabi/lib/thumb/v7-m/nofp\libg.a(lib_a-signal.o)
                0x0800f458                raise
 .text._kill_r  0x0800f4b4       0x28 d:/gcc-arm-none-eabi/bin/../lib/gcc/arm-none-eabi/10.3.1/../../../../arm-none-eabi/lib/thumb/v7-m/nofp\libg.a(lib_a-signalr.o)
                0x0800f4b4                _kill_r
 .text._getpid_r
                0x0800f4dc        0x4 d:/gcc-arm-none-eabi/bin/../lib/gcc/arm-none-eabi/10.3.1/../../../../arm-none-eabi/lib/thumb/v7-m/nofp\libg.a(lib_a-signalr.o)
                0x0800f4dc                _getpid_r
 .text.asinf    0x0800f4e0       0x40 d:/gcc-arm-none-eabi/bin/../lib/gcc/arm-none-eabi/10.3.1/../../../../arm-none-eabi/lib/thumb/v7-m/nofp\libm.a(lib_a-wf_asin.o)
                0x0800f4e0                asinf
 .text.atan2f   0x0800f520        0x4 d:/gcc-arm-none-eabi/bin/../lib/gcc/arm-none-eabi/10.3.1/../../../../arm-none-eabi/lib/thumb/v7-m/nofp\libm.a(lib_a-wf_atan2.o)
                0x0800f520                atan2f
 .text.__ieee754_asinf
                0x0800f524      0x29c d:/gcc-arm-none-eabi/bin/../lib/gcc/arm-none-eabi/10.3.1/../../../../arm-none-eabi/lib/thumb/v7-m/nofp\libm.a(lib_a-ef_asin.o)
                0x0800f524                __ieee754_asinf
 .text.__ieee754_atan2f
                0x0800f7c0      0x110 d:/gcc-arm-none-eabi/bin/../lib/gcc/arm-none-eabi/10.3.1/../../../../arm-none-eabi/lib/thumb/v7-m/nofp\libm.a(lib_a-ef_atan2.o)
                0x0800f7c0                __ieee754_atan2f
 .text.__ieee754_sqrtf
                0x0800f8d0       0xb0 d:/gcc-arm-none-eabi/bin/../lib/gcc/arm-none-eabi/10.3.1/../../../../arm-none-eabi/lib/thumb/v7-m/nofp\libm.a(lib_a-ef_sqrt.o)
                0x0800f8d0                __ieee754_sqrtf
 .text.atanf    0x0800f980      0x214 d:/gcc-arm-none-eabi/bin/../lib/gcc/arm-none-eabi/10.3.1/../../../../arm-none-eabi/lib/thumb/v7-m/nofp\libm.a(lib_a-sf_atan.o)
                0x0800f980                atanf
 .text.fabsf    0x0800fb94        0x8 d:/gcc-arm-none-eabi/bin/../lib/gcc/arm-none-eabi/10.3.1/../../../../arm-none-eabi/lib/thumb/v7-m/nofp\libm.a(lib_a-sf_fabs.o)
                0x0800fb94                fabsf
 .text.nanf     0x0800fb9c        0x8 d:/gcc-arm-none-eabi/bin/../lib/gcc/arm-none-eabi/10.3.1/../../../../arm-none-eabi/lib/thumb/v7-m/nofp\libm.a(lib_a-sf_nan.o)
                0x0800fb9c                nanf
 *(.glue_7)
 .glue_7        0x0800fba4        0x0 linker stubs
 *(.glue_7t)
 .glue_7t       0x0800fba4        0x0 linker stubs
 *(.eh_frame)
 .eh_frame      0x0800fba4        0x0 d:/gcc-arm-none-eabi/bin/../lib/gcc/arm-none-eabi/10.3.1/thumb/v7-m/nofp/crtbegin.o
 *(.init)
 .init          0x0800fba4        0x4 d:/gcc-arm-none-eabi/bin/../lib/gcc/arm-none-eabi/10.3.1/thumb/v7-m/nofp/crti.o
                0x0800fba4                _init
 .init          0x0800fba8        0x8 d:/gcc-arm-none-eabi/bin/../lib/gcc/arm-none-eabi/10.3.1/thumb/v7-m/nofp/crtn.o
 *(.fini)
 .fini          0x0800fbb0        0x4 d:/gcc-arm-none-eabi/bin/../lib/gcc/arm-none-eabi/10.3.1/thumb/v7-m/nofp/crti.o
                0x0800fbb0                _fini
 .fini          0x0800fbb4        0x8 d:/gcc-arm-none-eabi/bin/../lib/gcc/arm-none-eabi/10.3.1/thumb/v7-m/nofp/crtn.o
                0x0800fbbc                . = ALIGN (0x4)
                0x0800fbbc                _etext = .

.vfp11_veneer   0x0800fbbc        0x0
 .vfp11_veneer  0x0800fbbc        0x0 linker stubs

.v4_bx          0x0800fbbc        0x0
 .v4_bx         0x0800fbbc        0x0 linker stubs

.iplt           0x0800fbbc        0x0
 .iplt          0x0800fbbc        0x0 d:/gcc-arm-none-eabi/bin/../lib/gcc/arm-none-eabi/10.3.1/thumb/v7-m/nofp/crtbegin.o

.rodata         0x0800fbc0      0xa6c
                0x0800fbc0                . = ALIGN (0x4)
 *(.rodata)
 *(.rodata*)
 .rodata.HAL_RCC_GetSysClockFreq.str1.4
                0x0800fbc0       0x11 CMakeFiles/debugger-code.elf.dir/Drivers/STM32F1xx_HAL_Driver/Src/stm32f1xx_hal_rcc.c.obj
 *fill*         0x0800fbd1        0x3 
 .rodata.Font_6_12
                0x0800fbd4      0x474 CMakeFiles/debugger-code.elf.dir/GUI/gui_base.c.obj
                0x0800fbd4                Font_6_12
 .rodata.gui_button_update.str1.4
                0x08010048        0x3 CMakeFiles/debugger-code.elf.dir/GUI/gui_button.c.obj
 .rodata.gui_label_update.str1.4
                0x0801004b        0x3 CMakeFiles/debugger-code.elf.dir/GUI/gui_label.c.obj
 *fill*         0x0801004b        0x1 
 .rodata.CanId_Form_Init.str1.4
                0x0801004c       0x15 CMakeFiles/debugger-code.elf.dir/forms/canid_forms.c.obj
 *fill*         0x08010061        0x3 
 .rodata.Dail_Form_Init.str1.4
                0x08010064       0x1d CMakeFiles/debugger-code.elf.dir/forms/dail_forms.c.obj
                                 0x29 (size before relaxing)
 *fill*         0x08010081        0x3 
 .rodata.Imu_Form_Init.str1.4
                0x08010084       0x17 CMakeFiles/debugger-code.elf.dir/forms/imu_forms.c.obj
                                 0x23 (size before relaxing)
 *fill*         0x0801009b        0x1 
 .rodata.Imu_Form_Load.str1.4
                0x0801009c       0x16 CMakeFiles/debugger-code.elf.dir/forms/imu_forms.c.obj
 *fill*         0x080100b2        0x2 
 .rodata.main_Form_Init.str1.4
                0x080100b4       0x2a CMakeFiles/debugger-code.elf.dir/forms/main_forms.c.obj
 .rodata.main_Form_Load.str1.4
                0x080100de        0x3 CMakeFiles/debugger-code.elf.dir/forms/main_forms.c.obj
 *fill*         0x080100de        0x2 
 .rodata.Motor_Form_Init.str1.4
                0x080100e0       0x11 CMakeFiles/debugger-code.elf.dir/forms/motor_forms.c.obj
                                 0x1d (size before relaxing)
 *fill*         0x080100f1        0x3 
 .rodata.Motor_Form_Load.str1.4
                0x080100f4        0x6 CMakeFiles/debugger-code.elf.dir/forms/motor_forms.c.obj
 *fill*         0x080100fa        0x2 
 .rodata.Suscap_Debuger_Show_Init.str1.4
                0x080100fc       0x2e CMakeFiles/debugger-code.elf.dir/forms/suscap_debuger_forms.c.obj
                                 0x3a (size before relaxing)
 *fill*         0x0801012a        0x2 
 .rodata.Usart_Form_Init.str1.4
                0x0801012c       0x72 CMakeFiles/debugger-code.elf.dir/forms/usart_forms.c.obj
                                 0x7d (size before relaxing)
 *fill*         0x0801019e        0x2 
 .rodata.HAL_UART_RxCpltCallback.str1.4
                0x080101a0       0x19 CMakeFiles/debugger-code.elf.dir/hardwares/usart.c.obj
 *fill*         0x080101b9        0x3 
 .rodata.main.str1.4
                0x080101bc        0x7 CMakeFiles/debugger-code.elf.dir/system/main.c.obj
 *fill*         0x080101c3        0x1 
 .rodata.AHBPrescTable
                0x080101c4       0x10 CMakeFiles/debugger-code.elf.dir/system/system_stm32f1xx.c.obj
                0x080101c4                AHBPrescTable
 .rodata.APBPrescTable
                0x080101d4        0x8 CMakeFiles/debugger-code.elf.dir/system/system_stm32f1xx.c.obj
                0x080101d4                APBPrescTable
 .rodata._global_impure_ptr
                0x080101dc        0x4 d:/gcc-arm-none-eabi/bin/../lib/gcc/arm-none-eabi/10.3.1/../../../../arm-none-eabi/lib/thumb/v7-m/nofp\libg.a(lib_a-impure.o)
                0x080101dc                _global_impure_ptr
 .rodata._vfprintf_r.str1.4
                0x080101e0       0x3f d:/gcc-arm-none-eabi/bin/../lib/gcc/arm-none-eabi/10.3.1/../../../../arm-none-eabi/lib/thumb/v7-m/nofp\libg.a(lib_a-vfprintf.o)
                                 0x42 (size before relaxing)
 *fill*         0x0801021f        0x1 
 .rodata.blanks.1
                0x08010220       0x10 d:/gcc-arm-none-eabi/bin/../lib/gcc/arm-none-eabi/10.3.1/../../../../arm-none-eabi/lib/thumb/v7-m/nofp\libg.a(lib_a-vfprintf.o)
 .rodata.zeroes.0
                0x08010230       0x10 d:/gcc-arm-none-eabi/bin/../lib/gcc/arm-none-eabi/10.3.1/../../../../arm-none-eabi/lib/thumb/v7-m/nofp\libg.a(lib_a-vfprintf.o)
 .rodata._dtoa_r.str1.4
                0x08010240       0xa2 d:/gcc-arm-none-eabi/bin/../lib/gcc/arm-none-eabi/10.3.1/../../../../arm-none-eabi/lib/thumb/v7-m/nofp\libg.a(lib_a-dtoa.o)
                                 0xa6 (size before relaxing)
 *fill*         0x080102e2        0x2 
 .rodata.__multadd.str1.4
                0x080102e4       0x7f d:/gcc-arm-none-eabi/bin/../lib/gcc/arm-none-eabi/10.3.1/../../../../arm-none-eabi/lib/thumb/v7-m/nofp\libg.a(lib_a-mprec.o)
                                 0x93 (size before relaxing)
 *fill*         0x08010363        0x5 
 .rodata.__mprec_bigtens
                0x08010368       0x28 d:/gcc-arm-none-eabi/bin/../lib/gcc/arm-none-eabi/10.3.1/../../../../arm-none-eabi/lib/thumb/v7-m/nofp\libg.a(lib_a-mprec.o)
                0x08010368                __mprec_bigtens
 .rodata.__mprec_tens
                0x08010390       0xc8 d:/gcc-arm-none-eabi/bin/../lib/gcc/arm-none-eabi/10.3.1/../../../../arm-none-eabi/lib/thumb/v7-m/nofp\libg.a(lib_a-mprec.o)
                0x08010390                __mprec_tens
 .rodata.p05.0  0x08010458        0xc d:/gcc-arm-none-eabi/bin/../lib/gcc/arm-none-eabi/10.3.1/../../../../arm-none-eabi/lib/thumb/v7-m/nofp\libg.a(lib_a-mprec.o)
 .rodata._svfprintf_r.str1.4
                0x08010464       0x42 d:/gcc-arm-none-eabi/bin/../lib/gcc/arm-none-eabi/10.3.1/../../../../arm-none-eabi/lib/thumb/v7-m/nofp\libg.a(lib_a-svfprintf.o)
 .rodata.blanks.1
                0x08010464       0x10 d:/gcc-arm-none-eabi/bin/../lib/gcc/arm-none-eabi/10.3.1/../../../../arm-none-eabi/lib/thumb/v7-m/nofp\libg.a(lib_a-svfprintf.o)
 .rodata.zeroes.0
                0x08010474       0x10 d:/gcc-arm-none-eabi/bin/../lib/gcc/arm-none-eabi/10.3.1/../../../../arm-none-eabi/lib/thumb/v7-m/nofp\libg.a(lib_a-svfprintf.o)
 .rodata._vfiprintf_r.str1.4
                0x08010484       0x2f d:/gcc-arm-none-eabi/bin/../lib/gcc/arm-none-eabi/10.3.1/../../../../arm-none-eabi/lib/thumb/v7-m/nofp\libg.a(lib_a-vfiprintf.o)
 .rodata.blanks.1
                0x08010484       0x10 d:/gcc-arm-none-eabi/bin/../lib/gcc/arm-none-eabi/10.3.1/../../../../arm-none-eabi/lib/thumb/v7-m/nofp\libg.a(lib_a-vfiprintf.o)
 .rodata.zeroes.0
                0x08010494       0x10 d:/gcc-arm-none-eabi/bin/../lib/gcc/arm-none-eabi/10.3.1/../../../../arm-none-eabi/lib/thumb/v7-m/nofp\libg.a(lib_a-vfiprintf.o)
 .rodata.__assert_func.str1.4
                0x080104a4       0x3f d:/gcc-arm-none-eabi/bin/../lib/gcc/arm-none-eabi/10.3.1/../../../../arm-none-eabi/lib/thumb/v7-m/nofp\libg.a(lib_a-assert.o)
                                 0x43 (size before relaxing)
 *fill*         0x080104e3        0x1 
 .rodata._setlocale_r.str1.4
                0x080104e4        0xa d:/gcc-arm-none-eabi/bin/../lib/gcc/arm-none-eabi/10.3.1/../../../../arm-none-eabi/lib/thumb/v7-m/nofp\libg.a(lib_a-locale.o)
                                  0xd (size before relaxing)
 .rodata.str1.4
                0x080104ee        0xa d:/gcc-arm-none-eabi/bin/../lib/gcc/arm-none-eabi/10.3.1/../../../../arm-none-eabi/lib/thumb/v7-m/nofp\libg.a(lib_a-locale.o)
                                  0x2 (size before relaxing)
 *fill*         0x080104ee        0x2 
 .rodata._ctype_
                0x080104f0      0x101 d:/gcc-arm-none-eabi/bin/../lib/gcc/arm-none-eabi/10.3.1/../../../../arm-none-eabi/lib/thumb/v7-m/nofp\libg.a(lib_a-ctype_.o)
                0x080104f0                _ctype_
 .rodata.asinf.str1.4
                0x080105f1        0x1 d:/gcc-arm-none-eabi/bin/../lib/gcc/arm-none-eabi/10.3.1/../../../../arm-none-eabi/lib/thumb/v7-m/nofp\libm.a(lib_a-wf_asin.o)
 *fill*         0x080105f1        0x3 
 .rodata.CSWTCH.8
                0x080105f4        0xc d:/gcc-arm-none-eabi/bin/../lib/gcc/arm-none-eabi/10.3.1/../../../../arm-none-eabi/lib/thumb/v7-m/nofp\libm.a(lib_a-ef_atan2.o)
 .rodata.CSWTCH.9
                0x08010600        0xc d:/gcc-arm-none-eabi/bin/../lib/gcc/arm-none-eabi/10.3.1/../../../../arm-none-eabi/lib/thumb/v7-m/nofp\libm.a(lib_a-ef_atan2.o)
 .rodata.atanhi
                0x0801060c       0x10 d:/gcc-arm-none-eabi/bin/../lib/gcc/arm-none-eabi/10.3.1/../../../../arm-none-eabi/lib/thumb/v7-m/nofp\libm.a(lib_a-sf_atan.o)
 .rodata.atanlo
                0x0801061c       0x10 d:/gcc-arm-none-eabi/bin/../lib/gcc/arm-none-eabi/10.3.1/../../../../arm-none-eabi/lib/thumb/v7-m/nofp\libm.a(lib_a-sf_atan.o)
                0x0801062c                . = ALIGN (0x4)

.ARM.extab      0x0801062c        0x0
                0x0801062c                . = ALIGN (0x4)
 *(.ARM.extab* .gnu.linkonce.armextab.*)
                0x0801062c                . = ALIGN (0x4)

.ARM            0x0801062c        0x8
                0x0801062c                . = ALIGN (0x4)
                0x0801062c                __exidx_start = .
 *(.ARM.exidx*)
 .ARM.exidx     0x0801062c        0x8 d:/gcc-arm-none-eabi/bin/../lib/gcc/arm-none-eabi/10.3.1/thumb/v7-m/nofp\libgcc.a(_udivmoddi4.o)
                0x08010634                __exidx_end = .
                0x08010634                . = ALIGN (0x4)

.rel.dyn        0x08010634        0x0
 .rel.iplt      0x08010634        0x0 d:/gcc-arm-none-eabi/bin/../lib/gcc/arm-none-eabi/10.3.1/thumb/v7-m/nofp/crtbegin.o

.preinit_array  0x08010634        0x0
                0x08010634                . = ALIGN (0x4)
                0x08010634                PROVIDE (__preinit_array_start = .)
 *(.preinit_array*)
                0x08010634                PROVIDE (__preinit_array_end = .)
                0x08010634                . = ALIGN (0x4)

.init_array     0x08010634        0x8
                0x08010634                . = ALIGN (0x4)
                0x08010634                PROVIDE (__init_array_start = .)
 *(SORT_BY_NAME(.init_array.*))
 .init_array.00000
                0x08010634        0x4 d:/gcc-arm-none-eabi/bin/../lib/gcc/arm-none-eabi/10.3.1/../../../../arm-none-eabi/lib/thumb/v7-m/nofp\libg.a(lib_a-__call_atexit.o)
 *(.init_array*)
 .init_array    0x08010638        0x4 d:/gcc-arm-none-eabi/bin/../lib/gcc/arm-none-eabi/10.3.1/thumb/v7-m/nofp/crtbegin.o
                0x0801063c                PROVIDE (__init_array_end = .)
                0x0801063c                . = ALIGN (0x4)

.fini_array     0x0801063c        0x4
                0x0801063c                . = ALIGN (0x4)
                0x0801063c                PROVIDE (__fini_array_start = .)
 *(SORT_BY_NAME(.fini_array.*))
 *(.fini_array*)
 .fini_array    0x0801063c        0x4 d:/gcc-arm-none-eabi/bin/../lib/gcc/arm-none-eabi/10.3.1/thumb/v7-m/nofp/crtbegin.o
                0x08010640                PROVIDE (__fini_array_end = .)
                0x08010640                . = ALIGN (0x4)
                0x08010640                _sidata = LOADADDR (.data)

.data           0x20000000      0x9c8 load address 0x08010640
                0x20000000                . = ALIGN (0x4)
                0x20000000                _sdata = .
 *(.data)
 *(.data*)
 .data.accel_sen
                0x20000000        0x4 CMakeFiles/debugger-code.elf.dir/BMI088/BMI1088_show.c.obj
                0x20000000                accel_sen
 .data.gyro_sen
                0x20000004        0x4 CMakeFiles/debugger-code.elf.dir/BMI088/BMI1088_show.c.obj
                0x20000004                gyro_sen
 .data.twoKp    0x20000008        0x4 CMakeFiles/debugger-code.elf.dir/BMI088/MahonyAHRS.c.obj
                0x20000008                twoKp
 .data.uwTickFreq
                0x2000000c        0x1 CMakeFiles/debugger-code.elf.dir/Drivers/STM32F1xx_HAL_Driver/Src/stm32f1xx_hal.c.obj
                0x2000000c                uwTickFreq
 *fill*         0x2000000d        0x3 
 .data.uwTickPrio
                0x20000010        0x4 CMakeFiles/debugger-code.elf.dir/Drivers/STM32F1xx_HAL_Driver/Src/stm32f1xx_hal.c.obj
                0x20000010                uwTickPrio
 .data.set_speed
                0x20000014        0x2 CMakeFiles/debugger-code.elf.dir/forms/dail_forms.c.obj
                0x20000014                set_speed
 *fill*         0x20000016        0x2 
 .data.SystemCoreClock
                0x20000018        0x4 CMakeFiles/debugger-code.elf.dir/system/system_stm32f1xx.c.obj
                0x20000018                SystemCoreClock
 .data._impure_ptr
                0x2000001c        0x4 d:/gcc-arm-none-eabi/bin/../lib/gcc/arm-none-eabi/10.3.1/../../../../arm-none-eabi/lib/thumb/v7-m/nofp\libg.a(lib_a-impure.o)
                0x2000001c                _impure_ptr
 .data.impure_data
                0x20000020      0x428 d:/gcc-arm-none-eabi/bin/../lib/gcc/arm-none-eabi/10.3.1/../../../../arm-none-eabi/lib/thumb/v7-m/nofp\libg.a(lib_a-impure.o)
 .data.__atexit_recursive_mutex
                0x20000448        0x4 d:/gcc-arm-none-eabi/bin/../lib/gcc/arm-none-eabi/10.3.1/../../../../arm-none-eabi/lib/thumb/v7-m/nofp\libg.a(lib_a-__call_atexit.o)
                0x20000448                __atexit_recursive_mutex
 .data.__malloc_av_
                0x2000044c      0x408 d:/gcc-arm-none-eabi/bin/../lib/gcc/arm-none-eabi/10.3.1/../../../../arm-none-eabi/lib/thumb/v7-m/nofp\libg.a(lib_a-mallocr.o)
                0x2000044c                __malloc_av_
 .data.__malloc_sbrk_base
                0x20000854        0x4 d:/gcc-arm-none-eabi/bin/../lib/gcc/arm-none-eabi/10.3.1/../../../../arm-none-eabi/lib/thumb/v7-m/nofp\libg.a(lib_a-mallocr.o)
                0x20000854                __malloc_sbrk_base
 .data.__malloc_trim_threshold
                0x20000858        0x4 d:/gcc-arm-none-eabi/bin/../lib/gcc/arm-none-eabi/10.3.1/../../../../arm-none-eabi/lib/thumb/v7-m/nofp\libg.a(lib_a-mallocr.o)
                0x20000858                __malloc_trim_threshold
 .data.__global_locale
                0x2000085c      0x16c d:/gcc-arm-none-eabi/bin/../lib/gcc/arm-none-eabi/10.3.1/../../../../arm-none-eabi/lib/thumb/v7-m/nofp\libg.a(lib_a-locale.o)
                0x2000085c                __global_locale
 *(.RamFunc)
 *(.RamFunc*)
                0x200009c8                . = ALIGN (0x4)
                0x200009c8                _edata = .

.igot.plt       0x200009c8        0x0 load address 0x08011008
 .igot.plt      0x200009c8        0x0 d:/gcc-arm-none-eabi/bin/../lib/gcc/arm-none-eabi/10.3.1/thumb/v7-m/nofp/crtbegin.o
                0x200009c8                . = ALIGN (0x4)

.bss            0x200009c8     0xaad0 load address 0x08011008
                0x200009c8                _sbss = .
                0x200009c8                __bss_start__ = _sbss
 *(.bss)
 .bss           0x200009c8       0x1c d:/gcc-arm-none-eabi/bin/../lib/gcc/arm-none-eabi/10.3.1/thumb/v7-m/nofp/crtbegin.o
 *(.bss*)
 *fill*         0x200009e4        0x4 
 .bss.imu_data  0x200009e8       0x30 CMakeFiles/debugger-code.elf.dir/BMI088/BMI1088_show.c.obj
                0x200009e8                imu_data
 .bss.integralFBx
                0x20000a18        0x4 CMakeFiles/debugger-code.elf.dir/BMI088/MahonyAHRS.c.obj
                0x20000a18                integralFBx
 .bss.integralFBy
                0x20000a1c        0x4 CMakeFiles/debugger-code.elf.dir/BMI088/MahonyAHRS.c.obj
                0x20000a1c                integralFBy
 .bss.integralFBz
                0x20000a20        0x4 CMakeFiles/debugger-code.elf.dir/BMI088/MahonyAHRS.c.obj
                0x20000a20                integralFBz
 .bss.twoKi     0x20000a24        0x4 CMakeFiles/debugger-code.elf.dir/BMI088/MahonyAHRS.c.obj
                0x20000a24                twoKi
 .bss.uwTick    0x20000a28        0x4 CMakeFiles/debugger-code.elf.dir/Drivers/STM32F1xx_HAL_Driver/Src/stm32f1xx_hal.c.obj
                0x20000a28                uwTick
 .bss.lcd_buffer
                0x20000a2c     0xa488 CMakeFiles/debugger-code.elf.dir/GUI/gui_base.c.obj
                0x20000a2c                lcd_buffer
 .bss.button_Imu_CanId
                0x2000aeb4       0x14 CMakeFiles/debugger-code.elf.dir/forms/canid_forms.c.obj
                0x2000aeb4                button_Imu_CanId
 .bss.button_Motor_CanId